<?xml version="1.0" encoding="ISO-8859-1" ?>
<link_info>
   <banner>TMS320C2000 Linker PC v25.11.0.LTS</banner>
   <copyright>Copyright (c) 1996-2018 Texas Instruments Incorporated</copyright>
   <command_line>C:\ti\ccs2051\ccs\tools\compiler\ti-cgt-c2000_25.11.0.LTS\bin\lnk2000.exe -lC:\\Users\\vibar\\AppData\\Local\\Temp\\{7B6360F5-3FB2-43C7-AFB8-6C6C6CB18701}</command_line>
   <link_time>0x6a4c68d8</link_time>
   <link_errors>0x0</link_errors>
   <output_file>F:\Dev\Cpp_Lib_For_PSIM\Projetos\Proj-micro\Tarefas\DSP\PROJETO-CTRL-BLDC-EEE614\CPU1_RAM\PROJETO-CTRL-BLDC-EEE614.out</output_file>
   <entry_point>
      <name>_c_int00</name>
      <address>0x87a5</address>
   </entry_point>
   <input_file_list>
      <input_file id="fl-2">
         <path>F:\Dev\Cpp_Lib_For_PSIM\Projetos\Proj-micro\Tarefas\DSP\PROJETO-CTRL-BLDC-EEE614\CPU1_RAM\.\</path>
         <kind>object</kind>
         <file>main.obj</file>
         <name>main.obj</name>
      </input_file>
      <input_file id="fl-3">
         <path>F:\Dev\Cpp_Lib_For_PSIM\Projetos\Proj-micro\Tarefas\DSP\PROJETO-CTRL-BLDC-EEE614\CPU1_RAM\.\TI\</path>
         <kind>object</kind>
         <file>F2837xD_Adc.obj</file>
         <name>F2837xD_Adc.obj</name>
      </input_file>
      <input_file id="fl-4">
         <path>F:\Dev\Cpp_Lib_For_PSIM\Projetos\Proj-micro\Tarefas\DSP\PROJETO-CTRL-BLDC-EEE614\CPU1_RAM\.\TI\</path>
         <kind>object</kind>
         <file>F2837xD_CodeStartBranch.obj</file>
         <name>F2837xD_CodeStartBranch.obj</name>
      </input_file>
      <input_file id="fl-5">
         <path>F:\Dev\Cpp_Lib_For_PSIM\Projetos\Proj-micro\Tarefas\DSP\PROJETO-CTRL-BLDC-EEE614\CPU1_RAM\.\TI\</path>
         <kind>object</kind>
         <file>F2837xD_CpuTimers.obj</file>
         <name>F2837xD_CpuTimers.obj</name>
      </input_file>
      <input_file id="fl-6">
         <path>F:\Dev\Cpp_Lib_For_PSIM\Projetos\Proj-micro\Tarefas\DSP\PROJETO-CTRL-BLDC-EEE614\CPU1_RAM\.\TI\</path>
         <kind>object</kind>
         <file>F2837xD_DBGIER.obj</file>
         <name>F2837xD_DBGIER.obj</name>
      </input_file>
      <input_file id="fl-7">
         <path>F:\Dev\Cpp_Lib_For_PSIM\Projetos\Proj-micro\Tarefas\DSP\PROJETO-CTRL-BLDC-EEE614\CPU1_RAM\.\TI\</path>
         <kind>object</kind>
         <file>F2837xD_DefaultISR.obj</file>
         <name>F2837xD_DefaultISR.obj</name>
      </input_file>
      <input_file id="fl-8">
         <path>F:\Dev\Cpp_Lib_For_PSIM\Projetos\Proj-micro\Tarefas\DSP\PROJETO-CTRL-BLDC-EEE614\CPU1_RAM\.\TI\</path>
         <kind>object</kind>
         <file>F2837xD_Dma.obj</file>
         <name>F2837xD_Dma.obj</name>
      </input_file>
      <input_file id="fl-9">
         <path>F:\Dev\Cpp_Lib_For_PSIM\Projetos\Proj-micro\Tarefas\DSP\PROJETO-CTRL-BLDC-EEE614\CPU1_RAM\.\TI\</path>
         <kind>object</kind>
         <file>F2837xD_ECap.obj</file>
         <name>F2837xD_ECap.obj</name>
      </input_file>
      <input_file id="fl-a">
         <path>F:\Dev\Cpp_Lib_For_PSIM\Projetos\Proj-micro\Tarefas\DSP\PROJETO-CTRL-BLDC-EEE614\CPU1_RAM\.\TI\</path>
         <kind>object</kind>
         <file>F2837xD_EPwm.obj</file>
         <name>F2837xD_EPwm.obj</name>
      </input_file>
      <input_file id="fl-b">
         <path>F:\Dev\Cpp_Lib_For_PSIM\Projetos\Proj-micro\Tarefas\DSP\PROJETO-CTRL-BLDC-EEE614\CPU1_RAM\.\TI\</path>
         <kind>object</kind>
         <file>F2837xD_EQep.obj</file>
         <name>F2837xD_EQep.obj</name>
      </input_file>
      <input_file id="fl-c">
         <path>F:\Dev\Cpp_Lib_For_PSIM\Projetos\Proj-micro\Tarefas\DSP\PROJETO-CTRL-BLDC-EEE614\CPU1_RAM\.\TI\</path>
         <kind>object</kind>
         <file>F2837xD_Emif.obj</file>
         <name>F2837xD_Emif.obj</name>
      </input_file>
      <input_file id="fl-d">
         <path>F:\Dev\Cpp_Lib_For_PSIM\Projetos\Proj-micro\Tarefas\DSP\PROJETO-CTRL-BLDC-EEE614\CPU1_RAM\.\TI\</path>
         <kind>object</kind>
         <file>F2837xD_GlobalVariableDefs.obj</file>
         <name>F2837xD_GlobalVariableDefs.obj</name>
      </input_file>
      <input_file id="fl-e">
         <path>F:\Dev\Cpp_Lib_For_PSIM\Projetos\Proj-micro\Tarefas\DSP\PROJETO-CTRL-BLDC-EEE614\CPU1_RAM\.\TI\</path>
         <kind>object</kind>
         <file>F2837xD_Gpio.obj</file>
         <name>F2837xD_Gpio.obj</name>
      </input_file>
      <input_file id="fl-f">
         <path>F:\Dev\Cpp_Lib_For_PSIM\Projetos\Proj-micro\Tarefas\DSP\PROJETO-CTRL-BLDC-EEE614\CPU1_RAM\.\TI\</path>
         <kind>object</kind>
         <file>F2837xD_I2C.obj</file>
         <name>F2837xD_I2C.obj</name>
      </input_file>
      <input_file id="fl-10">
         <path>F:\Dev\Cpp_Lib_For_PSIM\Projetos\Proj-micro\Tarefas\DSP\PROJETO-CTRL-BLDC-EEE614\CPU1_RAM\.\TI\</path>
         <kind>object</kind>
         <file>F2837xD_Ipc.obj</file>
         <name>F2837xD_Ipc.obj</name>
      </input_file>
      <input_file id="fl-11">
         <path>F:\Dev\Cpp_Lib_For_PSIM\Projetos\Proj-micro\Tarefas\DSP\PROJETO-CTRL-BLDC-EEE614\CPU1_RAM\.\TI\</path>
         <kind>object</kind>
         <file>F2837xD_Ipc_Driver.obj</file>
         <name>F2837xD_Ipc_Driver.obj</name>
      </input_file>
      <input_file id="fl-12">
         <path>F:\Dev\Cpp_Lib_For_PSIM\Projetos\Proj-micro\Tarefas\DSP\PROJETO-CTRL-BLDC-EEE614\CPU1_RAM\.\TI\</path>
         <kind>object</kind>
         <file>F2837xD_Ipc_Driver_Lite.obj</file>
         <name>F2837xD_Ipc_Driver_Lite.obj</name>
      </input_file>
      <input_file id="fl-13">
         <path>F:\Dev\Cpp_Lib_For_PSIM\Projetos\Proj-micro\Tarefas\DSP\PROJETO-CTRL-BLDC-EEE614\CPU1_RAM\.\TI\</path>
         <kind>object</kind>
         <file>F2837xD_Ipc_Driver_Util.obj</file>
         <name>F2837xD_Ipc_Driver_Util.obj</name>
      </input_file>
      <input_file id="fl-14">
         <path>F:\Dev\Cpp_Lib_For_PSIM\Projetos\Proj-micro\Tarefas\DSP\PROJETO-CTRL-BLDC-EEE614\CPU1_RAM\.\TI\</path>
         <kind>object</kind>
         <file>F2837xD_Mcbsp.obj</file>
         <name>F2837xD_Mcbsp.obj</name>
      </input_file>
      <input_file id="fl-15">
         <path>F:\Dev\Cpp_Lib_For_PSIM\Projetos\Proj-micro\Tarefas\DSP\PROJETO-CTRL-BLDC-EEE614\CPU1_RAM\.\TI\</path>
         <kind>object</kind>
         <file>F2837xD_PieCtrl.obj</file>
         <name>F2837xD_PieCtrl.obj</name>
      </input_file>
      <input_file id="fl-16">
         <path>F:\Dev\Cpp_Lib_For_PSIM\Projetos\Proj-micro\Tarefas\DSP\PROJETO-CTRL-BLDC-EEE614\CPU1_RAM\.\TI\</path>
         <kind>object</kind>
         <file>F2837xD_PieVect.obj</file>
         <name>F2837xD_PieVect.obj</name>
      </input_file>
      <input_file id="fl-17">
         <path>F:\Dev\Cpp_Lib_For_PSIM\Projetos\Proj-micro\Tarefas\DSP\PROJETO-CTRL-BLDC-EEE614\CPU1_RAM\.\TI\</path>
         <kind>object</kind>
         <file>F2837xD_Sci.obj</file>
         <name>F2837xD_Sci.obj</name>
      </input_file>
      <input_file id="fl-18">
         <path>F:\Dev\Cpp_Lib_For_PSIM\Projetos\Proj-micro\Tarefas\DSP\PROJETO-CTRL-BLDC-EEE614\CPU1_RAM\.\TI\</path>
         <kind>object</kind>
         <file>F2837xD_Spi.obj</file>
         <name>F2837xD_Spi.obj</name>
      </input_file>
      <input_file id="fl-19">
         <path>F:\Dev\Cpp_Lib_For_PSIM\Projetos\Proj-micro\Tarefas\DSP\PROJETO-CTRL-BLDC-EEE614\CPU1_RAM\.\TI\</path>
         <kind>object</kind>
         <file>F2837xD_SysCtrl.obj</file>
         <name>F2837xD_SysCtrl.obj</name>
      </input_file>
      <input_file id="fl-1a">
         <path>F:\Dev\Cpp_Lib_For_PSIM\Projetos\Proj-micro\Tarefas\DSP\PROJETO-CTRL-BLDC-EEE614\CPU1_RAM\.\TI\</path>
         <kind>object</kind>
         <file>F2837xD_TempSensorConv.obj</file>
         <name>F2837xD_TempSensorConv.obj</name>
      </input_file>
      <input_file id="fl-1b">
         <path>F:\Dev\Cpp_Lib_For_PSIM\Projetos\Proj-micro\Tarefas\DSP\PROJETO-CTRL-BLDC-EEE614\CPU1_RAM\.\TI\</path>
         <kind>object</kind>
         <file>F2837xD_Upp.obj</file>
         <name>F2837xD_Upp.obj</name>
      </input_file>
      <input_file id="fl-1c">
         <path>F:\Dev\Cpp_Lib_For_PSIM\Projetos\Proj-micro\Tarefas\DSP\PROJETO-CTRL-BLDC-EEE614\CPU1_RAM\.\TI\</path>
         <kind>object</kind>
         <file>F2837xD_can.obj</file>
         <name>F2837xD_can.obj</name>
      </input_file>
      <input_file id="fl-1d">
         <path>F:\Dev\Cpp_Lib_For_PSIM\Projetos\Proj-micro\Tarefas\DSP\PROJETO-CTRL-BLDC-EEE614\CPU1_RAM\.\TI\</path>
         <kind>object</kind>
         <file>F2837xD_sci_io.obj</file>
         <name>F2837xD_sci_io.obj</name>
      </input_file>
      <input_file id="fl-1e">
         <path>F:\Dev\Cpp_Lib_For_PSIM\Projetos\Proj-micro\Tarefas\DSP\PROJETO-CTRL-BLDC-EEE614\CPU1_RAM\.\TI\</path>
         <kind>object</kind>
         <file>F2837xD_sdfm_drivers.obj</file>
         <name>F2837xD_sdfm_drivers.obj</name>
      </input_file>
      <input_file id="fl-1f">
         <path>F:\Dev\Cpp_Lib_For_PSIM\Projetos\Proj-micro\Tarefas\DSP\PROJETO-CTRL-BLDC-EEE614\CPU1_RAM\.\TI\</path>
         <kind>object</kind>
         <file>F2837xD_struct.obj</file>
         <name>F2837xD_struct.obj</name>
      </input_file>
      <input_file id="fl-20">
         <path>F:\Dev\Cpp_Lib_For_PSIM\Projetos\Proj-micro\Tarefas\DSP\PROJETO-CTRL-BLDC-EEE614\CPU1_RAM\.\TI\</path>
         <kind>object</kind>
         <file>F2837xD_usDelay.obj</file>
         <name>F2837xD_usDelay.obj</name>
      </input_file>
      <input_file id="fl-21">
         <path>F:\Dev\Cpp_Lib_For_PSIM\Projetos\Proj-micro\Tarefas\DSP\PROJETO-CTRL-BLDC-EEE614\CPU1_RAM\.\source\</path>
         <kind>object</kind>
         <file>BLDCDriveAndControlProject.obj</file>
         <name>BLDCDriveAndControlProject.obj</name>
      </input_file>
      <input_file id="fl-22">
         <path>F:\Dev\Cpp_Lib_For_PSIM\Projetos\Proj-micro\Tarefas\DSP\PROJETO-CTRL-BLDC-EEE614\CPU1_RAM\.\source\</path>
         <kind>object</kind>
         <file>BLDC_basis.obj</file>
         <name>BLDC_basis.obj</name>
      </input_file>
      <input_file id="fl-23">
         <path>F:\Dev\Cpp_Lib_For_PSIM\Projetos\Proj-micro\Tarefas\DSP\PROJETO-CTRL-BLDC-EEE614\CPU1_RAM\.\source\</path>
         <kind>object</kind>
         <file>control_logics.obj</file>
         <name>control_logics.obj</name>
      </input_file>
      <input_file id="fl-24">
         <path>F:\Dev\Cpp_Lib_For_PSIM\Projetos\Proj-micro\Tarefas\DSP\PROJETO-CTRL-BLDC-EEE614\CPU1_RAM\.\source\</path>
         <kind>object</kind>
         <file>ecap.obj</file>
         <name>ecap.obj</name>
      </input_file>
      <input_file id="fl-25">
         <path>F:\Dev\Cpp_Lib_For_PSIM\Projetos\Proj-micro\Tarefas\DSP\PROJETO-CTRL-BLDC-EEE614\CPU1_RAM\.\source\</path>
         <kind>object</kind>
         <file>global_definitions.obj</file>
         <name>global_definitions.obj</name>
      </input_file>
      <input_file id="fl-26">
         <path>F:\Dev\Cpp_Lib_For_PSIM\Projetos\Proj-micro\Tarefas\DSP\PROJETO-CTRL-BLDC-EEE614\CPU1_RAM\.\source\</path>
         <kind>object</kind>
         <file>modbus.obj</file>
         <name>modbus.obj</name>
      </input_file>
      <input_file id="fl-27">
         <path>F:\Dev\Cpp_Lib_For_PSIM\Projetos\Proj-micro\Tarefas\DSP\PROJETO-CTRL-BLDC-EEE614\CPU1_RAM\.\source\</path>
         <kind>object</kind>
         <file>pwm.obj</file>
         <name>pwm.obj</name>
      </input_file>
      <input_file id="fl-28">
         <path>F:\Dev\Cpp_Lib_For_PSIM\Projetos\Proj-micro\Tarefas\DSP\PROJETO-CTRL-BLDC-EEE614\CPU1_RAM\.\source\</path>
         <kind>object</kind>
         <file>sci_com.obj</file>
         <name>sci_com.obj</name>
      </input_file>
      <input_file id="fl-2d">
         <path>F:\Dev\Cpp_Lib_For_PSIM\Projetos\Proj-micro\Tarefas\DSP\PROJETO-CTRL-BLDC-EEE614\CPU1_RAM\</path>
         <kind>object</kind>
         <file>&lt;internal&gt;</file>
         <name>&lt;internal&gt;</name>
      </input_file>
      <input_file id="fl-39">
         <path>C:\ti\ccs2051\ccs\tools\compiler\ti-cgt-c2000_25.11.0.LTS\lib\</path>
         <kind>archive</kind>
         <file>rts2800_fpu32.lib</file>
         <name>new.c.obj</name>
      </input_file>
      <input_file id="fl-3a">
         <path>C:\ti\ccs2051\ccs\tools\compiler\ti-cgt-c2000_25.11.0.LTS\lib\</path>
         <kind>archive</kind>
         <file>rts2800_fpu32.lib</file>
         <name>newhandler.c.obj</name>
      </input_file>
      <input_file id="fl-3b">
         <path>C:\ti\ccs2051\ccs\tools\compiler\ti-cgt-c2000_25.11.0.LTS\lib\</path>
         <kind>archive</kind>
         <file>rts2800_fpu32.lib</file>
         <name>vars.c.obj</name>
      </input_file>
      <input_file id="fl-3c">
         <path>C:\ti\ccs2051\ccs\tools\compiler\ti-cgt-c2000_25.11.0.LTS\lib\</path>
         <kind>archive</kind>
         <file>rts2800_fpu32.lib</file>
         <name>boot28.asm.obj</name>
      </input_file>
      <input_file id="fl-3d">
         <path>C:\ti\ccs2051\ccs\tools\compiler\ti-cgt-c2000_25.11.0.LTS\lib\</path>
         <kind>archive</kind>
         <file>rts2800_fpu32.lib</file>
         <name>fs_div28.asm.obj</name>
      </input_file>
      <input_file id="fl-3e">
         <path>C:\ti\ccs2051\ccs\tools\compiler\ti-cgt-c2000_25.11.0.LTS\lib\</path>
         <kind>archive</kind>
         <file>rts2800_fpu32.lib</file>
         <name>ll_aox28.asm.obj</name>
      </input_file>
      <input_file id="fl-3f">
         <path>C:\ti\ccs2051\ccs\tools\compiler\ti-cgt-c2000_25.11.0.LTS\lib\</path>
         <kind>archive</kind>
         <file>rts2800_fpu32.lib</file>
         <name>cpy_tbl.c.obj</name>
      </input_file>
      <input_file id="fl-40">
         <path>C:\ti\ccs2051\ccs\tools\compiler\ti-cgt-c2000_25.11.0.LTS\lib\</path>
         <kind>archive</kind>
         <file>rts2800_fpu32.lib</file>
         <name>memcpy.c.obj</name>
      </input_file>
      <input_file id="fl-41">
         <path>C:\ti\ccs2051\ccs\tools\compiler\ti-cgt-c2000_25.11.0.LTS\lib\</path>
         <kind>archive</kind>
         <file>rts2800_fpu32.lib</file>
         <name>pre_init.c.obj</name>
      </input_file>
      <input_file id="fl-42">
         <path>C:\ti\ccs2051\ccs\tools\compiler\ti-cgt-c2000_25.11.0.LTS\lib\</path>
         <kind>archive</kind>
         <file>rts2800_fpu32.lib</file>
         <name>startup.c.obj</name>
      </input_file>
      <input_file id="fl-43">
         <path>C:\ti\ccs2051\ccs\tools\compiler\ti-cgt-c2000_25.11.0.LTS\lib\</path>
         <kind>archive</kind>
         <file>rts2800_fpu32.lib</file>
         <name>exit.c.obj</name>
      </input_file>
      <input_file id="fl-44">
         <path>C:\ti\ccs2051\ccs\tools\compiler\ti-cgt-c2000_25.11.0.LTS\lib\</path>
         <kind>archive</kind>
         <file>rts2800_fpu32.lib</file>
         <name>_lock.c.obj</name>
      </input_file>
      <input_file id="fl-45">
         <path>C:\ti\ccs2051\ccs\tools\compiler\ti-cgt-c2000_25.11.0.LTS\lib\</path>
         <kind>archive</kind>
         <file>rts2800_fpu32.lib</file>
         <name>args_main.c.obj</name>
      </input_file>
      <input_file id="fl-46">
         <path>C:\ti\ccs2051\ccs\tools\compiler\ti-cgt-c2000_25.11.0.LTS\lib\</path>
         <kind>archive</kind>
         <file>rts2800_fpu32.lib</file>
         <name>memory.c.obj</name>
      </input_file>
      <input_file id="fl-47">
         <path>C:\ti\ccs2051\ccs\tools\compiler\ti-cgt-c2000_25.11.0.LTS\lib\</path>
         <kind>archive</kind>
         <file>rts2800_fpu32.lib</file>
         <name>memset.c.obj</name>
      </input_file>
   </input_file_list>
   <object_component_list>
      <object_component id="oc-a0">
         <name>codestart</name>
         <load_address>0x0</load_address>
         <readonly>true</readonly>
         <executable>true</executable>
         <run_address>0x0</run_address>
         <size>0x2</size>
         <alignment>0x1</alignment>
         <input_file_ref idref="fl-4"/>
      </object_component>
      <object_component id="oc-b1">
         <name>.text:retain</name>
         <load_address>0x8000</load_address>
         <readonly>true</readonly>
         <executable>true</executable>
         <run_address>0x8000</run_address>
         <size>0x585</size>
         <alignment>0x1</alignment>
         <input_file_ref idref="fl-7"/>
      </object_component>
      <object_component id="oc-23a">
         <name>.text</name>
         <load_address>0x8585</load_address>
         <readonly>true</readonly>
         <executable>true</executable>
         <run_address>0x8585</run_address>
         <size>0x220</size>
         <alignment>0x1</alignment>
         <input_file_ref idref="fl-26"/>
      </object_component>
      <object_component id="oc-91">
         <name>.text</name>
         <load_address>0x87a5</load_address>
         <readonly>true</readonly>
         <executable>true</executable>
         <run_address>0x87a5</run_address>
         <size>0x56</size>
         <alignment>0x1</alignment>
         <input_file_ref idref="fl-3c"/>
      </object_component>
      <object_component id="oc-223">
         <name>.text</name>
         <load_address>0x87fb</load_address>
         <readonly>true</readonly>
         <executable>true</executable>
         <run_address>0x87fb</run_address>
         <size>0x2</size>
         <alignment>0x1</alignment>
         <input_file_ref idref="fl-41"/>
      </object_component>
      <object_component id="oc-247">
         <name>.text</name>
         <load_address>0x87fd</load_address>
         <readonly>true</readonly>
         <executable>true</executable>
         <run_address>0x87fd</run_address>
         <size>0x1</size>
         <alignment>0x1</alignment>
         <input_file_ref idref="fl-3a"/>
      </object_component>
      <object_component id="oc-225">
         <name>.text</name>
         <load_address>0x87fe</load_address>
         <readonly>true</readonly>
         <executable>true</executable>
         <run_address>0x87fe</run_address>
         <size>0x1</size>
         <alignment>0x1</alignment>
         <input_file_ref idref="fl-42"/>
      </object_component>
      <object_component id="oc-23b">
         <name>.text</name>
         <load_address>0x8800</load_address>
         <readonly>true</readonly>
         <executable>true</executable>
         <run_address>0x8800</run_address>
         <size>0x4ab</size>
         <alignment>0x1</alignment>
         <input_file_ref idref="fl-19"/>
      </object_component>
      <object_component id="oc-248">
         <name>.text</name>
         <load_address>0x8cab</load_address>
         <readonly>true</readonly>
         <executable>true</executable>
         <run_address>0x8cab</run_address>
         <size>0x28c</size>
         <alignment>0x1</alignment>
         <input_file_ref idref="fl-46"/>
      </object_component>
      <object_component id="oc-23f">
         <name>.text</name>
         <load_address>0x8f37</load_address>
         <readonly>true</readonly>
         <executable>true</executable>
         <run_address>0x8f37</run_address>
         <size>0x9e</size>
         <alignment>0x1</alignment>
         <input_file_ref idref="fl-28"/>
      </object_component>
      <object_component id="oc-227">
         <name>.text</name>
         <load_address>0x8fd5</load_address>
         <readonly>true</readonly>
         <executable>true</executable>
         <run_address>0x8fd5</run_address>
         <size>0x29</size>
         <alignment>0x1</alignment>
         <input_file_ref idref="fl-43"/>
      </object_component>
      <object_component id="oc-228">
         <name>.text</name>
         <load_address>0x9000</load_address>
         <readonly>true</readonly>
         <executable>true</executable>
         <run_address>0x9000</run_address>
         <size>0x198</size>
         <alignment>0x1</alignment>
         <input_file_ref idref="fl-21"/>
      </object_component>
      <object_component id="oc-22a">
         <name>.text</name>
         <load_address>0x9198</load_address>
         <readonly>true</readonly>
         <executable>true</executable>
         <run_address>0x9198</run_address>
         <size>0x18b</size>
         <alignment>0x1</alignment>
         <input_file_ref idref="fl-24"/>
      </object_component>
      <object_component id="oc-94">
         <name>.text:retain</name>
         <load_address>0x9323</load_address>
         <readonly>true</readonly>
         <executable>true</executable>
         <run_address>0x9323</run_address>
         <size>0x11b</size>
         <alignment>0x1</alignment>
         <input_file_ref idref="fl-2"/>
      </object_component>
      <object_component id="oc-1e7">
         <name>.text</name>
         <load_address>0x943e</load_address>
         <readonly>true</readonly>
         <executable>true</executable>
         <run_address>0x943e</run_address>
         <size>0x88</size>
         <alignment>0x1</alignment>
         <input_file_ref idref="fl-3d"/>
      </object_component>
      <object_component id="oc-249">
         <name>.text</name>
         <load_address>0x94c6</load_address>
         <readonly>true</readonly>
         <executable>true</executable>
         <run_address>0x94c6</run_address>
         <size>0x7c</size>
         <alignment>0x1</alignment>
         <input_file_ref idref="fl-5"/>
      </object_component>
      <object_component id="oc-240">
         <name>.text</name>
         <load_address>0x9542</load_address>
         <readonly>true</readonly>
         <executable>true</executable>
         <run_address>0x9542</run_address>
         <size>0x54</size>
         <alignment>0x1</alignment>
         <input_file_ref idref="fl-23"/>
      </object_component>
      <object_component id="oc-22b">
         <name>.text</name>
         <load_address>0x9596</load_address>
         <readonly>true</readonly>
         <executable>true</executable>
         <run_address>0x9596</run_address>
         <size>0x48</size>
         <alignment>0x1</alignment>
         <input_file_ref idref="fl-2"/>
      </object_component>
      <object_component id="oc-23d">
         <name>.text</name>
         <load_address>0x95de</load_address>
         <readonly>true</readonly>
         <executable>true</executable>
         <run_address>0x95de</run_address>
         <size>0x28</size>
         <alignment>0x1</alignment>
         <input_file_ref idref="fl-15"/>
      </object_component>
      <object_component id="oc-244">
         <name>.text</name>
         <load_address>0x9606</load_address>
         <readonly>true</readonly>
         <executable>true</executable>
         <run_address>0x9606</run_address>
         <size>0x28</size>
         <alignment>0x1</alignment>
         <input_file_ref idref="fl-25"/>
      </object_component>
      <object_component id="oc-23e">
         <name>.text</name>
         <load_address>0x962e</load_address>
         <readonly>true</readonly>
         <executable>true</executable>
         <run_address>0x962e</run_address>
         <size>0x26</size>
         <alignment>0x1</alignment>
         <input_file_ref idref="fl-16"/>
      </object_component>
      <object_component id="oc-224">
         <name>.text</name>
         <load_address>0x9654</load_address>
         <readonly>true</readonly>
         <executable>true</executable>
         <run_address>0x9654</run_address>
         <size>0x24</size>
         <alignment>0x1</alignment>
         <input_file_ref idref="fl-3f"/>
      </object_component>
      <object_component id="oc-239">
         <name>.text</name>
         <load_address>0x9678</load_address>
         <readonly>true</readonly>
         <executable>true</executable>
         <run_address>0x9678</run_address>
         <size>0x21</size>
         <alignment>0x1</alignment>
         <input_file_ref idref="fl-39"/>
      </object_component>
      <object_component id="oc-236">
         <name>.text</name>
         <load_address>0x9699</load_address>
         <readonly>true</readonly>
         <executable>true</executable>
         <run_address>0x9699</run_address>
         <size>0x20</size>
         <alignment>0x1</alignment>
         <input_file_ref idref="fl-40"/>
      </object_component>
      <object_component id="oc-226">
         <name>.text</name>
         <load_address>0x96b9</load_address>
         <readonly>true</readonly>
         <executable>true</executable>
         <run_address>0x96b9</run_address>
         <size>0x12</size>
         <alignment>0x1</alignment>
         <input_file_ref idref="fl-45"/>
      </object_component>
      <object_component id="oc-245">
         <name>.text</name>
         <load_address>0x96cb</load_address>
         <readonly>true</readonly>
         <executable>true</executable>
         <run_address>0x96cb</run_address>
         <size>0x9</size>
         <alignment>0x1</alignment>
         <input_file_ref idref="fl-44"/>
      </object_component>
      <object_component id="oc-9f">
         <name>.text</name>
         <load_address>0x96d4</load_address>
         <readonly>true</readonly>
         <executable>true</executable>
         <run_address>0x96d4</run_address>
         <size>0x8</size>
         <alignment>0x1</alignment>
         <input_file_ref idref="fl-4"/>
      </object_component>
      <object_component id="oc-24c">
         <name>.text</name>
         <load_address>0x96dc</load_address>
         <readonly>true</readonly>
         <executable>true</executable>
         <run_address>0x96dc</run_address>
         <size>0x7</size>
         <alignment>0x1</alignment>
         <input_file_ref idref="fl-47"/>
      </object_component>
      <object_component id="oc-229">
         <name>.text</name>
         <load_address>0xb000</load_address>
         <readonly>true</readonly>
         <executable>true</executable>
         <run_address>0xb000</run_address>
         <size>0x5a1</size>
         <alignment>0x1</alignment>
         <input_file_ref idref="fl-27"/>
      </object_component>
      <object_component id="oc-23c">
         <name>.text</name>
         <load_address>0xb5a1</load_address>
         <readonly>true</readonly>
         <executable>true</executable>
         <run_address>0xb5a1</run_address>
         <size>0x244</size>
         <alignment>0x1</alignment>
         <input_file_ref idref="fl-e"/>
      </object_component>
      <object_component id="oc-1ec">
         <name>.text</name>
         <load_address>0xb7e5</load_address>
         <readonly>true</readonly>
         <executable>true</executable>
         <run_address>0xb7e5</run_address>
         <size>0x18</size>
         <alignment>0x1</alignment>
         <input_file_ref idref="fl-3e"/>
      </object_component>
      <object_component id="oc-ab">
         <name>.text</name>
         <load_address>0xb7fd</load_address>
         <readonly>true</readonly>
         <executable>true</executable>
         <run_address>0xb7fd</run_address>
         <size>0x3</size>
         <alignment>0x1</alignment>
         <input_file_ref idref="fl-6"/>
      </object_component>
      <object_component id="oc-1aa">
         <name>.cinit</name>
         <load_address>0x123</load_address>
         <readwrite>true</readwrite>
         <run_address>0x123</run_address>
         <size>0x28</size>
         <alignment>0x1</alignment>
         <input_file_ref idref="fl-21"/>
      </object_component>
      <object_component id="oc-100">
         <name>.cinit:_TRIP_SEL</name>
         <load_address>0x14b</load_address>
         <readwrite>true</readwrite>
         <run_address>0x14b</run_address>
         <size>0x21</size>
         <alignment>0x1</alignment>
         <input_file_ref idref="fl-1f"/>
      </object_component>
      <object_component id="oc-130">
         <name>.cinit:_EPWM</name>
         <load_address>0x16c</load_address>
         <readwrite>true</readwrite>
         <run_address>0x16c</run_address>
         <size>0x1d</size>
         <alignment>0x1</alignment>
         <input_file_ref idref="fl-1f"/>
      </object_component>
      <object_component id="oc-f0">
         <name>.cinit:_ECAP</name>
         <load_address>0x189</load_address>
         <readwrite>true</readwrite>
         <run_address>0x189</run_address>
         <size>0x11</size>
         <alignment>0x1</alignment>
         <input_file_ref idref="fl-1f"/>
      </object_component>
      <object_component id="oc-206">
         <name>.cinit</name>
         <load_address>0x19a</load_address>
         <readwrite>true</readwrite>
         <run_address>0x19a</run_address>
         <size>0xe</size>
         <alignment>0x1</alignment>
         <input_file_ref idref="fl-43"/>
      </object_component>
      <object_component id="oc-129">
         <name>.cinit:_ADC</name>
         <load_address>0x1a8</load_address>
         <readwrite>true</readwrite>
         <run_address>0x1a8</run_address>
         <size>0xd</size>
         <alignment>0x1</alignment>
         <input_file_ref idref="fl-1f"/>
      </object_component>
      <object_component id="oc-104">
         <name>.cinit:_EQEP</name>
         <load_address>0x1b5</load_address>
         <readwrite>true</readwrite>
         <run_address>0x1b5</run_address>
         <size>0xb</size>
         <alignment>0x1</alignment>
         <input_file_ref idref="fl-1f"/>
      </object_component>
      <object_component id="oc-e6">
         <name>.cinit:_SPI</name>
         <load_address>0x1c0</load_address>
         <readwrite>true</readwrite>
         <run_address>0x1c0</run_address>
         <size>0xb</size>
         <alignment>0x1</alignment>
         <input_file_ref idref="fl-1f"/>
      </object_component>
      <object_component id="oc-124">
         <name>.cinit:_SDFM</name>
         <load_address>0x1cb</load_address>
         <readwrite>true</readwrite>
         <run_address>0x1cb</run_address>
         <size>0x9</size>
         <alignment>0x1</alignment>
         <input_file_ref idref="fl-1f"/>
      </object_component>
      <object_component id="oc-1c3">
         <name>.cinit</name>
         <load_address>0x1d4</load_address>
         <readwrite>true</readwrite>
         <run_address>0x1d4</run_address>
         <size>0x8</size>
         <alignment>0x1</alignment>
         <input_file_ref idref="fl-26"/>
      </object_component>
      <object_component id="oc-108">
         <name>.cinit:_I2C</name>
         <load_address>0x1dc</load_address>
         <readwrite>true</readwrite>
         <run_address>0x1dc</run_address>
         <size>0x7</size>
         <alignment>0x1</alignment>
         <input_file_ref idref="fl-1f"/>
      </object_component>
      <object_component id="oc-10c">
         <name>.cinit:_MCBSP</name>
         <load_address>0x1e3</load_address>
         <readwrite>true</readwrite>
         <run_address>0x1e3</run_address>
         <size>0x7</size>
         <alignment>0x1</alignment>
         <input_file_ref idref="fl-1f"/>
      </object_component>
      <object_component id="oc-e1">
         <name>.cinit:_SCI</name>
         <load_address>0x1ea</load_address>
         <readwrite>true</readwrite>
         <run_address>0x1ea</run_address>
         <size>0x7</size>
         <alignment>0x1</alignment>
         <input_file_ref idref="fl-1f"/>
      </object_component>
      <object_component id="oc-238">
         <name>.cinit:__lock</name>
         <load_address>0x1f1</load_address>
         <readwrite>true</readwrite>
         <run_address>0x1f1</run_address>
         <size>0x5</size>
         <alignment>0x1</alignment>
         <input_file_ref idref="fl-44"/>
      </object_component>
      <object_component id="oc-246">
         <name>.cinit:__unlock</name>
         <load_address>0x1f6</load_address>
         <readwrite>true</readwrite>
         <run_address>0x1f6</run_address>
         <size>0x5</size>
         <alignment>0x1</alignment>
         <input_file_ref idref="fl-44"/>
      </object_component>
      <object_component id="oc-1de">
         <name>.cinit</name>
         <load_address>0x1fb</load_address>
         <readwrite>true</readwrite>
         <run_address>0x1fb</run_address>
         <size>0x5</size>
         <alignment>0x1</alignment>
         <input_file_ref idref="fl-3b"/>
      </object_component>
      <object_component id="oc-197">
         <name>.cinit</name>
         <load_address>0x200</load_address>
         <readwrite>true</readwrite>
         <run_address>0x200</run_address>
         <size>0x4</size>
         <alignment>0x1</alignment>
         <input_file_ref idref="fl-1d"/>
      </object_component>
      <object_component id="oc-217">
         <name>.cinit</name>
         <load_address>0x204</load_address>
         <readwrite>true</readwrite>
         <run_address>0x204</run_address>
         <size>0x4</size>
         <alignment>0x1</alignment>
         <input_file_ref idref="fl-46"/>
      </object_component>
      <object_component id="oc-242">
         <name>.switch:_set_gpio__Q2_11peripherals7PwmProjFUi</name>
         <load_address>0x20a</load_address>
         <readwrite>true</readwrite>
         <run_address>0x20a</run_address>
         <size>0x18</size>
         <alignment>0x2</alignment>
         <input_file_ref idref="fl-27"/>
      </object_component>
      <object_component id="oc-243">
         <name>.switch:_set_interrupt__Q2_11peripherals7PwmProjFPFKv_vUi</name>
         <load_address>0x222</load_address>
         <readwrite>true</readwrite>
         <run_address>0x222</run_address>
         <size>0x18</size>
         <alignment>0x2</alignment>
         <input_file_ref idref="fl-27"/>
      </object_component>
      <object_component id="oc-1e2">
         <name>.reset</name>
         <load_address>0x3fffc0</load_address>
         <readwrite>true</readwrite>
         <run_address>0x3fffc0</run_address>
         <size>0x2</size>
         <alignment>0x2</alignment>
         <input_file_ref idref="fl-3c"/>
      </object_component>
      <object_component id="oc-1e1">
         <name>.stack</name>
         <uninitialized>true</uninitialized>
         <readwrite>true</readwrite>
         <run_address>0x400</run_address>
         <size>0x0</size>
         <alignment>0x1</alignment>
         <input_file_ref idref="fl-3c"/>
      </object_component>
      <object_component id="oc-2e4">
         <name>.stack</name>
         <uninitialized>true</uninitialized>
         <readwrite>true</readwrite>
         <run_address>0x400</run_address>
         <size>0x0</size>
         <alignment>0x2</alignment>
      </object_component>
      <object_component id="oc-1ac">
         <name>.pinit</name>
         <load_address>0x23a</load_address>
         <readwrite>true</readwrite>
         <run_address>0x23a</run_address>
         <size>0x2</size>
         <alignment>0x2</alignment>
         <input_file_ref idref="fl-21"/>
      </object_component>
      <object_component id="oc-95">
         <name>.pinit</name>
         <load_address>0x23c</load_address>
         <readwrite>true</readwrite>
         <run_address>0x23c</run_address>
         <size>0x2</size>
         <alignment>0x2</alignment>
         <input_file_ref idref="fl-2"/>
      </object_component>
      <object_component id="oc-93">
         <name>.ebss</name>
         <uninitialized>true</uninitialized>
         <readwrite>true</readwrite>
         <run_address>0xaa00</run_address>
         <size>0x1a4</size>
         <alignment>0x2</alignment>
         <input_file_ref idref="fl-2"/>
      </object_component>
      <object_component id="oc-a6">
         <name>.ebss</name>
         <uninitialized>true</uninitialized>
         <readwrite>true</readwrite>
         <run_address>0xabc0</run_address>
         <size>0x18</size>
         <alignment>0x2</alignment>
         <input_file_ref idref="fl-5"/>
      </object_component>
      <object_component id="oc-187">
         <name>.ebss</name>
         <uninitialized>true</uninitialized>
         <readwrite>true</readwrite>
         <run_address>0xabea</run_address>
         <size>0x6</size>
         <alignment>0x2</alignment>
         <input_file_ref idref="fl-1a"/>
      </object_component>
      <object_component id="oc-198">
         <name>.ebss</name>
         <uninitialized>true</uninitialized>
         <readwrite>true</readwrite>
         <run_address>0xac12</run_address>
         <size>0x1</size>
         <alignment>0x1</alignment>
         <input_file_ref idref="fl-1d"/>
      </object_component>
      <object_component id="oc-231">
         <name>.ebss:_I2C</name>
         <uninitialized>true</uninitialized>
         <readwrite>true</readwrite>
         <run_address>0xabfc</run_address>
         <size>0x4</size>
         <alignment>0x2</alignment>
         <input_file_ref idref="fl-1f"/>
      </object_component>
      <object_component id="oc-232">
         <name>.ebss:_MCBSP</name>
         <uninitialized>true</uninitialized>
         <readwrite>true</readwrite>
         <run_address>0xac00</run_address>
         <size>0x4</size>
         <alignment>0x2</alignment>
         <input_file_ref idref="fl-1f"/>
      </object_component>
      <object_component id="oc-22c">
         <name>.ebss:_SCI</name>
         <uninitialized>true</uninitialized>
         <readwrite>true</readwrite>
         <run_address>0xac04</run_address>
         <size>0x4</size>
         <alignment>0x2</alignment>
         <input_file_ref idref="fl-1f"/>
      </object_component>
      <object_component id="oc-233">
         <name>.ebss:_SDFM</name>
         <uninitialized>true</uninitialized>
         <readwrite>true</readwrite>
         <run_address>0xabf0</run_address>
         <size>0x6</size>
         <alignment>0x2</alignment>
         <input_file_ref idref="fl-1f"/>
      </object_component>
      <object_component id="oc-230">
         <name>.ebss:_EQEP</name>
         <uninitialized>true</uninitialized>
         <readwrite>true</readwrite>
         <run_address>0xa9f8</run_address>
         <size>0x8</size>
         <alignment>0x2</alignment>
         <input_file_ref idref="fl-1f"/>
      </object_component>
      <object_component id="oc-22d">
         <name>.ebss:_SPI</name>
         <uninitialized>true</uninitialized>
         <readwrite>true</readwrite>
         <run_address>0xabe2</run_address>
         <size>0x8</size>
         <alignment>0x2</alignment>
         <input_file_ref idref="fl-1f"/>
      </object_component>
      <object_component id="oc-234">
         <name>.ebss:_ADC</name>
         <uninitialized>true</uninitialized>
         <readwrite>true</readwrite>
         <run_address>0xabd8</run_address>
         <size>0xa</size>
         <alignment>0x2</alignment>
         <input_file_ref idref="fl-1f"/>
      </object_component>
      <object_component id="oc-22e">
         <name>.ebss:_ECAP</name>
         <uninitialized>true</uninitialized>
         <readwrite>true</readwrite>
         <run_address>0xa9ea</run_address>
         <size>0xe</size>
         <alignment>0x2</alignment>
         <input_file_ref idref="fl-1f"/>
      </object_component>
      <object_component id="oc-235">
         <name>.ebss:_EPWM</name>
         <uninitialized>true</uninitialized>
         <readwrite>true</readwrite>
         <run_address>0xaba4</run_address>
         <size>0x1a</size>
         <alignment>0x2</alignment>
         <input_file_ref idref="fl-1f"/>
      </object_component>
      <object_component id="oc-22f">
         <name>.ebss:_TRIP_SEL</name>
         <uninitialized>true</uninitialized>
         <readwrite>true</readwrite>
         <run_address>0xa9cc</run_address>
         <size>0x1e</size>
         <alignment>0x2</alignment>
         <input_file_ref idref="fl-1f"/>
      </object_component>
      <object_component id="oc-1ab">
         <name>.ebss</name>
         <uninitialized>true</uninitialized>
         <readwrite>true</readwrite>
         <run_address>0xa800</run_address>
         <size>0x1cc</size>
         <alignment>0x2</alignment>
         <input_file_ref idref="fl-21"/>
      </object_component>
      <object_component id="oc-1c4">
         <name>.ebss</name>
         <uninitialized>true</uninitialized>
         <readwrite>true</readwrite>
         <run_address>0xac0e</run_address>
         <size>0x2</size>
         <alignment>0x1</alignment>
         <input_file_ref idref="fl-26"/>
      </object_component>
      <object_component id="oc-1df">
         <name>.ebss</name>
         <uninitialized>true</uninitialized>
         <readwrite>true</readwrite>
         <run_address>0xac10</run_address>
         <size>0x2</size>
         <alignment>0x2</alignment>
         <input_file_ref idref="fl-3b"/>
      </object_component>
      <object_component id="oc-207">
         <name>.ebss</name>
         <uninitialized>true</uninitialized>
         <readwrite>true</readwrite>
         <run_address>0xabf6</run_address>
         <size>0x6</size>
         <alignment>0x2</alignment>
         <input_file_ref idref="fl-43"/>
      </object_component>
      <object_component id="oc-237">
         <name>.ebss:__lock</name>
         <uninitialized>true</uninitialized>
         <readwrite>true</readwrite>
         <run_address>0xabbe</run_address>
         <size>0x2</size>
         <alignment>0x2</alignment>
         <input_file_ref idref="fl-44"/>
      </object_component>
      <object_component id="oc-24b">
         <name>.ebss:__unlock</name>
         <uninitialized>true</uninitialized>
         <readwrite>true</readwrite>
         <run_address>0xac0c</run_address>
         <size>0x2</size>
         <alignment>0x2</alignment>
         <input_file_ref idref="fl-44"/>
      </object_component>
      <object_component id="oc-218">
         <name>.ebss</name>
         <uninitialized>true</uninitialized>
         <readwrite>true</readwrite>
         <run_address>0xac08</run_address>
         <size>0x4</size>
         <alignment>0x2</alignment>
         <input_file_ref idref="fl-46"/>
      </object_component>
      <object_component id="oc-24a">
         <name>.econst:_PieVectTableInit</name>
         <load_address>0xac14</load_address>
         <readwrite>true</readwrite>
         <run_address>0xac14</run_address>
         <size>0x1c0</size>
         <alignment>0x2</alignment>
         <input_file_ref idref="fl-16"/>
      </object_component>
      <object_component id="oc-241">
         <name>.econst:_$P$T0$1</name>
         <load_address>0xadd4</load_address>
         <readwrite>true</readwrite>
         <run_address>0xadd4</run_address>
         <size>0x10</size>
         <alignment>0x2</alignment>
         <input_file_ref idref="fl-27"/>
      </object_component>
      <object_component id="oc-219">
         <name>.esysmem</name>
         <uninitialized>true</uninitialized>
         <readwrite>true</readwrite>
         <run_address>0xc000</run_address>
         <size>0x4</size>
         <alignment>0x2</alignment>
         <input_file_ref idref="fl-46"/>
      </object_component>
      <object_component id="oc-2e5">
         <name>.esysmem</name>
         <uninitialized>true</uninitialized>
         <readwrite>true</readwrite>
         <run_address>0xc000</run_address>
         <size>0x0</size>
         <alignment>0x2</alignment>
      </object_component>
      <object_component id="oc-1a4">
         <name>.TI.ramfunc</name>
         <load_address>0x240</load_address>
         <readonly>true</readonly>
         <executable>true</executable>
         <run_address>0x240</run_address>
         <size>0x4</size>
         <alignment>0x1</alignment>
         <input_file_ref idref="fl-20"/>
      </object_component>
      <object_component id="oc-15b">
         <name>PUTBUFFER</name>
         <uninitialized>true</uninitialized>
         <readwrite>true</readwrite>
         <run_address>0x3fc00</run_address>
         <size>0x80</size>
         <alignment>0x2</alignment>
         <input_file_ref idref="fl-11"/>
      </object_component>
      <object_component id="oc-157">
         <name>PUTWRITEIDX</name>
         <uninitialized>true</uninitialized>
         <readwrite>true</readwrite>
         <run_address>0x3fc80</run_address>
         <size>0x4</size>
         <alignment>0x1</alignment>
         <input_file_ref idref="fl-11"/>
      </object_component>
      <object_component id="oc-15a">
         <name>GETREADIDX</name>
         <uninitialized>true</uninitialized>
         <readwrite>true</readwrite>
         <run_address>0x3fc84</run_address>
         <size>0x4</size>
         <alignment>0x1</alignment>
         <input_file_ref idref="fl-11"/>
      </object_component>
      <object_component id="oc-15c">
         <name>GETBUFFER</name>
         <uninitialized>true</uninitialized>
         <readwrite>true</readwrite>
         <run_address>0x3f800</run_address>
         <size>0x80</size>
         <alignment>0x2</alignment>
         <input_file_ref idref="fl-11"/>
      </object_component>
      <object_component id="oc-159">
         <name>GETWRITEIDX</name>
         <uninitialized>true</uninitialized>
         <readwrite>true</readwrite>
         <run_address>0x3f880</run_address>
         <size>0x4</size>
         <alignment>0x1</alignment>
         <input_file_ref idref="fl-11"/>
      </object_component>
      <object_component id="oc-158">
         <name>PUTREADIDX</name>
         <uninitialized>true</uninitialized>
         <readwrite>true</readwrite>
         <run_address>0x3f884</run_address>
         <size>0x4</size>
         <alignment>0x1</alignment>
         <input_file_ref idref="fl-11"/>
      </object_component>
      <object_component id="oc-145">
         <name>PieVectTableFile</name>
         <uninitialized>true</uninitialized>
         <readwrite>true</readwrite>
         <run_address>0xd00</run_address>
         <size>0x1c0</size>
         <alignment>0x2</alignment>
         <input_file_ref idref="fl-d"/>
      </object_component>
      <object_component id="oc-112">
         <name>AccessProtectionRegsFile</name>
         <uninitialized>true</uninitialized>
         <readwrite>true</readwrite>
         <run_address>0x5f4c0</run_address>
         <size>0x2e</size>
         <alignment>0x2</alignment>
         <input_file_ref idref="fl-d"/>
      </object_component>
      <object_component id="oc-128">
         <name>AdcaRegsFile</name>
         <uninitialized>true</uninitialized>
         <readwrite>true</readwrite>
         <run_address>0x7400</run_address>
         <size>0x7c</size>
         <alignment>0x2</alignment>
         <input_file_ref idref="fl-d"/>
      </object_component>
      <object_component id="oc-12a">
         <name>AdcbRegsFile</name>
         <uninitialized>true</uninitialized>
         <readwrite>true</readwrite>
         <run_address>0x7480</run_address>
         <size>0x7c</size>
         <alignment>0x2</alignment>
         <input_file_ref idref="fl-d"/>
      </object_component>
      <object_component id="oc-12b">
         <name>AdccRegsFile</name>
         <uninitialized>true</uninitialized>
         <readwrite>true</readwrite>
         <run_address>0x7500</run_address>
         <size>0x7c</size>
         <alignment>0x2</alignment>
         <input_file_ref idref="fl-d"/>
      </object_component>
      <object_component id="oc-12c">
         <name>AdcdRegsFile</name>
         <uninitialized>true</uninitialized>
         <readwrite>true</readwrite>
         <run_address>0x7580</run_address>
         <size>0x7c</size>
         <alignment>0x2</alignment>
         <input_file_ref idref="fl-d"/>
      </object_component>
      <object_component id="oc-ea">
         <name>AdcaResultRegsFile</name>
         <uninitialized>true</uninitialized>
         <readwrite>true</readwrite>
         <run_address>0xb00</run_address>
         <size>0x18</size>
         <alignment>0x2</alignment>
         <input_file_ref idref="fl-d"/>
      </object_component>
      <object_component id="oc-eb">
         <name>AdcbResultRegsFile</name>
         <uninitialized>true</uninitialized>
         <readwrite>true</readwrite>
         <run_address>0xb20</run_address>
         <size>0x18</size>
         <alignment>0x2</alignment>
         <input_file_ref idref="fl-d"/>
      </object_component>
      <object_component id="oc-ec">
         <name>AdccResultRegsFile</name>
         <uninitialized>true</uninitialized>
         <readwrite>true</readwrite>
         <run_address>0xb40</run_address>
         <size>0x18</size>
         <alignment>0x2</alignment>
         <input_file_ref idref="fl-d"/>
      </object_component>
      <object_component id="oc-ed">
         <name>AdcdResultRegsFile</name>
         <uninitialized>true</uninitialized>
         <readwrite>true</readwrite>
         <run_address>0xb60</run_address>
         <size>0x18</size>
         <alignment>0x2</alignment>
         <input_file_ref idref="fl-d"/>
      </object_component>
      <object_component id="oc-116">
         <name>AnalogSubsysRegsFile</name>
         <uninitialized>true</uninitialized>
         <readwrite>true</readwrite>
         <run_address>0x5d180</run_address>
         <size>0x3e</size>
         <alignment>0x2</alignment>
         <input_file_ref idref="fl-d"/>
      </object_component>
      <object_component id="oc-141">
         <name>CanaRegsFile</name>
         <uninitialized>true</uninitialized>
         <readwrite>true</readwrite>
         <run_address>0x48000</run_address>
         <size>0x164</size>
         <alignment>0x4</alignment>
         <input_file_ref idref="fl-d"/>
      </object_component>
      <object_component id="oc-142">
         <name>CanbRegsFile</name>
         <uninitialized>true</uninitialized>
         <readwrite>true</readwrite>
         <run_address>0x4a000</run_address>
         <size>0x164</size>
         <alignment>0x4</alignment>
         <input_file_ref idref="fl-d"/>
      </object_component>
      <object_component id="oc-117">
         <name>Cla1RegsFile</name>
         <uninitialized>true</uninitialized>
         <readwrite>true</readwrite>
         <run_address>0x1400</run_address>
         <size>0x3e</size>
         <alignment>0x2</alignment>
         <input_file_ref idref="fl-d"/>
      </object_component>
      <object_component id="oc-13c">
         <name>Clb1DataExchRegsFile</name>
         <uninitialized>true</uninitialized>
         <readwrite>true</readwrite>
         <run_address>0x3200</run_address>
         <size>0x108</size>
         <alignment>0x2</alignment>
         <input_file_ref idref="fl-d"/>
      </object_component>
      <object_component id="oc-13d">
         <name>Clb2DataExchRegsFile</name>
         <uninitialized>true</uninitialized>
         <readwrite>true</readwrite>
         <run_address>0x3600</run_address>
         <size>0x108</size>
         <alignment>0x2</alignment>
         <input_file_ref idref="fl-d"/>
      </object_component>
      <object_component id="oc-13e">
         <name>Clb3DataExchRegsFile</name>
         <uninitialized>true</uninitialized>
         <readwrite>true</readwrite>
         <run_address>0x3a00</run_address>
         <size>0x108</size>
         <alignment>0x2</alignment>
         <input_file_ref idref="fl-d"/>
      </object_component>
      <object_component id="oc-13f">
         <name>Clb4DataExchRegsFile</name>
         <uninitialized>true</uninitialized>
         <readwrite>true</readwrite>
         <run_address>0x3e00</run_address>
         <size>0x108</size>
         <alignment>0x2</alignment>
         <input_file_ref idref="fl-d"/>
      </object_component>
      <object_component id="oc-118">
         <name>Clb1LogicCfgRegsFile</name>
         <uninitialized>true</uninitialized>
         <readwrite>true</readwrite>
         <run_address>0x3000</run_address>
         <size>0x3e</size>
         <alignment>0x2</alignment>
         <input_file_ref idref="fl-d"/>
      </object_component>
      <object_component id="oc-119">
         <name>Clb2LogicCfgRegsFile</name>
         <uninitialized>true</uninitialized>
         <readwrite>true</readwrite>
         <run_address>0x3400</run_address>
         <size>0x3e</size>
         <alignment>0x2</alignment>
         <input_file_ref idref="fl-d"/>
      </object_component>
      <object_component id="oc-11a">
         <name>Clb3LogicCfgRegsFile</name>
         <uninitialized>true</uninitialized>
         <readwrite>true</readwrite>
         <run_address>0x3800</run_address>
         <size>0x3e</size>
         <alignment>0x2</alignment>
         <input_file_ref idref="fl-d"/>
      </object_component>
      <object_component id="oc-11b">
         <name>Clb4LogicCfgRegsFile</name>
         <uninitialized>true</uninitialized>
         <readwrite>true</readwrite>
         <run_address>0x3c00</run_address>
         <size>0x3e</size>
         <alignment>0x2</alignment>
         <input_file_ref idref="fl-d"/>
      </object_component>
      <object_component id="oc-11c">
         <name>Clb1LogicCtrlRegsFile</name>
         <uninitialized>true</uninitialized>
         <readwrite>true</readwrite>
         <run_address>0x3100</run_address>
         <size>0x40</size>
         <alignment>0x2</alignment>
         <input_file_ref idref="fl-d"/>
      </object_component>
      <object_component id="oc-11d">
         <name>Clb2LogicCtrlRegsFile</name>
         <uninitialized>true</uninitialized>
         <readwrite>true</readwrite>
         <run_address>0x3500</run_address>
         <size>0x40</size>
         <alignment>0x2</alignment>
         <input_file_ref idref="fl-d"/>
      </object_component>
      <object_component id="oc-11e">
         <name>Clb3LogicCtrlRegsFile</name>
         <uninitialized>true</uninitialized>
         <readwrite>true</readwrite>
         <run_address>0x3900</run_address>
         <size>0x40</size>
         <alignment>0x2</alignment>
         <input_file_ref idref="fl-d"/>
      </object_component>
      <object_component id="oc-11f">
         <name>Clb4LogicCtrlRegsFile</name>
         <uninitialized>true</uninitialized>
         <readwrite>true</readwrite>
         <run_address>0x3d00</run_address>
         <size>0x40</size>
         <alignment>0x2</alignment>
         <input_file_ref idref="fl-d"/>
      </object_component>
      <object_component id="oc-120">
         <name>ClbXbarRegsFile</name>
         <uninitialized>true</uninitialized>
         <readwrite>true</readwrite>
         <run_address>0x7a40</run_address>
         <size>0x40</size>
         <alignment>0x2</alignment>
         <input_file_ref idref="fl-d"/>
      </object_component>
      <object_component id="oc-114">
         <name>ClkCfgRegsFile</name>
         <uninitialized>true</uninitialized>
         <readwrite>true</readwrite>
         <run_address>0x5d200</run_address>
         <size>0x32</size>
         <alignment>0x2</alignment>
         <input_file_ref idref="fl-d"/>
      </object_component>
      <object_component id="oc-f7">
         <name>Cmpss1RegsFile</name>
         <uninitialized>true</uninitialized>
         <readwrite>true</readwrite>
         <run_address>0x5c80</run_address>
         <size>0x1b</size>
         <alignment>0x1</alignment>
         <input_file_ref idref="fl-d"/>
      </object_component>
      <object_component id="oc-f8">
         <name>Cmpss2RegsFile</name>
         <uninitialized>true</uninitialized>
         <readwrite>true</readwrite>
         <run_address>0x5ca0</run_address>
         <size>0x1b</size>
         <alignment>0x1</alignment>
         <input_file_ref idref="fl-d"/>
      </object_component>
      <object_component id="oc-f9">
         <name>Cmpss3RegsFile</name>
         <uninitialized>true</uninitialized>
         <readwrite>true</readwrite>
         <run_address>0x5cc0</run_address>
         <size>0x1b</size>
         <alignment>0x1</alignment>
         <input_file_ref idref="fl-d"/>
      </object_component>
      <object_component id="oc-fa">
         <name>Cmpss4RegsFile</name>
         <uninitialized>true</uninitialized>
         <readwrite>true</readwrite>
         <run_address>0x5ce0</run_address>
         <size>0x1b</size>
         <alignment>0x1</alignment>
         <input_file_ref idref="fl-d"/>
      </object_component>
      <object_component id="oc-fb">
         <name>Cmpss5RegsFile</name>
         <uninitialized>true</uninitialized>
         <readwrite>true</readwrite>
         <run_address>0x5d00</run_address>
         <size>0x1b</size>
         <alignment>0x1</alignment>
         <input_file_ref idref="fl-d"/>
      </object_component>
      <object_component id="oc-fc">
         <name>Cmpss6RegsFile</name>
         <uninitialized>true</uninitialized>
         <readwrite>true</readwrite>
         <run_address>0x5d20</run_address>
         <size>0x1b</size>
         <alignment>0x1</alignment>
         <input_file_ref idref="fl-d"/>
      </object_component>
      <object_component id="oc-fd">
         <name>Cmpss7RegsFile</name>
         <uninitialized>true</uninitialized>
         <readwrite>true</readwrite>
         <run_address>0x5d40</run_address>
         <size>0x1b</size>
         <alignment>0x1</alignment>
         <input_file_ref idref="fl-d"/>
      </object_component>
      <object_component id="oc-fe">
         <name>Cmpss8RegsFile</name>
         <uninitialized>true</uninitialized>
         <readwrite>true</readwrite>
         <run_address>0x5d60</run_address>
         <size>0x1b</size>
         <alignment>0x1</alignment>
         <input_file_ref idref="fl-d"/>
      </object_component>
      <object_component id="oc-d9">
         <name>CpuTimer0RegsFile</name>
         <uninitialized>true</uninitialized>
         <readwrite>true</readwrite>
         <run_address>0xc00</run_address>
         <size>0x8</size>
         <alignment>0x2</alignment>
         <input_file_ref idref="fl-d"/>
      </object_component>
      <object_component id="oc-da">
         <name>CpuTimer1RegsFile</name>
         <uninitialized>true</uninitialized>
         <readwrite>true</readwrite>
         <run_address>0xc08</run_address>
         <size>0x8</size>
         <alignment>0x2</alignment>
         <input_file_ref idref="fl-d"/>
      </object_component>
      <object_component id="oc-db">
         <name>CpuTimer2RegsFile</name>
         <uninitialized>true</uninitialized>
         <readwrite>true</readwrite>
         <run_address>0xc10</run_address>
         <size>0x8</size>
         <alignment>0x2</alignment>
         <input_file_ref idref="fl-d"/>
      </object_component>
      <object_component id="oc-12d">
         <name>CpuSysRegsFile</name>
         <uninitialized>true</uninitialized>
         <readwrite>true</readwrite>
         <run_address>0x5d300</run_address>
         <size>0x82</size>
         <alignment>0x2</alignment>
         <input_file_ref idref="fl-d"/>
      </object_component>
      <object_component id="oc-d5">
         <name>DacaRegsFile</name>
         <uninitialized>true</uninitialized>
         <readwrite>true</readwrite>
         <run_address>0x5c00</run_address>
         <size>0x7</size>
         <alignment>0x1</alignment>
         <input_file_ref idref="fl-d"/>
      </object_component>
      <object_component id="oc-d6">
         <name>DacbRegsFile</name>
         <uninitialized>true</uninitialized>
         <readwrite>true</readwrite>
         <run_address>0x5c10</run_address>
         <size>0x7</size>
         <alignment>0x1</alignment>
         <input_file_ref idref="fl-d"/>
      </object_component>
      <object_component id="oc-d7">
         <name>DaccRegsFile</name>
         <uninitialized>true</uninitialized>
         <readwrite>true</readwrite>
         <run_address>0x5c20</run_address>
         <size>0x7</size>
         <alignment>0x1</alignment>
         <input_file_ref idref="fl-d"/>
      </object_component>
      <object_component id="oc-d3">
         <name>DcsmCommonRegsFile</name>
         <uninitialized>true</uninitialized>
         <readwrite>true</readwrite>
         <run_address>0x5f070</run_address>
         <size>0x6</size>
         <alignment>0x2</alignment>
         <input_file_ref idref="fl-d"/>
      </object_component>
      <object_component id="oc-101">
         <name>DcsmZ1RegsFile</name>
         <uninitialized>true</uninitialized>
         <readwrite>true</readwrite>
         <run_address>0x5f000</run_address>
         <size>0x22</size>
         <alignment>0x2</alignment>
         <input_file_ref idref="fl-d"/>
      </object_component>
      <object_component id="oc-102">
         <name>DcsmZ2RegsFile</name>
         <uninitialized>true</uninitialized>
         <readwrite>true</readwrite>
         <run_address>0x5f040</run_address>
         <size>0x22</size>
         <alignment>0x2</alignment>
         <input_file_ref idref="fl-d"/>
      </object_component>
      <object_component id="oc-140">
         <name>DevCfgRegsFile</name>
         <uninitialized>true</uninitialized>
         <readwrite>true</readwrite>
         <run_address>0x5d000</run_address>
         <size>0x12e</size>
         <alignment>0x2</alignment>
         <input_file_ref idref="fl-d"/>
      </object_component>
      <object_component id="oc-ee">
         <name>DmaClaSrcSelRegsFile</name>
         <uninitialized>true</uninitialized>
         <readwrite>true</readwrite>
         <run_address>0x7980</run_address>
         <size>0x1a</size>
         <alignment>0x2</alignment>
         <input_file_ref idref="fl-d"/>
      </object_component>
      <object_component id="oc-12e">
         <name>DmaRegsFile</name>
         <uninitialized>true</uninitialized>
         <readwrite>true</readwrite>
         <run_address>0x1000</run_address>
         <size>0xe0</size>
         <alignment>0x2</alignment>
         <input_file_ref idref="fl-d"/>
      </object_component>
      <object_component id="oc-ef">
         <name>ECap1RegsFile</name>
         <uninitialized>true</uninitialized>
         <readwrite>true</readwrite>
         <run_address>0x5000</run_address>
         <size>0x1a</size>
         <alignment>0x2</alignment>
         <input_file_ref idref="fl-d"/>
      </object_component>
      <object_component id="oc-f1">
         <name>ECap2RegsFile</name>
         <uninitialized>true</uninitialized>
         <readwrite>true</readwrite>
         <run_address>0x5020</run_address>
         <size>0x1a</size>
         <alignment>0x2</alignment>
         <input_file_ref idref="fl-d"/>
      </object_component>
      <object_component id="oc-f2">
         <name>ECap3RegsFile</name>
         <uninitialized>true</uninitialized>
         <readwrite>true</readwrite>
         <run_address>0x5040</run_address>
         <size>0x1a</size>
         <alignment>0x2</alignment>
         <input_file_ref idref="fl-d"/>
      </object_component>
      <object_component id="oc-f3">
         <name>ECap4RegsFile</name>
         <uninitialized>true</uninitialized>
         <readwrite>true</readwrite>
         <run_address>0x5060</run_address>
         <size>0x1a</size>
         <alignment>0x2</alignment>
         <input_file_ref idref="fl-d"/>
      </object_component>
      <object_component id="oc-f4">
         <name>ECap5RegsFile</name>
         <uninitialized>true</uninitialized>
         <readwrite>true</readwrite>
         <run_address>0x5080</run_address>
         <size>0x1a</size>
         <alignment>0x2</alignment>
         <input_file_ref idref="fl-d"/>
      </object_component>
      <object_component id="oc-f5">
         <name>ECap6RegsFile</name>
         <uninitialized>true</uninitialized>
         <readwrite>true</readwrite>
         <run_address>0x50a0</run_address>
         <size>0x1a</size>
         <alignment>0x2</alignment>
         <input_file_ref idref="fl-d"/>
      </object_component>
      <object_component id="oc-dc">
         <name>Emif1ConfigRegsFile</name>
         <uninitialized>true</uninitialized>
         <readwrite>true</readwrite>
         <run_address>0x5f480</run_address>
         <size>0xa</size>
         <alignment>0x2</alignment>
         <input_file_ref idref="fl-d"/>
      </object_component>
      <object_component id="oc-dd">
         <name>Emif2ConfigRegsFile</name>
         <uninitialized>true</uninitialized>
         <readwrite>true</readwrite>
         <run_address>0x5f4a0</run_address>
         <size>0xa</size>
         <alignment>0x2</alignment>
         <input_file_ref idref="fl-d"/>
      </object_component>
      <object_component id="oc-10e">
         <name>Emif1RegsFile</name>
         <uninitialized>true</uninitialized>
         <readwrite>true</readwrite>
         <run_address>0x47000</run_address>
         <size>0x28</size>
         <alignment>0x2</alignment>
         <input_file_ref idref="fl-d"/>
      </object_component>
      <object_component id="oc-10f">
         <name>Emif2RegsFile</name>
         <uninitialized>true</uninitialized>
         <readwrite>true</readwrite>
         <run_address>0x47800</run_address>
         <size>0x28</size>
         <alignment>0x2</alignment>
         <input_file_ref idref="fl-d"/>
      </object_component>
      <object_component id="oc-12f">
         <name>EPwm1RegsFile</name>
         <uninitialized>true</uninitialized>
         <readwrite>true</readwrite>
         <run_address>0x4000</run_address>
         <size>0x100</size>
         <alignment>0x2</alignment>
         <input_file_ref idref="fl-d"/>
      </object_component>
      <object_component id="oc-131">
         <name>EPwm2RegsFile</name>
         <uninitialized>true</uninitialized>
         <readwrite>true</readwrite>
         <run_address>0x4100</run_address>
         <size>0x100</size>
         <alignment>0x2</alignment>
         <input_file_ref idref="fl-d"/>
      </object_component>
      <object_component id="oc-132">
         <name>EPwm3RegsFile</name>
         <uninitialized>true</uninitialized>
         <readwrite>true</readwrite>
         <run_address>0x4200</run_address>
         <size>0x100</size>
         <alignment>0x2</alignment>
         <input_file_ref idref="fl-d"/>
      </object_component>
      <object_component id="oc-133">
         <name>EPwm4RegsFile</name>
         <uninitialized>true</uninitialized>
         <readwrite>true</readwrite>
         <run_address>0x4300</run_address>
         <size>0x100</size>
         <alignment>0x2</alignment>
         <input_file_ref idref="fl-d"/>
      </object_component>
      <object_component id="oc-134">
         <name>EPwm5RegsFile</name>
         <uninitialized>true</uninitialized>
         <readwrite>true</readwrite>
         <run_address>0x4400</run_address>
         <size>0x100</size>
         <alignment>0x2</alignment>
         <input_file_ref idref="fl-d"/>
      </object_component>
      <object_component id="oc-135">
         <name>EPwm6RegsFile</name>
         <uninitialized>true</uninitialized>
         <readwrite>true</readwrite>
         <run_address>0x4500</run_address>
         <size>0x100</size>
         <alignment>0x2</alignment>
         <input_file_ref idref="fl-d"/>
      </object_component>
      <object_component id="oc-136">
         <name>EPwm7RegsFile</name>
         <uninitialized>true</uninitialized>
         <readwrite>true</readwrite>
         <run_address>0x4600</run_address>
         <size>0x100</size>
         <alignment>0x2</alignment>
         <input_file_ref idref="fl-d"/>
      </object_component>
      <object_component id="oc-137">
         <name>EPwm8RegsFile</name>
         <uninitialized>true</uninitialized>
         <readwrite>true</readwrite>
         <run_address>0x4700</run_address>
         <size>0x100</size>
         <alignment>0x2</alignment>
         <input_file_ref idref="fl-d"/>
      </object_component>
      <object_component id="oc-138">
         <name>EPwm9RegsFile</name>
         <uninitialized>true</uninitialized>
         <readwrite>true</readwrite>
         <run_address>0x4800</run_address>
         <size>0x100</size>
         <alignment>0x2</alignment>
         <input_file_ref idref="fl-d"/>
      </object_component>
      <object_component id="oc-139">
         <name>EPwm10RegsFile</name>
         <uninitialized>true</uninitialized>
         <readwrite>true</readwrite>
         <run_address>0x4900</run_address>
         <size>0x100</size>
         <alignment>0x2</alignment>
         <input_file_ref idref="fl-d"/>
      </object_component>
      <object_component id="oc-13a">
         <name>EPwm11RegsFile</name>
         <uninitialized>true</uninitialized>
         <readwrite>true</readwrite>
         <run_address>0x4a00</run_address>
         <size>0x100</size>
         <alignment>0x2</alignment>
         <input_file_ref idref="fl-d"/>
      </object_component>
      <object_component id="oc-13b">
         <name>EPwm12RegsFile</name>
         <uninitialized>true</uninitialized>
         <readwrite>true</readwrite>
         <run_address>0x4b00</run_address>
         <size>0x100</size>
         <alignment>0x2</alignment>
         <input_file_ref idref="fl-d"/>
      </object_component>
      <object_component id="oc-121">
         <name>EPwmXbarRegsFile</name>
         <uninitialized>true</uninitialized>
         <readwrite>true</readwrite>
         <run_address>0x7a00</run_address>
         <size>0x40</size>
         <alignment>0x2</alignment>
         <input_file_ref idref="fl-d"/>
      </object_component>
      <object_component id="oc-103">
         <name>EQep1RegsFile</name>
         <uninitialized>true</uninitialized>
         <readwrite>true</readwrite>
         <run_address>0x5100</run_address>
         <size>0x22</size>
         <alignment>0x2</alignment>
         <input_file_ref idref="fl-d"/>
      </object_component>
      <object_component id="oc-105">
         <name>EQep2RegsFile</name>
         <uninitialized>true</uninitialized>
         <readwrite>true</readwrite>
         <run_address>0x5140</run_address>
         <size>0x22</size>
         <alignment>0x2</alignment>
         <input_file_ref idref="fl-d"/>
      </object_component>
      <object_component id="oc-106">
         <name>EQep3RegsFile</name>
         <uninitialized>true</uninitialized>
         <readwrite>true</readwrite>
         <run_address>0x5180</run_address>
         <size>0x22</size>
         <alignment>0x2</alignment>
         <input_file_ref idref="fl-d"/>
      </object_component>
      <object_component id="oc-144">
         <name>Flash0CtrlRegsFile</name>
         <uninitialized>true</uninitialized>
         <readwrite>true</readwrite>
         <run_address>0x5f800</run_address>
         <size>0x182</size>
         <alignment>0x2</alignment>
         <input_file_ref idref="fl-d"/>
      </object_component>
      <object_component id="oc-110">
         <name>Flash0EccRegsFile</name>
         <uninitialized>true</uninitialized>
         <readwrite>true</readwrite>
         <run_address>0x5fb00</run_address>
         <size>0x28</size>
         <alignment>0x2</alignment>
         <input_file_ref idref="fl-d"/>
      </object_component>
      <object_component id="oc-d0">
         <name>FlashPumpSemaphoreRegsFile</name>
         <uninitialized>true</uninitialized>
         <readwrite>true</readwrite>
         <run_address>0x50024</run_address>
         <size>0x2</size>
         <alignment>0x2</alignment>
         <input_file_ref idref="fl-d"/>
      </object_component>
      <object_component id="oc-143">
         <name>GpioCtrlRegsFile</name>
         <uninitialized>true</uninitialized>
         <readwrite>true</readwrite>
         <run_address>0x7c00</run_address>
         <size>0x180</size>
         <alignment>0x2</alignment>
         <input_file_ref idref="fl-d"/>
      </object_component>
      <object_component id="oc-113">
         <name>GpioDataRegsFile</name>
         <uninitialized>true</uninitialized>
         <readwrite>true</readwrite>
         <run_address>0x7f00</run_address>
         <size>0x30</size>
         <alignment>0x2</alignment>
         <input_file_ref idref="fl-d"/>
      </object_component>
      <object_component id="oc-107">
         <name>I2caRegsFile</name>
         <uninitialized>true</uninitialized>
         <readwrite>true</readwrite>
         <run_address>0x7300</run_address>
         <size>0x22</size>
         <alignment>0x1</alignment>
         <input_file_ref idref="fl-d"/>
      </object_component>
      <object_component id="oc-109">
         <name>I2cbRegsFile</name>
         <uninitialized>true</uninitialized>
         <readwrite>true</readwrite>
         <run_address>0x7340</run_address>
         <size>0x22</size>
         <alignment>0x1</alignment>
         <input_file_ref idref="fl-d"/>
      </object_component>
      <object_component id="oc-ff">
         <name>InputXbarRegsFile</name>
         <uninitialized>true</uninitialized>
         <readwrite>true</readwrite>
         <run_address>0x7900</run_address>
         <size>0x20</size>
         <alignment>0x2</alignment>
         <input_file_ref idref="fl-d"/>
      </object_component>
      <object_component id="oc-10a">
         <name>IpcRegsFile</name>
         <uninitialized>true</uninitialized>
         <readwrite>true</readwrite>
         <run_address>0x50000</run_address>
         <size>0x24</size>
         <alignment>0x2</alignment>
         <input_file_ref idref="fl-d"/>
      </object_component>
      <object_component id="oc-115">
         <name>MemoryErrorRegsFile</name>
         <uninitialized>true</uninitialized>
         <readwrite>true</readwrite>
         <run_address>0x5f500</run_address>
         <size>0x3a</size>
         <alignment>0x2</alignment>
         <input_file_ref idref="fl-d"/>
      </object_component>
      <object_component id="oc-127">
         <name>MemCfgRegsFile</name>
         <uninitialized>true</uninitialized>
         <readwrite>true</readwrite>
         <run_address>0x5f400</run_address>
         <size>0x76</size>
         <alignment>0x2</alignment>
         <input_file_ref idref="fl-d"/>
      </object_component>
      <object_component id="oc-10b">
         <name>McbspaRegsFile</name>
         <uninitialized>true</uninitialized>
         <readwrite>true</readwrite>
         <run_address>0x6000</run_address>
         <size>0x24</size>
         <alignment>0x1</alignment>
         <input_file_ref idref="fl-d"/>
      </object_component>
      <object_component id="oc-10d">
         <name>McbspbRegsFile</name>
         <uninitialized>true</uninitialized>
         <readwrite>true</readwrite>
         <run_address>0x6040</run_address>
         <size>0x24</size>
         <alignment>0x1</alignment>
         <input_file_ref idref="fl-d"/>
      </object_component>
      <object_component id="oc-d8">
         <name>NmiIntruptRegsFile</name>
         <uninitialized>true</uninitialized>
         <readwrite>true</readwrite>
         <run_address>0x7060</run_address>
         <size>0x7</size>
         <alignment>0x1</alignment>
         <input_file_ref idref="fl-d"/>
      </object_component>
      <object_component id="oc-122">
         <name>OutputXbarRegsFile</name>
         <uninitialized>true</uninitialized>
         <readwrite>true</readwrite>
         <run_address>0x7a80</run_address>
         <size>0x40</size>
         <alignment>0x2</alignment>
         <input_file_ref idref="fl-d"/>
      </object_component>
      <object_component id="oc-f6">
         <name>PieCtrlRegsFile</name>
         <uninitialized>true</uninitialized>
         <readwrite>true</readwrite>
         <run_address>0xce0</run_address>
         <size>0x1a</size>
         <alignment>0x1</alignment>
         <input_file_ref idref="fl-d"/>
      </object_component>
      <object_component id="oc-d1">
         <name>RomPrefetchRegsFile</name>
         <uninitialized>true</uninitialized>
         <readwrite>true</readwrite>
         <run_address>0x5e608</run_address>
         <size>0x2</size>
         <alignment>0x2</alignment>
         <input_file_ref idref="fl-d"/>
      </object_component>
      <object_component id="oc-d2">
         <name>RomWaitStateRegsFile</name>
         <uninitialized>true</uninitialized>
         <readwrite>true</readwrite>
         <run_address>0x5f540</run_address>
         <size>0x2</size>
         <alignment>0x2</alignment>
         <input_file_ref idref="fl-d"/>
      </object_component>
      <object_component id="oc-e0">
         <name>SciaRegsFile</name>
         <uninitialized>true</uninitialized>
         <readwrite>true</readwrite>
         <run_address>0x7200</run_address>
         <size>0x10</size>
         <alignment>0x1</alignment>
         <input_file_ref idref="fl-d"/>
      </object_component>
      <object_component id="oc-e2">
         <name>ScibRegsFile</name>
         <uninitialized>true</uninitialized>
         <readwrite>true</readwrite>
         <run_address>0x7210</run_address>
         <size>0x10</size>
         <alignment>0x1</alignment>
         <input_file_ref idref="fl-d"/>
      </object_component>
      <object_component id="oc-e3">
         <name>ScicRegsFile</name>
         <uninitialized>true</uninitialized>
         <readwrite>true</readwrite>
         <run_address>0x7220</run_address>
         <size>0x10</size>
         <alignment>0x1</alignment>
         <input_file_ref idref="fl-d"/>
      </object_component>
      <object_component id="oc-e4">
         <name>ScidRegsFile</name>
         <uninitialized>true</uninitialized>
         <readwrite>true</readwrite>
         <run_address>0x7230</run_address>
         <size>0x10</size>
         <alignment>0x1</alignment>
         <input_file_ref idref="fl-d"/>
      </object_component>
      <object_component id="oc-123">
         <name>Sdfm1RegsFile</name>
         <uninitialized>true</uninitialized>
         <readwrite>true</readwrite>
         <run_address>0x5e00</run_address>
         <size>0x48</size>
         <alignment>0x2</alignment>
         <input_file_ref idref="fl-d"/>
      </object_component>
      <object_component id="oc-125">
         <name>Sdfm2RegsFile</name>
         <uninitialized>true</uninitialized>
         <readwrite>true</readwrite>
         <run_address>0x5e80</run_address>
         <size>0x48</size>
         <alignment>0x2</alignment>
         <input_file_ref idref="fl-d"/>
      </object_component>
      <object_component id="oc-e5">
         <name>SpiaRegsFile</name>
         <uninitialized>true</uninitialized>
         <readwrite>true</readwrite>
         <run_address>0x6100</run_address>
         <size>0x10</size>
         <alignment>0x1</alignment>
         <input_file_ref idref="fl-d"/>
      </object_component>
      <object_component id="oc-e7">
         <name>SpibRegsFile</name>
         <uninitialized>true</uninitialized>
         <readwrite>true</readwrite>
         <run_address>0x6110</run_address>
         <size>0x10</size>
         <alignment>0x1</alignment>
         <input_file_ref idref="fl-d"/>
      </object_component>
      <object_component id="oc-e8">
         <name>SpicRegsFile</name>
         <uninitialized>true</uninitialized>
         <readwrite>true</readwrite>
         <run_address>0x6120</run_address>
         <size>0x10</size>
         <alignment>0x1</alignment>
         <input_file_ref idref="fl-d"/>
      </object_component>
      <object_component id="oc-d4">
         <name>SyncSocRegsFile</name>
         <uninitialized>true</uninitialized>
         <readwrite>true</readwrite>
         <run_address>0x7940</run_address>
         <size>0x6</size>
         <alignment>0x2</alignment>
         <input_file_ref idref="fl-d"/>
      </object_component>
      <object_component id="oc-126">
         <name>UppRegsFile</name>
         <uninitialized>true</uninitialized>
         <readwrite>true</readwrite>
         <run_address>0x6200</run_address>
         <size>0x48</size>
         <alignment>0x2</alignment>
         <input_file_ref idref="fl-d"/>
      </object_component>
      <object_component id="oc-111">
         <name>WdRegsFile</name>
         <uninitialized>true</uninitialized>
         <readwrite>true</readwrite>
         <run_address>0x7000</run_address>
         <size>0x2b</size>
         <alignment>0x1</alignment>
         <input_file_ref idref="fl-d"/>
      </object_component>
      <object_component id="oc-e9">
[...]
      </symbol>
      <symbol id="sm-5cd">
         <name>_AuxAuxClkSel</name>
         <value>0x8c3a</value>
         <object_component_ref idref="oc-23b"/>
      </symbol>
      <symbol id="sm-5cf">
         <name>_AuxIntOsc2Sel</name>
         <value>0x8c24</value>
         <object_component_ref idref="oc-23b"/>
      </symbol>
      <symbol id="sm-5d1">
         <name>_InitAuxPll</name>
         <value>0x8ae0</value>
         <object_component_ref idref="oc-23b"/>
      </symbol>
      <symbol id="sm-5d3">
         <name>_InitSysCtrl</name>
         <value>0x8800</value>
         <object_component_ref idref="oc-23b"/>
      </symbol>
      <symbol id="sm-5d5">
         <name>_STANDBY</name>
         <value>0x8c4d</value>
         <object_component_ref idref="oc-23b"/>
      </symbol>
      <symbol id="sm-5d7">
         <name>_AuxXtalOscSel</name>
         <value>0x8c2e</value>
         <object_component_ref idref="oc-23b"/>
      </symbol>
      <symbol id="sm-5e4">
         <name>_tempSensor_tempSlope</name>
         <value>0xabea</value>
         <object_component_ref idref="oc-187"/>
      </symbol>
      <symbol id="sm-5e5">
         <name>_tempSensor_tempOffset</name>
         <value>0xabec</value>
         <object_component_ref idref="oc-187"/>
      </symbol>
      <symbol id="sm-5e6">
         <name>_tempSensor_scaleFactor</name>
         <value>0xabee</value>
         <object_component_ref idref="oc-187"/>
      </symbol>
      <symbol id="sm-606">
         <name>_deviceOpen</name>
         <value>0xac12</value>
         <object_component_ref idref="oc-198"/>
      </symbol>
      <symbol id="sm-647">
         <name>_I2C</name>
         <value>0xabfc</value>
         <object_component_ref idref="oc-231"/>
      </symbol>
      <symbol id="sm-648">
         <name>_TRIP_SEL</name>
         <value>0xa9cc</value>
         <object_component_ref idref="oc-22f"/>
      </symbol>
      <symbol id="sm-649">
         <name>_EPWM</name>
         <value>0xaba4</value>
         <object_component_ref idref="oc-235"/>
      </symbol>
      <symbol id="sm-64a">
         <name>_MCBSP</name>
         <value>0xac00</value>
         <object_component_ref idref="oc-232"/>
      </symbol>
      <symbol id="sm-64b">
         <name>_ECAP</name>
         <value>0xa9ea</value>
         <object_component_ref idref="oc-22e"/>
      </symbol>
      <symbol id="sm-64c">
         <name>_SPI</name>
         <value>0xabe2</value>
         <object_component_ref idref="oc-22d"/>
      </symbol>
      <symbol id="sm-64d">
         <name>_EQEP</name>
         <value>0xa9f8</value>
         <object_component_ref idref="oc-230"/>
      </symbol>
      <symbol id="sm-64e">
         <name>_SDFM</name>
         <value>0xabf0</value>
         <object_component_ref idref="oc-233"/>
      </symbol>
      <symbol id="sm-64f">
         <name>_ADC</name>
         <value>0xabd8</value>
         <object_component_ref idref="oc-234"/>
      </symbol>
      <symbol id="sm-650">
         <name>_SCI</name>
         <value>0xac04</value>
         <object_component_ref idref="oc-22c"/>
      </symbol>
      <symbol id="sm-65c">
         <name>_F28x_usDelay</name>
         <value>0x240</value>
         <object_component_ref idref="oc-1a4"/>
      </symbol>
      <symbol id="sm-671">
         <name>_i_in_ref__7project</name>
         <value>0xa800</value>
         <object_component_ref idref="oc-1ab"/>
      </symbol>
      <symbol id="sm-672">
         <name>___ct__Q2_7project26BLDCDriveAndControlProjectFv</name>
         <value>0x9000</value>
         <object_component_ref idref="oc-228"/>
      </symbol>
      <symbol id="sm-674">
         <name>_w_m_rpm__7project</name>
         <value>0xa80e</value>
         <object_component_ref idref="oc-1ab"/>
      </symbol>
      <symbol id="sm-675">
         <name>_response__7project</name>
         <value>0xa810</value>
         <object_component_ref idref="oc-1ab"/>
      </symbol>
      <symbol id="sm-676">
         <name>_w_m_pi_control__Q2_7project26BLDCDriveAndControlProjectFv</name>
         <value>0x90aa</value>
         <object_component_ref idref="oc-228"/>
      </symbol>
      <symbol id="sm-678">
         <name>_calc_simulated_hall_sensor_freq__Q2_7project26BLDCDriveAndControlProjectFf</name>
         <value>0x910f</value>
         <object_component_ref idref="oc-228"/>
      </symbol>
      <symbol id="sm-67a">
         <name>_w_m_x1__7project</name>
         <value>0xa802</value>
         <object_component_ref idref="oc-1ab"/>
      </symbol>
      <symbol id="sm-67b">
         <name>_loop__Q2_7project26BLDCDriveAndControlProjectFv</name>
         <value>0x9048</value>
         <object_component_ref idref="oc-228"/>
      </symbol>
      <symbol id="sm-67d">
         <name>___sti___30_BLDCDriveAndControlProject_cpp_c4b5f932</name>
         <value>0x918b</value>
         <object_component_ref idref="oc-228"/>
      </symbol>
      <symbol id="sm-67f">
         <name>_project_startup__Q2_7project26BLDCDriveAndControlProjectFv</name>
         <value>0x9020</value>
         <object_component_ref idref="oc-228"/>
      </symbol>
      <symbol id="sm-681">
         <name>_setup_ecap__Q2_7project26BLDCDriveAndControlProjectFv</name>
         <value>0x9171</value>
         <object_component_ref idref="oc-228"/>
      </symbol>
      <symbol id="sm-683">
         <name>_setup_pwm__Q2_7project26BLDCDriveAndControlProjectFv</name>
         <value>0x9127</value>
         <object_component_ref idref="oc-228"/>
      </symbol>
      <symbol id="sm-685">
         <name>_i_in_x1__7project</name>
         <value>0xa806</value>
         <object_component_ref idref="oc-1ab"/>
      </symbol>
      <symbol id="sm-686">
         <name>_sim_hall_sensor_freq_read__7project</name>
         <value>0xa80c</value>
         <object_component_ref idref="oc-1ab"/>
      </symbol>
      <symbol id="sm-687">
         <name>_calc_simulated_w_m_feedback__Q2_7project26BLDCDriveAndControlProjectFf</name>
         <value>0x911b</value>
         <object_component_ref idref="oc-228"/>
      </symbol>
      <symbol id="sm-689">
         <name>_measures__7project</name>
         <value>0xa814</value>
         <object_component_ref idref="oc-1ab"/>
      </symbol>
      <symbol id="sm-68a">
         <name>_w_m_y1__7project</name>
         <value>0xa804</value>
         <object_component_ref idref="oc-1ab"/>
      </symbol>
      <symbol id="sm-68b">
         <name>_i_in_y1__7project</name>
         <value>0xa808</value>
         <object_component_ref idref="oc-1ab"/>
      </symbol>
      <symbol id="sm-68c">
         <name>_captured_ticks__7project</name>
         <value>0xa80a</value>
         <object_component_ref idref="oc-1ab"/>
      </symbol>
      <symbol id="sm-68d">
         <name>_pwm__7project</name>
         <value>0xa840</value>
         <object_component_ref idref="oc-1ab"/>
      </symbol>
      <symbol id="sm-68e">
         <name>_setup_mb__Q2_7project26BLDCDriveAndControlProjectFv</name>
         <value>0x9182</value>
         <object_component_ref idref="oc-228"/>
      </symbol>
      <symbol id="sm-690">
         <name>_mb__7project</name>
         <value>0xa8c0</value>
         <object_component_ref idref="oc-1ab"/>
      </symbol>
      <symbol id="sm-691">
         <name>_ecap__7project</name>
         <value>0xa81a</value>
         <object_component_ref idref="oc-1ab"/>
      </symbol>
      <symbol id="sm-6a2">
         <name>_PI__F6PI_CTSPffN22T3</name>
         <value>0x9542</value>
         <object_component_ref idref="oc-240"/>
      </symbol>
      <symbol id="sm-6c9">
         <name>_set_interrupt__Q2_11peripherals8EcapProjFPFKv_vUi</name>
         <value>0x926a</value>
         <object_component_ref idref="oc-22a"/>
      </symbol>
      <symbol id="sm-6cb">
         <name>_init_delta_mode__Q2_11peripherals8EcapProjFUi</name>
         <value>0x91c5</value>
         <object_component_ref idref="oc-22a"/>
      </symbol>
      <symbol id="sm-6cd">
         <name>___ct__Q2_11peripherals8EcapProjFv</name>
         <value>0x9198</value>
         <object_component_ref idref="oc-22a"/>
      </symbol>
      <symbol id="sm-6cf">
         <name>_get_period__Q2_11peripherals8EcapProjFUi</name>
         <value>0x92fb</value>
         <object_component_ref idref="oc-22a"/>
      </symbol>
      <symbol id="sm-6d1">
         <name>_set_gpio__Q2_11peripherals8EcapProjFUiT1</name>
         <value>0x9233</value>
         <object_component_ref idref="oc-22a"/>
      </symbol>
      <symbol id="sm-6d3">
         <name>_enable_interrupt__Q2_11peripherals8EcapProjFv</name>
         <value>0x92bf</value>
         <object_component_ref idref="oc-22a"/>
      </symbol>
      <symbol id="sm-6d5">
         <name>_clear_interrupt_flag__Q2_11peripherals8EcapProjFUi</name>
         <value>0x9309</value>
         <object_component_ref idref="oc-22a"/>
      </symbol>
      <symbol id="sm-6e4">
         <name>_set_interrupt__FPVPFKv_vPFKv_vUiPVUiT3</name>
         <value>0x9606</value>
         <object_component_ref idref="oc-244"/>
      </symbol>
      <symbol id="sm-6e6">
         <name>_powi__FfUs</name>
         <value>0x9618</value>
         <object_component_ref idref="oc-244"/>
      </symbol>
      <symbol id="sm-70e">
         <name>_sendModbusResponse__Q2_11peripherals14ModBusProtocolFPUiUi</name>
         <value>0x878a</value>
         <object_component_ref idref="oc-23a"/>
      </symbol>
      <symbol id="sm-710">
         <name>_init_T35_Timer__Q2_11peripherals14ModBusProtocolFv</name>
         <value>0x85b8</value>
         <object_component_ref idref="oc-23a"/>
      </symbol>
      <symbol id="sm-712">
         <name>_rxCount__11peripherals</name>
         <value>0xac0e</value>
         <object_component_ref idref="oc-1c4"/>
      </symbol>
      <symbol id="sm-713">
         <name>___ct__Q2_11peripherals14ModBusProtocolFv</name>
         <value>0x8585</value>
         <object_component_ref idref="oc-23a"/>
      </symbol>
      <symbol id="sm-715">
         <name>_frameComplete__11peripherals</name>
         <value>0xac0f</value>
         <object_component_ref idref="oc-1c4"/>
      </symbol>
      <symbol id="sm-716">
         <name>_calculate_CRC__Q2_11peripherals14ModBusProtocolFPUiUi</name>
         <value>0x8590</value>
         <object_component_ref idref="oc-23a"/>
      </symbol>
      <symbol id="sm-718">
         <name>_processModbusFrame__Q2_11peripherals14ModBusProtocolFv</name>
         <value>0x85ca</value>
         <object_component_ref idref="oc-23a"/>
      </symbol>
      <symbol id="sm-767">
         <name>_setSynchronizationWithModule1__Q2_11peripherals7PwmProjFUib</name>
         <value>0xb559</value>
         <object_component_ref idref="oc-229"/>
      </symbol>
      <symbol id="sm-769">
         <name>___CPR94__set_pwm_configuration__Q2_11peripherals7PwmProjFQ3_J26JJ39J20PresetConfigurations</name>
         <value>0xb067</value>
         <object_component_ref idref="oc-229"/>
      </symbol>
      <symbol id="sm-76b">
         <name>_set_interrupt__Q2_11peripherals7PwmProjFPFKv_vUi</name>
         <value>0xb287</value>
         <object_component_ref idref="oc-229"/>
      </symbol>
      <symbol id="sm-76d">
         <name>_enable_interrupt__Q2_11peripherals7PwmProjFv</name>
         <value>0xb340</value>
         <object_component_ref idref="oc-229"/>
      </symbol>
      <symbol id="sm-76f">
         <name>_init_pwm_triangle_interrupt_on_zero__Q2_11peripherals7PwmProjFUi</name>
         <value>0xb3b2</value>
         <object_component_ref idref="oc-229"/>
      </symbol>
      <symbol id="sm-771">
         <name>_init__Q2_11peripherals7PwmProjFv</name>
         <value>0xb07d</value>
         <object_component_ref idref="oc-229"/>
      </symbol>
      <symbol id="sm-773">
         <name>_enable_pwm_output__Q2_11peripherals7PwmProjFUi</name>
         <value>0xb318</value>
         <object_component_ref idref="oc-229"/>
      </symbol>
      <symbol id="sm-775">
         <name>_config_pwm_divs__Q2_11peripherals7PwmProjFUiN21</name>
         <value>0xb09d</value>
         <object_component_ref idref="oc-229"/>
      </symbol>
      <symbol id="sm-777">
         <name>_disable_pwm_output__Q2_11peripherals7PwmProjFUi</name>
         <value>0xb32c</value>
         <object_component_ref idref="oc-229"/>
      </symbol>
      <symbol id="sm-779">
         <name>_set_pwm_value__Q2_11peripherals7PwmProjFUif</name>
         <value>0xb151</value>
         <object_component_ref idref="oc-229"/>
      </symbol>
      <symbol id="sm-77b">
         <name>_set_gpio__Q2_11peripherals7PwmProjFUi</name>
         <value>0xb178</value>
         <object_component_ref idref="oc-229"/>
      </symbol>
      <symbol id="sm-77d">
         <name>_set_switching_frequency_Hz__Q2_11peripherals7PwmProjFUif</name>
         <value>0xb10f</value>
         <object_component_ref idref="oc-229"/>
      </symbol>
      <symbol id="sm-77f">
         <name>___ct__Q2_11peripherals7PwmProjFv</name>
         <value>0xb000</value>
         <object_component_ref idref="oc-229"/>
      </symbol>
      <symbol id="sm-792">
         <name>_scia_init__Fv</name>
         <value>0x8fa8</value>
         <object_component_ref idref="oc-23f"/>
      </symbol>
      <symbol id="sm-794">
         <name>_setup_baud__Ff</name>
         <value>0x8f37</value>
         <object_component_ref idref="oc-23f"/>
      </symbol>
      <symbol id="sm-796">
         <name>_sendData__FPvi</name>
         <value>0x8fae</value>
         <object_component_ref idref="oc-23f"/>
      </symbol>
      <symbol id="sm-798">
         <name>_receiveData__FPvi</name>
         <value>0x8fc3</value>
         <object_component_ref idref="oc-23f"/>
      </symbol>
      <symbol id="sm-79a">
         <name>_scia_com_init__Fv</name>
         <value>0x8f7c</value>
         <object_component_ref idref="oc-23f"/>
      </symbol>
      <symbol id="sm-79c">
         <name>_scia_fifo_init__Fi</name>
         <value>0x8f8f</value>
         <object_component_ref idref="oc-23f"/>
      </symbol>
      <symbol id="sm-7ad">
         <name>___nw__FUl</name>
         <value>0x9678</value>
         <object_component_ref idref="oc-239"/>
      </symbol>
      <symbol id="sm-7ba">
         <name>___default_new_handler__Fv</name>
         <value>0x87fd</value>
         <object_component_ref idref="oc-247"/>
      </symbol>
      <symbol id="sm-7c5">
         <name>__new_handler</name>
         <value>0xac10</value>
         <object_component_ref idref="oc-1df"/>
      </symbol>
      <symbol id="sm-7e0">
         <name>_c_int00</name>
         <value>0x87a5</value>
         <object_component_ref idref="oc-91"/>
      </symbol>
      <symbol id="sm-7e1">
         <name>__stack</name>
         <value>0x400</value>
         <object_component_ref idref="oc-1e1"/>
      </symbol>
      <symbol id="sm-7f2">
         <name>FS$$DIV</name>
         <value>0x943e</value>
         <object_component_ref idref="oc-1e7"/>
      </symbol>
      <symbol id="sm-7fe">
         <name>LL$$AND</name>
         <value>0xb7e5</value>
         <object_component_ref idref="oc-1ec"/>
      </symbol>
      <symbol id="sm-7ff">
         <name>LL$$OR</name>
         <value>0xb7ed</value>
         <object_component_ref idref="oc-1ec"/>
      </symbol>
      <symbol id="sm-800">
         <name>LL$$XOR</name>
         <value>0xb7f5</value>
         <object_component_ref idref="oc-1ec"/>
      </symbol>
      <symbol id="sm-80f">
         <name>_copy_in</name>
         <value>0x9654</value>
         <object_component_ref idref="oc-224"/>
      </symbol>
      <symbol id="sm-821">
         <name>_memcpy</name>
         <value>0x9699</value>
         <object_component_ref idref="oc-236"/>
      </symbol>
      <symbol id="sm-82e">
         <name>__system_pre_init</name>
         <value>0x87fb</value>
         <object_component_ref idref="oc-223"/>
      </symbol>
      <symbol id="sm-83c">
         <name>__system_post_cinit</name>
         <value>0x87fe</value>
         <object_component_ref idref="oc-225"/>
      </symbol>
      <symbol id="sm-851">
         <name>C$$EXIT</name>
         <value>0x8fd5</value>
         <object_component_ref idref="oc-227"/>
      </symbol>
      <symbol id="sm-852">
         <name>_exit</name>
         <value>0x8fd7</value>
         <object_component_ref idref="oc-227"/>
      </symbol>
      <symbol id="sm-854">
         <name>___TI_cleanup_ptr</name>
         <value>0xabf8</value>
         <object_component_ref idref="oc-207"/>
      </symbol>
      <symbol id="sm-855">
         <name>___TI_enable_exit_profile_output</name>
         <value>0xabf6</value>
         <object_component_ref idref="oc-207"/>
      </symbol>
      <symbol id="sm-856">
         <name>_abort</name>
         <value>0x8fd5</value>
         <object_component_ref idref="oc-227"/>
      </symbol>
      <symbol id="sm-858">
         <name>___TI_dtors_ptr</name>
         <value>0xabfa</value>
         <object_component_ref idref="oc-207"/>
      </symbol>
      <symbol id="sm-86c">
         <name>__unlock</name>
         <value>0xac0c</value>
         <object_component_ref idref="oc-24b"/>
      </symbol>
      <symbol id="sm-86d">
         <name>__lock</name>
         <value>0xabbe</value>
         <object_component_ref idref="oc-237"/>
      </symbol>
      <symbol id="sm-86e">
         <name>__register_lock</name>
         <value>0x96cf</value>
         <object_component_ref idref="oc-245"/>
      </symbol>
      <symbol id="sm-870">
         <name>__nop</name>
         <value>0x96d3</value>
         <object_component_ref idref="oc-245"/>
      </symbol>
      <symbol id="sm-872">
         <name>__register_unlock</name>
         <value>0x96cb</value>
         <object_component_ref idref="oc-245"/>
      </symbol>
      <symbol id="sm-882">
         <name>__args_main</name>
         <value>0x96b9</value>
         <object_component_ref idref="oc-226"/>
      </symbol>
      <symbol id="sm-8e0">
         <name>__sys_memory</name>
         <value>0xc000</value>
         <object_component_ref idref="oc-219"/>
      </symbol>
      <symbol id="sm-8e1">
         <name>___TI_heap_total_available</name>
         <value>0x8efb</value>
         <object_component_ref idref="oc-248"/>
      </symbol>
      <symbol id="sm-8e3">
         <name>_realloc</name>
         <value>0x8da0</value>
         <object_component_ref idref="oc-248"/>
      </symbol>
      <symbol id="sm-8e5">
         <name>___TI_heap_check</name>
         <value>0x8f35</value>
         <object_component_ref idref="oc-248"/>
      </symbol>
      <symbol id="sm-8e7">
         <name>_free</name>
         <value>0x8cd6</value>
         <object_component_ref idref="oc-248"/>
      </symbol>
      <symbol id="sm-8e9">
         <name>_memalign</name>
         <value>0x8e55</value>
         <object_component_ref idref="oc-248"/>
      </symbol>
      <symbol id="sm-8ea">
         <name>_calloc</name>
         <value>0x8e28</value>
         <object_component_ref idref="oc-248"/>
      </symbol>
      <symbol id="sm-8ec">
         <name>_malloc</name>
         <value>0x8cab</value>
         <object_component_ref idref="oc-248"/>
      </symbol>
      <symbol id="sm-8ee">
         <name>_aligned_alloc</name>
         <value>0x8e55</value>
         <object_component_ref idref="oc-248"/>
      </symbol>
      <symbol id="sm-8f0">
         <name>_minit</name>
         <value>0x8e24</value>
         <object_component_ref idref="oc-248"/>
      </symbol>
      <symbol id="sm-8f2">
         <name>___TI_heap_largest_available</name>
         <value>0x8f18</value>
         <object_component_ref idref="oc-248"/>
      </symbol>
      <symbol id="sm-901">
         <name>_memset</name>
         <value>0x96dc</value>
         <object_component_ref idref="oc-24c"/>
      </symbol>
   </symbol_table>
   <title>Link successful</title>
</link_info>
