<?xml version="1.0" encoding="ISO-8859-1" ?>
<link_info>
   <banner>TMS320C2000 Linker PC v25.11.0.LTS</banner>
   <copyright>Copyright (c) 1996-2018 Texas Instruments Incorporated</copyright>
   <command_line>C:\ti\ccs2051\ccs\tools\compiler\ti-cgt-c2000_25.11.0.LTS\bin\lnk2000.exe -lC:\\Users\\vibar\\AppData\\Local\\Temp\\{45371AF4-C816-4E39-9478-7B204984DD7F}</command_line>
   <link_time>0x6a333a0b</link_time>
   <link_errors>0x0</link_errors>
   <output_file>F:\Dev\Cpp_Lib_For_PSIM\Projetos\Proj-micro\Tarefas\DSP\PROJETO-CTRL-BLDC-EEE614\CPU1_RAM\PROJETO-CTRL-BLDC-EEE614.out</output_file>
   <entry_point>
      <name>_c_int00</name>
      <address>0x9217</address>
   </entry_point>
   <input_file_list>
      <input_file id="fl-2">
         <path>F:\Dev\Cpp_Lib_For_PSIM\Projetos\Proj-micro\Tarefas\DSP\PROJETO-CTRL-BLDC-EEE614\CPU1_RAM\.\</path>
         <kind>object</kind>
         <file>main.obj</file>
         <name>main.obj</name>
      </input_file>
      <input_file id="fl-3">
         <path>F:\Dev\Cpp_Lib_For_PSIM\Projetos\Proj-micro\Tarefas\DSP\PROJETO-CTRL-BLDC-EEE614\CPU1_RAM\.\TI\</path>
         <kind>object</kind>
         <file>F2837xD_Adc.obj</file>
         <name>F2837xD_Adc.obj</name>
      </input_file>
      <input_file id="fl-4">
         <path>F:\Dev\Cpp_Lib_For_PSIM\Projetos\Proj-micro\Tarefas\DSP\PROJETO-CTRL-BLDC-EEE614\CPU1_RAM\.\TI\</path>
         <kind>object</kind>
         <file>F2837xD_CodeStartBranch.obj</file>
         <name>F2837xD_CodeStartBranch.obj</name>
      </input_file>
      <input_file id="fl-5">
         <path>F:\Dev\Cpp_Lib_For_PSIM\Projetos\Proj-micro\Tarefas\DSP\PROJETO-CTRL-BLDC-EEE614\CPU1_RAM\.\TI\</path>
         <kind>object</kind>
         <file>F2837xD_DefaultISR.obj</file>
         <name>F2837xD_DefaultISR.obj</name>
      </input_file>
      <input_file id="fl-6">
         <path>F:\Dev\Cpp_Lib_For_PSIM\Projetos\Proj-micro\Tarefas\DSP\PROJETO-CTRL-BLDC-EEE614\CPU1_RAM\.\TI\</path>
         <kind>object</kind>
         <file>F2837xD_ECap.obj</file>
         <name>F2837xD_ECap.obj</name>
      </input_file>
      <input_file id="fl-7">
         <path>F:\Dev\Cpp_Lib_For_PSIM\Projetos\Proj-micro\Tarefas\DSP\PROJETO-CTRL-BLDC-EEE614\CPU1_RAM\.\TI\</path>
         <kind>object</kind>
         <file>F2837xD_EPwm.obj</file>
         <name>F2837xD_EPwm.obj</name>
      </input_file>
      <input_file id="fl-8">
         <path>F:\Dev\Cpp_Lib_For_PSIM\Projetos\Proj-micro\Tarefas\DSP\PROJETO-CTRL-BLDC-EEE614\CPU1_RAM\.\TI\</path>
         <kind>object</kind>
         <file>F2837xD_GlobalVariableDefs.obj</file>
         <name>F2837xD_GlobalVariableDefs.obj</name>
      </input_file>
      <input_file id="fl-9">
         <path>F:\Dev\Cpp_Lib_For_PSIM\Projetos\Proj-micro\Tarefas\DSP\PROJETO-CTRL-BLDC-EEE614\CPU1_RAM\.\TI\</path>
         <kind>object</kind>
         <file>F2837xD_Gpio.obj</file>
         <name>F2837xD_Gpio.obj</name>
      </input_file>
      <input_file id="fl-a">
         <path>F:\Dev\Cpp_Lib_For_PSIM\Projetos\Proj-micro\Tarefas\DSP\PROJETO-CTRL-BLDC-EEE614\CPU1_RAM\.\TI\</path>
         <kind>object</kind>
         <file>F2837xD_PieCtrl.obj</file>
         <name>F2837xD_PieCtrl.obj</name>
      </input_file>
      <input_file id="fl-b">
         <path>F:\Dev\Cpp_Lib_For_PSIM\Projetos\Proj-micro\Tarefas\DSP\PROJETO-CTRL-BLDC-EEE614\CPU1_RAM\.\TI\</path>
         <kind>object</kind>
         <file>F2837xD_PieVect.obj</file>
         <name>F2837xD_PieVect.obj</name>
      </input_file>
      <input_file id="fl-c">
         <path>F:\Dev\Cpp_Lib_For_PSIM\Projetos\Proj-micro\Tarefas\DSP\PROJETO-CTRL-BLDC-EEE614\CPU1_RAM\.\TI\</path>
         <kind>object</kind>
         <file>F2837xD_SysCtrl.obj</file>
         <name>F2837xD_SysCtrl.obj</name>
      </input_file>
      <input_file id="fl-d">
         <path>F:\Dev\Cpp_Lib_For_PSIM\Projetos\Proj-micro\Tarefas\DSP\PROJETO-CTRL-BLDC-EEE614\CPU1_RAM\.\TI\</path>
         <kind>object</kind>
         <file>F2837xD_usDelay.obj</file>
         <name>F2837xD_usDelay.obj</name>
      </input_file>
      <input_file id="fl-e">
         <path>F:\Dev\Cpp_Lib_For_PSIM\Projetos\Proj-micro\Tarefas\DSP\PROJETO-CTRL-BLDC-EEE614\CPU1_RAM\.\source\</path>
         <kind>object</kind>
         <file>BLDCDriveAndControlProject.obj</file>
         <name>BLDCDriveAndControlProject.obj</name>
      </input_file>
      <input_file id="fl-f">
         <path>F:\Dev\Cpp_Lib_For_PSIM\Projetos\Proj-micro\Tarefas\DSP\PROJETO-CTRL-BLDC-EEE614\CPU1_RAM\.\source\</path>
         <kind>object</kind>
         <file>BLDC_basis.obj</file>
         <name>BLDC_basis.obj</name>
      </input_file>
      <input_file id="fl-10">
         <path>F:\Dev\Cpp_Lib_For_PSIM\Projetos\Proj-micro\Tarefas\DSP\PROJETO-CTRL-BLDC-EEE614\CPU1_RAM\.\source\</path>
         <kind>object</kind>
         <file>control_logics.obj</file>
         <name>control_logics.obj</name>
      </input_file>
      <input_file id="fl-11">
         <path>F:\Dev\Cpp_Lib_For_PSIM\Projetos\Proj-micro\Tarefas\DSP\PROJETO-CTRL-BLDC-EEE614\CPU1_RAM\.\source\</path>
         <kind>object</kind>
         <file>ecap.obj</file>
         <name>ecap.obj</name>
      </input_file>
      <input_file id="fl-12">
         <path>F:\Dev\Cpp_Lib_For_PSIM\Projetos\Proj-micro\Tarefas\DSP\PROJETO-CTRL-BLDC-EEE614\CPU1_RAM\.\source\</path>
         <kind>object</kind>
         <file>global_definitions.obj</file>
         <name>global_definitions.obj</name>
      </input_file>
      <input_file id="fl-13">
         <path>F:\Dev\Cpp_Lib_For_PSIM\Projetos\Proj-micro\Tarefas\DSP\PROJETO-CTRL-BLDC-EEE614\CPU1_RAM\.\source\</path>
         <kind>object</kind>
         <file>pwm.obj</file>
         <name>pwm.obj</name>
      </input_file>
      <input_file id="fl-14">
         <path>F:\Dev\Cpp_Lib_For_PSIM\Projetos\Proj-micro\Tarefas\DSP\PROJETO-CTRL-BLDC-EEE614\CPU1_RAM\.\source\</path>
         <kind>object</kind>
         <file>sci_com.obj</file>
         <name>sci_com.obj</name>
      </input_file>
      <input_file id="fl-1a">
         <path>F:\Dev\Cpp_Lib_For_PSIM\Projetos\Proj-micro\Tarefas\DSP\PROJETO-CTRL-BLDC-EEE614\CPU1_RAM\</path>
         <kind>object</kind>
         <file>&lt;internal&gt;</file>
         <name>&lt;internal&gt;</name>
      </input_file>
      <input_file id="fl-29">
         <path>C:\ti\ccs2051\ccs\tools\compiler\ti-cgt-c2000_25.11.0.LTS\lib\</path>
         <kind>archive</kind>
         <file>rts2800_fpu32.lib</file>
         <name>new.c.obj</name>
      </input_file>
      <input_file id="fl-2a">
         <path>C:\ti\ccs2051\ccs\tools\compiler\ti-cgt-c2000_25.11.0.LTS\lib\</path>
         <kind>archive</kind>
         <file>rts2800_fpu32.lib</file>
         <name>newhandler.c.obj</name>
      </input_file>
      <input_file id="fl-2b">
         <path>C:\ti\ccs2051\ccs\tools\compiler\ti-cgt-c2000_25.11.0.LTS\lib\</path>
         <kind>archive</kind>
         <file>rts2800_fpu32.lib</file>
         <name>vars.c.obj</name>
      </input_file>
      <input_file id="fl-2c">
         <path>C:\ti\ccs2051\ccs\tools\compiler\ti-cgt-c2000_25.11.0.LTS\lib\</path>
         <kind>archive</kind>
         <file>rts2800_fpu32.lib</file>
         <name>boot28.asm.obj</name>
      </input_file>
      <input_file id="fl-2d">
         <path>C:\ti\ccs2051\ccs\tools\compiler\ti-cgt-c2000_25.11.0.LTS\lib\</path>
         <kind>archive</kind>
         <file>rts2800_fpu32.lib</file>
         <name>fs_div28.asm.obj</name>
      </input_file>
      <input_file id="fl-2e">
         <path>C:\ti\ccs2051\ccs\tools\compiler\ti-cgt-c2000_25.11.0.LTS\lib\</path>
         <kind>archive</kind>
         <file>rts2800_fpu32.lib</file>
         <name>cpy_tbl.c.obj</name>
      </input_file>
      <input_file id="fl-2f">
         <path>C:\ti\ccs2051\ccs\tools\compiler\ti-cgt-c2000_25.11.0.LTS\lib\</path>
         <kind>archive</kind>
         <file>rts2800_fpu32.lib</file>
         <name>memcpy.c.obj</name>
      </input_file>
      <input_file id="fl-30">
         <path>C:\ti\ccs2051\ccs\tools\compiler\ti-cgt-c2000_25.11.0.LTS\lib\</path>
         <kind>archive</kind>
         <file>rts2800_fpu32.lib</file>
         <name>pre_init.c.obj</name>
      </input_file>
      <input_file id="fl-31">
         <path>C:\ti\ccs2051\ccs\tools\compiler\ti-cgt-c2000_25.11.0.LTS\lib\</path>
         <kind>archive</kind>
         <file>rts2800_fpu32.lib</file>
         <name>startup.c.obj</name>
      </input_file>
      <input_file id="fl-32">
         <path>C:\ti\ccs2051\ccs\tools\compiler\ti-cgt-c2000_25.11.0.LTS\lib\</path>
         <kind>archive</kind>
         <file>rts2800_fpu32.lib</file>
         <name>exit.c.obj</name>
      </input_file>
      <input_file id="fl-33">
         <path>C:\ti\ccs2051\ccs\tools\compiler\ti-cgt-c2000_25.11.0.LTS\lib\</path>
         <kind>archive</kind>
         <file>rts2800_fpu32.lib</file>
         <name>_lock.c.obj</name>
      </input_file>
      <input_file id="fl-34">
         <path>C:\ti\ccs2051\ccs\tools\compiler\ti-cgt-c2000_25.11.0.LTS\lib\</path>
         <kind>archive</kind>
         <file>rts2800_fpu32.lib</file>
         <name>args_main.c.obj</name>
      </input_file>
      <input_file id="fl-35">
         <path>C:\ti\ccs2051\ccs\tools\compiler\ti-cgt-c2000_25.11.0.LTS\lib\</path>
         <kind>archive</kind>
         <file>rts2800_fpu32.lib</file>
         <name>memory.c.obj</name>
      </input_file>
      <input_file id="fl-36">
         <path>C:\ti\ccs2051\ccs\tools\compiler\ti-cgt-c2000_25.11.0.LTS\lib\</path>
         <kind>archive</kind>
         <file>rts2800_fpu32.lib</file>
         <name>memset.c.obj</name>
      </input_file>
   </input_file_list>
   <object_component_list>
      <object_component id="oc-a0">
         <name>codestart</name>
         <load_address>0x0</load_address>
         <readonly>true</readonly>
         <executable>true</executable>
         <run_address>0x0</run_address>
         <size>0x2</size>
         <alignment>0x1</alignment>
         <input_file_ref idref="fl-4"/>
      </object_component>
      <object_component id="oc-a6">
         <name>.text:retain</name>
         <load_address>0x8000</load_address>
         <readonly>true</readonly>
         <executable>true</executable>
         <run_address>0x8000</run_address>
         <size>0x585</size>
         <alignment>0x1</alignment>
         <input_file_ref idref="fl-5"/>
      </object_component>
      <object_component id="oc-1b2">
         <name>.text</name>
         <load_address>0x8585</load_address>
         <readonly>true</readonly>
         <executable>true</executable>
         <run_address>0x8585</run_address>
         <size>0x197</size>
         <alignment>0x1</alignment>
         <input_file_ref idref="fl-11"/>
      </object_component>
      <object_component id="oc-1af">
         <name>.text</name>
         <load_address>0x871c</load_address>
         <readonly>true</readonly>
         <executable>true</executable>
         <run_address>0x871c</run_address>
         <size>0x9e</size>
         <alignment>0x1</alignment>
         <input_file_ref idref="fl-14"/>
      </object_component>
      <object_component id="oc-1b3">
         <name>.text</name>
         <load_address>0x87ba</load_address>
         <readonly>true</readonly>
         <executable>true</executable>
         <run_address>0x87ba</run_address>
         <size>0x39</size>
         <alignment>0x1</alignment>
         <input_file_ref idref="fl-2"/>
      </object_component>
      <object_component id="oc-9f">
         <name>.text</name>
         <load_address>0x87f3</load_address>
         <readonly>true</readonly>
         <executable>true</executable>
         <run_address>0x87f3</run_address>
         <size>0x8</size>
         <alignment>0x1</alignment>
         <input_file_ref idref="fl-4"/>
      </object_component>
      <object_component id="oc-1aa">
         <name>.text</name>
         <load_address>0x87fb</load_address>
         <readonly>true</readonly>
         <executable>true</executable>
         <run_address>0x87fb</run_address>
         <size>0x2</size>
         <alignment>0x1</alignment>
         <input_file_ref idref="fl-30"/>
      </object_component>
      <object_component id="oc-1c3">
         <name>.text</name>
         <load_address>0x87fd</load_address>
         <readonly>true</readonly>
         <executable>true</executable>
         <run_address>0x87fd</run_address>
         <size>0x1</size>
         <alignment>0x1</alignment>
         <input_file_ref idref="fl-2a"/>
      </object_component>
      <object_component id="oc-1ac">
         <name>.text</name>
         <load_address>0x87fe</load_address>
         <readonly>true</readonly>
         <executable>true</executable>
         <run_address>0x87fe</run_address>
         <size>0x1</size>
         <alignment>0x1</alignment>
         <input_file_ref idref="fl-31"/>
      </object_component>
      <object_component id="oc-1b8">
         <name>.text</name>
         <load_address>0x8800</load_address>
         <readonly>true</readonly>
         <executable>true</executable>
         <run_address>0x8800</run_address>
         <size>0x4ab</size>
         <alignment>0x1</alignment>
         <input_file_ref idref="fl-c"/>
      </object_component>
      <object_component id="oc-1c4">
         <name>.text</name>
         <load_address>0x8cab</load_address>
         <readonly>true</readonly>
         <executable>true</executable>
         <run_address>0x8cab</run_address>
         <size>0x28c</size>
         <alignment>0x1</alignment>
         <input_file_ref idref="fl-35"/>
      </object_component>
      <object_component id="oc-173">
         <name>.text</name>
         <load_address>0x8f37</load_address>
         <readonly>true</readonly>
         <executable>true</executable>
         <run_address>0x8f37</run_address>
         <size>0x88</size>
         <alignment>0x1</alignment>
         <input_file_ref idref="fl-2d"/>
      </object_component>
      <object_component id="oc-1ae">
         <name>.text</name>
         <load_address>0x8fbf</load_address>
         <readonly>true</readonly>
         <executable>true</executable>
         <run_address>0x8fbf</run_address>
         <size>0x29</size>
         <alignment>0x1</alignment>
         <input_file_ref idref="fl-32"/>
      </object_component>
      <object_component id="oc-1c7">
         <name>.text</name>
         <load_address>0x8fe8</load_address>
         <readonly>true</readonly>
         <executable>true</executable>
         <run_address>0x8fe8</run_address>
         <size>0x7</size>
         <alignment>0x1</alignment>
         <input_file_ref idref="fl-36"/>
      </object_component>
      <object_component id="oc-1b0">
         <name>.text</name>
         <load_address>0x9000</load_address>
         <readonly>true</readonly>
         <executable>true</executable>
         <run_address>0x9000</run_address>
         <size>0x129</size>
         <alignment>0x1</alignment>
         <input_file_ref idref="fl-e"/>
      </object_component>
      <object_component id="oc-94">
         <name>.text:retain</name>
         <load_address>0x9129</load_address>
         <readonly>true</readonly>
         <executable>true</executable>
         <run_address>0x9129</run_address>
         <size>0xee</size>
         <alignment>0x1</alignment>
         <input_file_ref idref="fl-2"/>
      </object_component>
      <object_component id="oc-91">
         <name>.text</name>
         <load_address>0x9217</load_address>
         <readonly>true</readonly>
         <executable>true</executable>
         <run_address>0x9217</run_address>
         <size>0x56</size>
         <alignment>0x1</alignment>
         <input_file_ref idref="fl-2c"/>
      </object_component>
      <object_component id="oc-1bc">
         <name>.text</name>
         <load_address>0x926d</load_address>
         <readonly>true</readonly>
         <executable>true</executable>
         <run_address>0x926d</run_address>
         <size>0x54</size>
         <alignment>0x1</alignment>
         <input_file_ref idref="fl-10"/>
      </object_component>
      <object_component id="oc-1ba">
         <name>.text</name>
         <load_address>0x92c1</load_address>
         <readonly>true</readonly>
         <executable>true</executable>
         <run_address>0x92c1</run_address>
         <size>0x28</size>
         <alignment>0x1</alignment>
         <input_file_ref idref="fl-a"/>
      </object_component>
      <object_component id="oc-1c0">
         <name>.text</name>
         <load_address>0x92e9</load_address>
         <readonly>true</readonly>
         <executable>true</executable>
         <run_address>0x92e9</run_address>
         <size>0x28</size>
         <alignment>0x1</alignment>
         <input_file_ref idref="fl-12"/>
      </object_component>
      <object_component id="oc-1bb">
         <name>.text</name>
         <load_address>0x9311</load_address>
         <readonly>true</readonly>
         <executable>true</executable>
         <run_address>0x9311</run_address>
         <size>0x26</size>
         <alignment>0x1</alignment>
         <input_file_ref idref="fl-b"/>
      </object_component>
      <object_component id="oc-1ab">
         <name>.text</name>
         <load_address>0x9337</load_address>
         <readonly>true</readonly>
         <executable>true</executable>
         <run_address>0x9337</run_address>
         <size>0x24</size>
         <alignment>0x1</alignment>
         <input_file_ref idref="fl-2e"/>
      </object_component>
      <object_component id="oc-1b7">
         <name>.text</name>
         <load_address>0x935b</load_address>
         <readonly>true</readonly>
         <executable>true</executable>
         <run_address>0x935b</run_address>
         <size>0x21</size>
         <alignment>0x1</alignment>
         <input_file_ref idref="fl-29"/>
      </object_component>
      <object_component id="oc-1b4">
         <name>.text</name>
         <load_address>0x937c</load_address>
         <readonly>true</readonly>
         <executable>true</executable>
         <run_address>0x937c</run_address>
         <size>0x20</size>
         <alignment>0x1</alignment>
         <input_file_ref idref="fl-2f"/>
      </object_component>
      <object_component id="oc-1b1">
         <name>.text</name>
         <load_address>0xb000</load_address>
         <readonly>true</readonly>
         <executable>true</executable>
         <run_address>0xb000</run_address>
         <size>0x5a1</size>
         <alignment>0x1</alignment>
         <input_file_ref idref="fl-13"/>
      </object_component>
      <object_component id="oc-1b9">
         <name>.text</name>
         <load_address>0xb5a1</load_address>
         <readonly>true</readonly>
         <executable>true</executable>
         <run_address>0xb5a1</run_address>
         <size>0x244</size>
         <alignment>0x1</alignment>
         <input_file_ref idref="fl-9"/>
      </object_component>
      <object_component id="oc-1ad">
         <name>.text</name>
         <load_address>0xb7e5</load_address>
         <readonly>true</readonly>
         <executable>true</executable>
         <run_address>0xb7e5</run_address>
         <size>0x12</size>
         <alignment>0x1</alignment>
         <input_file_ref idref="fl-34"/>
      </object_component>
      <object_component id="oc-1c1">
         <name>.text</name>
         <load_address>0xb7f7</load_address>
         <readonly>true</readonly>
         <executable>true</executable>
         <run_address>0xb7f7</run_address>
         <size>0x9</size>
         <alignment>0x1</alignment>
         <input_file_ref idref="fl-33"/>
      </object_component>
      <object_component id="oc-13d">
         <name>.cinit</name>
         <load_address>0x123</load_address>
         <readwrite>true</readwrite>
         <run_address>0x123</run_address>
         <size>0x28</size>
         <alignment>0x1</alignment>
         <input_file_ref idref="fl-e"/>
      </object_component>
      <object_component id="oc-18d">
         <name>.cinit</name>
         <load_address>0x14b</load_address>
         <readwrite>true</readwrite>
         <run_address>0x14b</run_address>
         <size>0xe</size>
         <alignment>0x1</alignment>
         <input_file_ref idref="fl-32"/>
      </object_component>
      <object_component id="oc-1b6">
         <name>.cinit:__lock</name>
         <load_address>0x159</load_address>
         <readwrite>true</readwrite>
         <run_address>0x159</run_address>
         <size>0x5</size>
         <alignment>0x1</alignment>
         <input_file_ref idref="fl-33"/>
      </object_component>
      <object_component id="oc-1c2">
         <name>.cinit:__unlock</name>
         <load_address>0x15e</load_address>
         <readwrite>true</readwrite>
         <run_address>0x15e</run_address>
         <size>0x5</size>
         <alignment>0x1</alignment>
         <input_file_ref idref="fl-33"/>
      </object_component>
      <object_component id="oc-16a">
         <name>.cinit</name>
         <load_address>0x163</load_address>
         <readwrite>true</readwrite>
         <run_address>0x163</run_address>
         <size>0x5</size>
         <alignment>0x1</alignment>
         <input_file_ref idref="fl-2b"/>
      </object_component>
      <object_component id="oc-19e">
         <name>.cinit</name>
         <load_address>0x168</load_address>
         <readwrite>true</readwrite>
         <run_address>0x168</run_address>
         <size>0x4</size>
         <alignment>0x1</alignment>
         <input_file_ref idref="fl-35"/>
      </object_component>
      <object_component id="oc-1be">
         <name>.switch:_set_gpio__Q2_11peripherals7PwmProjFUi</name>
         <load_address>0x16e</load_address>
         <readwrite>true</readwrite>
         <run_address>0x16e</run_address>
         <size>0x18</size>
         <alignment>0x2</alignment>
         <input_file_ref idref="fl-13"/>
      </object_component>
      <object_component id="oc-1bf">
         <name>.switch:_set_interrupt__Q2_11peripherals7PwmProjFPFKv_vUi</name>
         <load_address>0x186</load_address>
         <readwrite>true</readwrite>
         <run_address>0x186</run_address>
         <size>0x18</size>
         <alignment>0x2</alignment>
         <input_file_ref idref="fl-13"/>
      </object_component>
      <object_component id="oc-16e">
         <name>.reset</name>
         <load_address>0x3fffc0</load_address>
         <readwrite>true</readwrite>
         <run_address>0x3fffc0</run_address>
         <size>0x2</size>
         <alignment>0x2</alignment>
         <input_file_ref idref="fl-2c"/>
      </object_component>
      <object_component id="oc-16d">
         <name>.stack</name>
         <uninitialized>true</uninitialized>
         <readwrite>true</readwrite>
         <run_address>0x400</run_address>
         <size>0x0</size>
         <alignment>0x1</alignment>
         <input_file_ref idref="fl-2c"/>
      </object_component>
      <object_component id="oc-25f">
         <name>.stack</name>
         <uninitialized>true</uninitialized>
         <readwrite>true</readwrite>
         <run_address>0x400</run_address>
         <size>0x0</size>
         <alignment>0x2</alignment>
      </object_component>
      <object_component id="oc-13f">
         <name>.pinit</name>
         <load_address>0x19e</load_address>
         <readwrite>true</readwrite>
         <run_address>0x19e</run_address>
         <size>0x2</size>
         <alignment>0x2</alignment>
         <input_file_ref idref="fl-e"/>
      </object_component>
      <object_component id="oc-95">
         <name>.pinit</name>
         <load_address>0x1a0</load_address>
         <readwrite>true</readwrite>
         <run_address>0x1a0</run_address>
         <size>0x2</size>
         <alignment>0x2</alignment>
         <input_file_ref idref="fl-2"/>
      </object_component>
      <object_component id="oc-93">
         <name>.ebss</name>
         <uninitialized>true</uninitialized>
         <readwrite>true</readwrite>
         <run_address>0xaec0</run_address>
         <size>0x94</size>
         <alignment>0x2</alignment>
         <input_file_ref idref="fl-2"/>
      </object_component>
      <object_component id="oc-13e">
         <name>.ebss</name>
         <uninitialized>true</uninitialized>
         <readwrite>true</readwrite>
         <run_address>0xae00</run_address>
         <size>0xa4</size>
         <alignment>0x2</alignment>
         <input_file_ref idref="fl-e"/>
      </object_component>
      <object_component id="oc-16b">
         <name>.ebss</name>
         <uninitialized>true</uninitialized>
         <readwrite>true</readwrite>
         <run_address>0xadde</run_address>
         <size>0x2</size>
         <alignment>0x2</alignment>
         <input_file_ref idref="fl-2b"/>
      </object_component>
      <object_component id="oc-18e">
         <name>.ebss</name>
         <uninitialized>true</uninitialized>
         <readwrite>true</readwrite>
         <run_address>0xadd0</run_address>
         <size>0x6</size>
         <alignment>0x2</alignment>
         <input_file_ref idref="fl-32"/>
      </object_component>
      <object_component id="oc-1b5">
         <name>.ebss:__lock</name>
         <uninitialized>true</uninitialized>
         <readwrite>true</readwrite>
         <run_address>0xadda</run_address>
         <size>0x2</size>
         <alignment>0x2</alignment>
         <input_file_ref idref="fl-33"/>
      </object_component>
      <object_component id="oc-1c6">
         <name>.ebss:__unlock</name>
         <uninitialized>true</uninitialized>
         <readwrite>true</readwrite>
         <run_address>0xaddc</run_address>
         <size>0x2</size>
         <alignment>0x2</alignment>
         <input_file_ref idref="fl-33"/>
      </object_component>
      <object_component id="oc-19f">
         <name>.ebss</name>
         <uninitialized>true</uninitialized>
         <readwrite>true</readwrite>
         <run_address>0xadd6</run_address>
         <size>0x4</size>
         <alignment>0x2</alignment>
         <input_file_ref idref="fl-35"/>
      </object_component>
      <object_component id="oc-1c5">
         <name>.econst:_PieVectTableInit</name>
         <load_address>0xac00</load_address>
         <readwrite>true</readwrite>
         <run_address>0xac00</run_address>
         <size>0x1c0</size>
         <alignment>0x2</alignment>
         <input_file_ref idref="fl-b"/>
      </object_component>
      <object_component id="oc-1bd">
         <name>.econst:_$P$T0$1</name>
         <load_address>0xadc0</load_address>
         <readwrite>true</readwrite>
         <run_address>0xadc0</run_address>
         <size>0x10</size>
         <alignment>0x2</alignment>
         <input_file_ref idref="fl-13"/>
      </object_component>
      <object_component id="oc-1a0">
         <name>.esysmem</name>
         <uninitialized>true</uninitialized>
         <readwrite>true</readwrite>
         <run_address>0xa800</run_address>
         <size>0x4</size>
         <alignment>0x2</alignment>
         <input_file_ref idref="fl-35"/>
      </object_component>
      <object_component id="oc-260">
         <name>.esysmem</name>
         <uninitialized>true</uninitialized>
         <readwrite>true</readwrite>
         <run_address>0xa800</run_address>
         <size>0x0</size>
         <alignment>0x2</alignment>
      </object_component>
      <object_component id="oc-137">
         <name>.TI.ramfunc</name>
         <load_address>0x1a4</load_address>
         <readonly>true</readonly>
         <executable>true</executable>
         <run_address>0x1a4</run_address>
         <size>0x4</size>
         <alignment>0x1</alignment>
         <input_file_ref idref="fl-d"/>
      </object_component>
      <object_component id="oc-121">
         <name>PieVectTableFile</name>
         <uninitialized>true</uninitialized>
         <readwrite>true</readwrite>
         <run_address>0xd00</run_address>
         <size>0x1c0</size>
         <alignment>0x2</alignment>
         <input_file_ref idref="fl-8"/>
      </object_component>
      <object_component id="oc-f1">
         <name>AccessProtectionRegsFile</name>
         <uninitialized>true</uninitialized>
         <readwrite>true</readwrite>
         <run_address>0x5f4c0</run_address>
         <size>0x2e</size>
         <alignment>0x2</alignment>
         <input_file_ref idref="fl-8"/>
      </object_component>
      <object_component id="oc-106">
         <name>AdcaRegsFile</name>
         <uninitialized>true</uninitialized>
         <readwrite>true</readwrite>
         <run_address>0x7400</run_address>
         <size>0x7c</size>
         <alignment>0x2</alignment>
         <input_file_ref idref="fl-8"/>
      </object_component>
      <object_component id="oc-107">
         <name>AdcbRegsFile</name>
         <uninitialized>true</uninitialized>
         <readwrite>true</readwrite>
         <run_address>0x7480</run_address>
         <size>0x7c</size>
         <alignment>0x2</alignment>
         <input_file_ref idref="fl-8"/>
      </object_component>
      <object_component id="oc-108">
         <name>AdccRegsFile</name>
         <uninitialized>true</uninitialized>
         <readwrite>true</readwrite>
         <run_address>0x7500</run_address>
         <size>0x7c</size>
         <alignment>0x2</alignment>
         <input_file_ref idref="fl-8"/>
      </object_component>
      <object_component id="oc-109">
         <name>AdcdRegsFile</name>
         <uninitialized>true</uninitialized>
         <readwrite>true</readwrite>
         <run_address>0x7580</run_address>
         <size>0x7c</size>
         <alignment>0x2</alignment>
         <input_file_ref idref="fl-8"/>
      </object_component>
      <object_component id="oc-ce">
         <name>AdcaResultRegsFile</name>
         <uninitialized>true</uninitialized>
         <readwrite>true</readwrite>
         <run_address>0xb00</run_address>
         <size>0x18</size>
         <alignment>0x2</alignment>
         <input_file_ref idref="fl-8"/>
      </object_component>
      <object_component id="oc-cf">
         <name>AdcbResultRegsFile</name>
         <uninitialized>true</uninitialized>
         <readwrite>true</readwrite>
         <run_address>0xb20</run_address>
         <size>0x18</size>
         <alignment>0x2</alignment>
         <input_file_ref idref="fl-8"/>
      </object_component>
      <object_component id="oc-d0">
         <name>AdccResultRegsFile</name>
         <uninitialized>true</uninitialized>
         <readwrite>true</readwrite>
         <run_address>0xb40</run_address>
         <size>0x18</size>
         <alignment>0x2</alignment>
         <input_file_ref idref="fl-8"/>
      </object_component>
      <object_component id="oc-d1">
         <name>AdcdResultRegsFile</name>
         <uninitialized>true</uninitialized>
         <readwrite>true</readwrite>
         <run_address>0xb60</run_address>
         <size>0x18</size>
         <alignment>0x2</alignment>
         <input_file_ref idref="fl-8"/>
      </object_component>
      <object_component id="oc-f5">
         <name>AnalogSubsysRegsFile</name>
         <uninitialized>true</uninitialized>
         <readwrite>true</readwrite>
         <run_address>0x5d180</run_address>
         <size>0x3e</size>
         <alignment>0x2</alignment>
         <input_file_ref idref="fl-8"/>
      </object_component>
      <object_component id="oc-11d">
         <name>CanaRegsFile</name>
         <uninitialized>true</uninitialized>
         <readwrite>true</readwrite>
         <run_address>0x48000</run_address>
         <size>0x164</size>
         <alignment>0x4</alignment>
         <input_file_ref idref="fl-8"/>
      </object_component>
      <object_component id="oc-11e">
         <name>CanbRegsFile</name>
         <uninitialized>true</uninitialized>
         <readwrite>true</readwrite>
         <run_address>0x4a000</run_address>
         <size>0x164</size>
         <alignment>0x4</alignment>
         <input_file_ref idref="fl-8"/>
      </object_component>
      <object_component id="oc-f6">
         <name>Cla1RegsFile</name>
         <uninitialized>true</uninitialized>
         <readwrite>true</readwrite>
         <run_address>0x1400</run_address>
         <size>0x3e</size>
         <alignment>0x2</alignment>
         <input_file_ref idref="fl-8"/>
      </object_component>
      <object_component id="oc-118">
         <name>Clb1DataExchRegsFile</name>
         <uninitialized>true</uninitialized>
         <readwrite>true</readwrite>
         <run_address>0x3200</run_address>
         <size>0x108</size>
         <alignment>0x2</alignment>
         <input_file_ref idref="fl-8"/>
      </object_component>
      <object_component id="oc-119">
         <name>Clb2DataExchRegsFile</name>
         <uninitialized>true</uninitialized>
         <readwrite>true</readwrite>
         <run_address>0x3600</run_address>
         <size>0x108</size>
         <alignment>0x2</alignment>
         <input_file_ref idref="fl-8"/>
      </object_component>
      <object_component id="oc-11a">
         <name>Clb3DataExchRegsFile</name>
         <uninitialized>true</uninitialized>
         <readwrite>true</readwrite>
         <run_address>0x3a00</run_address>
         <size>0x108</size>
         <alignment>0x2</alignment>
         <input_file_ref idref="fl-8"/>
      </object_component>
      <object_component id="oc-11b">
         <name>Clb4DataExchRegsFile</name>
         <uninitialized>true</uninitialized>
         <readwrite>true</readwrite>
         <run_address>0x3e00</run_address>
         <size>0x108</size>
         <alignment>0x2</alignment>
         <input_file_ref idref="fl-8"/>
      </object_component>
      <object_component id="oc-f7">
         <name>Clb1LogicCfgRegsFile</name>
         <uninitialized>true</uninitialized>
         <readwrite>true</readwrite>
         <run_address>0x3000</run_address>
         <size>0x3e</size>
         <alignment>0x2</alignment>
         <input_file_ref idref="fl-8"/>
      </object_component>
      <object_component id="oc-f8">
         <name>Clb2LogicCfgRegsFile</name>
         <uninitialized>true</uninitialized>
         <readwrite>true</readwrite>
         <run_address>0x3400</run_address>
         <size>0x3e</size>
         <alignment>0x2</alignment>
         <input_file_ref idref="fl-8"/>
      </object_component>
      <object_component id="oc-f9">
         <name>Clb3LogicCfgRegsFile</name>
         <uninitialized>true</uninitialized>
         <readwrite>true</readwrite>
         <run_address>0x3800</run_address>
         <size>0x3e</size>
         <alignment>0x2</alignment>
         <input_file_ref idref="fl-8"/>
      </object_component>
      <object_component id="oc-fa">
         <name>Clb4LogicCfgRegsFile</name>
         <uninitialized>true</uninitialized>
         <readwrite>true</readwrite>
         <run_address>0x3c00</run_address>
         <size>0x3e</size>
         <alignment>0x2</alignment>
         <input_file_ref idref="fl-8"/>
      </object_component>
      <object_component id="oc-fb">
         <name>Clb1LogicCtrlRegsFile</name>
         <uninitialized>true</uninitialized>
         <readwrite>true</readwrite>
         <run_address>0x3100</run_address>
         <size>0x40</size>
         <alignment>0x2</alignment>
         <input_file_ref idref="fl-8"/>
      </object_component>
      <object_component id="oc-fc">
         <name>Clb2LogicCtrlRegsFile</name>
         <uninitialized>true</uninitialized>
         <readwrite>true</readwrite>
         <run_address>0x3500</run_address>
         <size>0x40</size>
         <alignment>0x2</alignment>
         <input_file_ref idref="fl-8"/>
      </object_component>
      <object_component id="oc-fd">
         <name>Clb3LogicCtrlRegsFile</name>
         <uninitialized>true</uninitialized>
         <readwrite>true</readwrite>
         <run_address>0x3900</run_address>
         <size>0x40</size>
         <alignment>0x2</alignment>
         <input_file_ref idref="fl-8"/>
      </object_component>
      <object_component id="oc-fe">
         <name>Clb4LogicCtrlRegsFile</name>
         <uninitialized>true</uninitialized>
         <readwrite>true</readwrite>
         <run_address>0x3d00</run_address>
         <size>0x40</size>
         <alignment>0x2</alignment>
         <input_file_ref idref="fl-8"/>
      </object_component>
      <object_component id="oc-ff">
         <name>ClbXbarRegsFile</name>
         <uninitialized>true</uninitialized>
         <readwrite>true</readwrite>
         <run_address>0x7a40</run_address>
         <size>0x40</size>
         <alignment>0x2</alignment>
         <input_file_ref idref="fl-8"/>
      </object_component>
      <object_component id="oc-f3">
         <name>ClkCfgRegsFile</name>
         <uninitialized>true</uninitialized>
         <readwrite>true</readwrite>
         <run_address>0x5d200</run_address>
         <size>0x32</size>
         <alignment>0x2</alignment>
         <input_file_ref idref="fl-8"/>
      </object_component>
      <object_component id="oc-da">
         <name>Cmpss1RegsFile</name>
         <uninitialized>true</uninitialized>
         <readwrite>true</readwrite>
         <run_address>0x5c80</run_address>
         <size>0x1b</size>
         <alignment>0x1</alignment>
         <input_file_ref idref="fl-8"/>
      </object_component>
      <object_component id="oc-db">
         <name>Cmpss2RegsFile</name>
         <uninitialized>true</uninitialized>
         <readwrite>true</readwrite>
         <run_address>0x5ca0</run_address>
         <size>0x1b</size>
         <alignment>0x1</alignment>
         <input_file_ref idref="fl-8"/>
      </object_component>
      <object_component id="oc-dc">
         <name>Cmpss3RegsFile</name>
         <uninitialized>true</uninitialized>
         <readwrite>true</readwrite>
         <run_address>0x5cc0</run_address>
         <size>0x1b</size>
         <alignment>0x1</alignment>
         <input_file_ref idref="fl-8"/>
      </object_component>
      <object_component id="oc-dd">
         <name>Cmpss4RegsFile</name>
         <uninitialized>true</uninitialized>
         <readwrite>true</readwrite>
         <run_address>0x5ce0</run_address>
         <size>0x1b</size>
         <alignment>0x1</alignment>
         <input_file_ref idref="fl-8"/>
      </object_component>
      <object_component id="oc-de">
         <name>Cmpss5RegsFile</name>
         <uninitialized>true</uninitialized>
         <readwrite>true</readwrite>
         <run_address>0x5d00</run_address>
         <size>0x1b</size>
         <alignment>0x1</alignment>
         <input_file_ref idref="fl-8"/>
      </object_component>
      <object_component id="oc-df">
         <name>Cmpss6RegsFile</name>
         <uninitialized>true</uninitialized>
         <readwrite>true</readwrite>
         <run_address>0x5d20</run_address>
         <size>0x1b</size>
         <alignment>0x1</alignment>
         <input_file_ref idref="fl-8"/>
      </object_component>
      <object_component id="oc-e0">
         <name>Cmpss7RegsFile</name>
         <uninitialized>true</uninitialized>
         <readwrite>true</readwrite>
         <run_address>0x5d40</run_address>
         <size>0x1b</size>
         <alignment>0x1</alignment>
         <input_file_ref idref="fl-8"/>
      </object_component>
      <object_component id="oc-e1">
         <name>Cmpss8RegsFile</name>
         <uninitialized>true</uninitialized>
         <readwrite>true</readwrite>
         <run_address>0x5d60</run_address>
         <size>0x1b</size>
         <alignment>0x1</alignment>
         <input_file_ref idref="fl-8"/>
      </object_component>
      <object_component id="oc-bf">
         <name>CpuTimer0RegsFile</name>
         <uninitialized>true</uninitialized>
         <readwrite>true</readwrite>
         <run_address>0xc00</run_address>
         <size>0x8</size>
         <alignment>0x2</alignment>
         <input_file_ref idref="fl-8"/>
      </object_component>
      <object_component id="oc-c0">
         <name>CpuTimer1RegsFile</name>
         <uninitialized>true</uninitialized>
         <readwrite>true</readwrite>
         <run_address>0xc08</run_address>
         <size>0x8</size>
         <alignment>0x2</alignment>
         <input_file_ref idref="fl-8"/>
      </object_component>
      <object_component id="oc-c1">
         <name>CpuTimer2RegsFile</name>
         <uninitialized>true</uninitialized>
         <readwrite>true</readwrite>
         <run_address>0xc10</run_address>
         <size>0x8</size>
         <alignment>0x2</alignment>
         <input_file_ref idref="fl-8"/>
      </object_component>
      <object_component id="oc-10a">
         <name>CpuSysRegsFile</name>
         <uninitialized>true</uninitialized>
         <readwrite>true</readwrite>
         <run_address>0x5d300</run_address>
         <size>0x82</size>
         <alignment>0x2</alignment>
         <input_file_ref idref="fl-8"/>
      </object_component>
      <object_component id="oc-bb">
         <name>DacaRegsFile</name>
         <uninitialized>true</uninitialized>
         <readwrite>true</readwrite>
         <run_address>0x5c00</run_address>
         <size>0x7</size>
         <alignment>0x1</alignment>
         <input_file_ref idref="fl-8"/>
      </object_component>
      <object_component id="oc-bc">
         <name>DacbRegsFile</name>
         <uninitialized>true</uninitialized>
         <readwrite>true</readwrite>
         <run_address>0x5c10</run_address>
         <size>0x7</size>
         <alignment>0x1</alignment>
         <input_file_ref idref="fl-8"/>
      </object_component>
      <object_component id="oc-bd">
         <name>DaccRegsFile</name>
         <uninitialized>true</uninitialized>
         <readwrite>true</readwrite>
         <run_address>0x5c20</run_address>
         <size>0x7</size>
         <alignment>0x1</alignment>
         <input_file_ref idref="fl-8"/>
      </object_component>
      <object_component id="oc-b9">
         <name>DcsmCommonRegsFile</name>
         <uninitialized>true</uninitialized>
         <readwrite>true</readwrite>
         <run_address>0x5f070</run_address>
         <size>0x6</size>
         <alignment>0x2</alignment>
         <input_file_ref idref="fl-8"/>
      </object_component>
      <object_component id="oc-e3">
         <name>DcsmZ1RegsFile</name>
         <uninitialized>true</uninitialized>
         <readwrite>true</readwrite>
         <run_address>0x5f000</run_address>
         <size>0x22</size>
         <alignment>0x2</alignment>
         <input_file_ref idref="fl-8"/>
      </object_component>
      <object_component id="oc-e4">
         <name>DcsmZ2RegsFile</name>
         <uninitialized>true</uninitialized>
         <readwrite>true</readwrite>
         <run_address>0x5f040</run_address>
         <size>0x22</size>
         <alignment>0x2</alignment>
         <input_file_ref idref="fl-8"/>
      </object_component>
      <object_component id="oc-11c">
         <name>DevCfgRegsFile</name>
         <uninitialized>true</uninitialized>
         <readwrite>true</readwrite>
         <run_address>0x5d000</run_address>
         <size>0x12e</size>
         <alignment>0x2</alignment>
         <input_file_ref idref="fl-8"/>
      </object_component>
      <object_component id="oc-d2">
         <name>DmaClaSrcSelRegsFile</name>
         <uninitialized>true</uninitialized>
         <readwrite>true</readwrite>
         <run_address>0x7980</run_address>
         <size>0x1a</size>
         <alignment>0x2</alignment>
         <input_file_ref idref="fl-8"/>
      </object_component>
      <object_component id="oc-10b">
         <name>DmaRegsFile</name>
         <uninitialized>true</uninitialized>
         <readwrite>true</readwrite>
         <run_address>0x1000</run_address>
         <size>0xe0</size>
         <alignment>0x2</alignment>
         <input_file_ref idref="fl-8"/>
      </object_component>
      <object_component id="oc-d3">
         <name>ECap1RegsFile</name>
         <uninitialized>true</uninitialized>
         <readwrite>true</readwrite>
         <run_address>0x5000</run_address>
         <size>0x1a</size>
         <alignment>0x2</alignment>
         <input_file_ref idref="fl-8"/>
      </object_component>
      <object_component id="oc-d4">
         <name>ECap2RegsFile</name>
         <uninitialized>true</uninitialized>
         <readwrite>true</readwrite>
         <run_address>0x5020</run_address>
         <size>0x1a</size>
         <alignment>0x2</alignment>
         <input_file_ref idref="fl-8"/>
      </object_component>
      <object_component id="oc-d5">
         <name>ECap3RegsFile</name>
         <uninitialized>true</uninitialized>
         <readwrite>true</readwrite>
         <run_address>0x5040</run_address>
         <size>0x1a</size>
         <alignment>0x2</alignment>
         <input_file_ref idref="fl-8"/>
      </object_component>
      <object_component id="oc-d6">
         <name>ECap4RegsFile</name>
         <uninitialized>true</uninitialized>
         <readwrite>true</readwrite>
         <run_address>0x5060</run_address>
         <size>0x1a</size>
         <alignment>0x2</alignment>
         <input_file_ref idref="fl-8"/>
      </object_component>
      <object_component id="oc-d7">
         <name>ECap5RegsFile</name>
         <uninitialized>true</uninitialized>
         <readwrite>true</readwrite>
         <run_address>0x5080</run_address>
         <size>0x1a</size>
         <alignment>0x2</alignment>
         <input_file_ref idref="fl-8"/>
      </object_component>
      <object_component id="oc-d8">
         <name>ECap6RegsFile</name>
         <uninitialized>true</uninitialized>
         <readwrite>true</readwrite>
         <run_address>0x50a0</run_address>
         <size>0x1a</size>
         <alignment>0x2</alignment>
         <input_file_ref idref="fl-8"/>
      </object_component>
      <object_component id="oc-c2">
         <name>Emif1ConfigRegsFile</name>
         <uninitialized>true</uninitialized>
         <readwrite>true</readwrite>
         <run_address>0x5f480</run_address>
         <size>0xa</size>
         <alignment>0x2</alignment>
         <input_file_ref idref="fl-8"/>
      </object_component>
      <object_component id="oc-c3">
         <name>Emif2ConfigRegsFile</name>
         <uninitialized>true</uninitialized>
         <readwrite>true</readwrite>
         <run_address>0x5f4a0</run_address>
         <size>0xa</size>
         <alignment>0x2</alignment>
         <input_file_ref idref="fl-8"/>
      </object_component>
      <object_component id="oc-ed">
         <name>Emif1RegsFile</name>
         <uninitialized>true</uninitialized>
         <readwrite>true</readwrite>
         <run_address>0x47000</run_address>
         <size>0x28</size>
         <alignment>0x2</alignment>
         <input_file_ref idref="fl-8"/>
      </object_component>
      <object_component id="oc-ee">
         <name>Emif2RegsFile</name>
         <uninitialized>true</uninitialized>
         <readwrite>true</readwrite>
         <run_address>0x47800</run_address>
         <size>0x28</size>
         <alignment>0x2</alignment>
         <input_file_ref idref="fl-8"/>
      </object_component>
      <object_component id="oc-10c">
         <name>EPwm1RegsFile</name>
         <uninitialized>true</uninitialized>
         <readwrite>true</readwrite>
         <run_address>0x4000</run_address>
         <size>0x100</size>
         <alignment>0x2</alignment>
         <input_file_ref idref="fl-8"/>
      </object_component>
      <object_component id="oc-10d">
         <name>EPwm2RegsFile</name>
         <uninitialized>true</uninitialized>
         <readwrite>true</readwrite>
         <run_address>0x4100</run_address>
         <size>0x100</size>
         <alignment>0x2</alignment>
         <input_file_ref idref="fl-8"/>
      </object_component>
      <object_component id="oc-10e">
         <name>EPwm3RegsFile</name>
         <uninitialized>true</uninitialized>
         <readwrite>true</readwrite>
         <run_address>0x4200</run_address>
         <size>0x100</size>
         <alignment>0x2</alignment>
         <input_file_ref idref="fl-8"/>
      </object_component>
      <object_component id="oc-10f">
         <name>EPwm4RegsFile</name>
         <uninitialized>true</uninitialized>
         <readwrite>true</readwrite>
         <run_address>0x4300</run_address>
         <size>0x100</size>
         <alignment>0x2</alignment>
         <input_file_ref idref="fl-8"/>
      </object_component>
      <object_component id="oc-110">
         <name>EPwm5RegsFile</name>
         <uninitialized>true</uninitialized>
         <readwrite>true</readwrite>
         <run_address>0x4400</run_address>
         <size>0x100</size>
         <alignment>0x2</alignment>
         <input_file_ref idref="fl-8"/>
      </object_component>
      <object_component id="oc-111">
         <name>EPwm6RegsFile</name>
         <uninitialized>true</uninitialized>
         <readwrite>true</readwrite>
         <run_address>0x4500</run_address>
         <size>0x100</size>
         <alignment>0x2</alignment>
         <input_file_ref idref="fl-8"/>
      </object_component>
      <object_component id="oc-112">
         <name>EPwm7RegsFile</name>
         <uninitialized>true</uninitialized>
         <readwrite>true</readwrite>
         <run_address>0x4600</run_address>
         <size>0x100</size>
         <alignment>0x2</alignment>
         <input_file_ref idref="fl-8"/>
      </object_component>
      <object_component id="oc-113">
         <name>EPwm8RegsFile</name>
         <uninitialized>true</uninitialized>
         <readwrite>true</readwrite>
         <run_address>0x4700</run_address>
         <size>0x100</size>
         <alignment>0x2</alignment>
         <input_file_ref idref="fl-8"/>
      </object_component>
      <object_component id="oc-114">
         <name>EPwm9RegsFile</name>
         <uninitialized>true</uninitialized>
         <readwrite>true</readwrite>
         <run_address>0x4800</run_address>
         <size>0x100</size>
         <alignment>0x2</alignment>
         <input_file_ref idref="fl-8"/>
      </object_component>
      <object_component id="oc-115">
         <name>EPwm10RegsFile</name>
         <uninitialized>true</uninitialized>
         <readwrite>true</readwrite>
         <run_address>0x4900</run_address>
         <size>0x100</size>
         <alignment>0x2</alignment>
         <input_file_ref idref="fl-8"/>
      </object_component>
      <object_component id="oc-116">
         <name>EPwm11RegsFile</name>
         <uninitialized>true</uninitialized>
         <readwrite>true</readwrite>
         <run_address>0x4a00</run_address>
         <size>0x100</size>
         <alignment>0x2</alignment>
         <input_file_ref idref="fl-8"/>
      </object_component>
      <object_component id="oc-117">
         <name>EPwm12RegsFile</name>
         <uninitialized>true</uninitialized>
         <readwrite>true</readwrite>
         <run_address>0x4b00</run_address>
         <size>0x100</size>
         <alignment>0x2</alignment>
         <input_file_ref idref="fl-8"/>
      </object_component>
      <object_component id="oc-100">
         <name>EPwmXbarRegsFile</name>
         <uninitialized>true</uninitialized>
         <readwrite>true</readwrite>
         <run_address>0x7a00</run_address>
         <size>0x40</size>
         <alignment>0x2</alignment>
         <input_file_ref idref="fl-8"/>
      </object_component>
      <object_component id="oc-e5">
         <name>EQep1RegsFile</name>
         <uninitialized>true</uninitialized>
         <readwrite>true</readwrite>
         <run_address>0x5100</run_address>
         <size>0x22</size>
         <alignment>0x2</alignment>
         <input_file_ref idref="fl-8"/>
      </object_component>
      <object_component id="oc-e6">
         <name>EQep2RegsFile</name>
         <uninitialized>true</uninitialized>
         <readwrite>true</readwrite>
         <run_address>0x5140</run_address>
         <size>0x22</size>
         <alignment>0x2</alignment>
         <input_file_ref idref="fl-8"/>
      </object_component>
      <object_component id="oc-e7">
         <name>EQep3RegsFile</name>
         <uninitialized>true</uninitialized>
         <readwrite>true</readwrite>
         <run_address>0x5180</run_address>
         <size>0x22</size>
         <alignment>0x2</alignment>
         <input_file_ref idref="fl-8"/>
      </object_component>
      <object_component id="oc-120">
         <name>Flash0CtrlRegsFile</name>
         <uninitialized>true</uninitialized>
         <readwrite>true</readwrite>
         <run_address>0x5f800</run_address>
         <size>0x182</size>
         <alignment>0x2</alignment>
         <input_file_ref idref="fl-8"/>
      </object_component>
      <object_component id="oc-ef">
         <name>Flash0EccRegsFile</name>
         <uninitialized>true</uninitialized>
         <readwrite>true</readwrite>
         <run_address>0x5fb00</run_address>
         <size>0x28</size>
         <alignment>0x2</alignment>
         <input_file_ref idref="fl-8"/>
      </object_component>
      <object_component id="oc-b6">
         <name>FlashPumpSemaphoreRegsFile</name>
         <uninitialized>true</uninitialized>
         <readwrite>true</readwrite>
         <run_address>0x50024</run_address>
         <size>0x2</size>
         <alignment>0x2</alignment>
         <input_file_ref idref="fl-8"/>
      </object_component>
      <object_component id="oc-11f">
         <name>GpioCtrlRegsFile</name>
         <uninitialized>true</uninitialized>
         <readwrite>true</readwrite>
         <run_address>0x7c00</run_address>
         <size>0x180</size>
         <alignment>0x2</alignment>
         <input_file_ref idref="fl-8"/>
      </object_component>
      <object_component id="oc-f2">
         <name>GpioDataRegsFile</name>
         <uninitialized>true</uninitialized>
         <readwrite>true</readwrite>
         <run_address>0x7f00</run_address>
         <size>0x30</size>
         <alignment>0x2</alignment>
         <input_file_ref idref="fl-8"/>
      </object_component>
      <object_component id="oc-e8">
         <name>I2caRegsFile</name>
         <uninitialized>true</uninitialized>
         <readwrite>true</readwrite>
         <run_address>0x7300</run_address>
         <size>0x22</size>
         <alignment>0x1</alignment>
         <input_file_ref idref="fl-8"/>
      </object_component>
      <object_component id="oc-e9">
         <name>I2cbRegsFile</name>
         <uninitialized>true</uninitialized>
         <readwrite>true</readwrite>
         <run_address>0x7340</run_address>
         <size>0x22</size>
         <alignment>0x1</alignment>
         <input_file_ref idref="fl-8"/>
      </object_component>
      <object_component id="oc-e2">
         <name>InputXbarRegsFile</name>
         <uninitialized>true</uninitialized>
         <readwrite>true</readwrite>
         <run_address>0x7900</run_address>
         <size>0x20</size>
         <alignment>0x2</alignment>
         <input_file_ref idref="fl-8"/>
      </object_component>
      <object_component id="oc-ea">
         <name>IpcRegsFile</name>
         <uninitialized>true</uninitialized>
         <readwrite>true</readwrite>
         <run_address>0x50000</run_address>
         <size>0x24</size>
         <alignment>0x2</alignment>
         <input_file_ref idref="fl-8"/>
      </object_component>
      <object_component id="oc-f4">
         <name>MemoryErrorRegsFile</name>
         <uninitialized>true</uninitialized>
         <readwrite>true</readwrite>
         <run_address>0x5f500</run_address>
         <size>0x3a</size>
         <alignment>0x2</alignment>
         <input_file_ref idref="fl-8"/>
      </object_component>
      <object_component id="oc-105">
         <name>MemCfgRegsFile</name>
         <uninitialized>true</uninitialized>
         <readwrite>true</readwrite>
         <run_address>0x5f400</run_address>
         <size>0x76</size>
         <alignment>0x2</alignment>
         <input_file_ref idref="fl-8"/>
      </object_component>
      <object_component id="oc-eb">
         <name>McbspaRegsFile</name>
         <uninitialized>true</uninitialized>
         <readwrite>true</readwrite>
         <run_address>0x6000</run_address>
         <size>0x24</size>
         <alignment>0x1</alignment>
         <input_file_ref idref="fl-8"/>
      </object_component>
      <object_component id="oc-ec">
         <name>McbspbRegsFile</name>
         <uninitialized>true</uninitialized>
         <readwrite>true</readwrite>
         <run_address>0x6040</run_address>
         <size>0x24</size>
         <alignment>0x1</alignment>
         <input_file_ref idref="fl-8"/>
      </object_component>
      <object_component id="oc-be">
         <name>NmiIntruptRegsFile</name>
         <uninitialized>true</uninitialized>
         <readwrite>true</readwrite>
         <run_address>0x7060</run_address>
         <size>0x7</size>
         <alignment>0x1</alignment>
         <input_file_ref idref="fl-8"/>
      </object_component>
      <object_component id="oc-101">
         <name>OutputXbarRegsFile</name>
         <uninitialized>true</uninitialized>
         <readwrite>true</readwrite>
         <run_address>0x7a80</run_address>
         <size>0x40</size>
         <alignment>0x2</alignment>
         <input_file_ref idref="fl-8"/>
      </object_component>
      <object_component id="oc-d9">
         <name>PieCtrlRegsFile</name>
         <uninitialized>true</uninitialized>
         <readwrite>true</readwrite>
         <run_address>0xce0</run_address>
         <size>0x1a</size>
         <alignment>0x1</alignment>
         <input_file_ref idref="fl-8"/>
      </object_component>
      <object_component id="oc-b7">
         <name>RomPrefetchRegsFile</name>
         <uninitialized>true</uninitialized>
         <readwrite>true</readwrite>
         <run_address>0x5e608</run_address>
         <size>0x2</size>
         <alignment>0x2</alignment>
         <input_file_ref idref="fl-8"/>
      </object_component>
      <object_component id="oc-b8">
         <name>RomWaitStateRegsFile</name>
         <uninitialized>true</uninitialized>
         <readwrite>true</readwrite>
         <run_address>0x5f540</run_address>
         <size>0x2</size>
         <alignment>0x2</alignment>
         <input_file_ref idref="fl-8"/>
      </object_component>
      <object_component id="oc-c6">
         <name>SciaRegsFile</name>
         <uninitialized>true</uninitialized>
         <readwrite>true</readwrite>
         <run_address>0x7200</run_address>
         <size>0x10</size>
         <alignment>0x1</alignment>
         <input_file_ref idref="fl-8"/>
      </object_component>
      <object_component id="oc-c7">
         <name>ScibRegsFile</name>
         <uninitialized>true</uninitialized>
         <readwrite>true</readwrite>
         <run_address>0x7210</run_address>
         <size>0x10</size>
         <alignment>0x1</alignment>
         <input_file_ref idref="fl-8"/>
      </object_component>
      <object_component id="oc-c8">
         <name>ScicRegsFile</name>
         <uninitialized>true</uninitialized>
         <readwrite>true</readwrite>
         <run_address>0x7220</run_address>
         <size>0x10</size>
         <alignment>0x1</alignment>
         <input_file_ref idref="fl-8"/>
      </object_component>
      <object_component id="oc-c9">
         <name>ScidRegsFile</name>
         <uninitialized>true</uninitialized>
         <readwrite>true</readwrite>
         <run_address>0x7230</run_address>
         <size>0x10</size>
         <alignment>0x1</alignment>
         <input_file_ref idref="fl-8"/>
      </object_component>
      <object_component id="oc-102">
         <name>Sdfm1RegsFile</name>
         <uninitialized>true</uninitialized>
         <readwrite>true</readwrite>
         <run_address>0x5e00</run_address>
         <size>0x48</size>
         <alignment>0x2</alignment>
         <input_file_ref idref="fl-8"/>
      </object_component>
      <object_component id="oc-103">
         <name>Sdfm2RegsFile</name>
         <uninitialized>true</uninitialized>
         <readwrite>true</readwrite>
         <run_address>0x5e80</run_address>
         <size>0x48</size>
         <alignment>0x2</alignment>
         <input_file_ref idref="fl-8"/>
      </object_component>
      <object_component id="oc-ca">
         <name>SpiaRegsFile</name>
         <uninitialized>true</uninitialized>
         <readwrite>true</readwrite>
         <run_address>0x6100</run_address>
         <size>0x10</size>
         <alignment>0x1</alignment>
         <input_file_ref idref="fl-8"/>
      </object_component>
      <object_component id="oc-cb">
         <name>SpibRegsFile</name>
         <uninitialized>true</uninitialized>
         <readwrite>true</readwrite>
         <run_address>0x6110</run_address>
         <size>0x10</size>
         <alignment>0x1</alignment>
         <input_file_ref idref="fl-8"/>
      </object_component>
      <object_component id="oc-cc">
         <name>SpicRegsFile</name>
         <uninitialized>true</uninitialized>
         <readwrite>true</readwrite>
         <run_address>0x6120</run_address>
         <size>0x10</size>
         <alignment>0x1</alignment>
         <input_file_ref idref="fl-8"/>
      </object_component>
      <object_component id="oc-ba">
         <name>SyncSocRegsFile</name>
         <uninitialized>true</uninitialized>
         <readwrite>true</readwrite>
         <run_address>0x7940</run_address>
         <size>0x6</size>
         <alignment>0x2</alignment>
         <input_file_ref idref="fl-8"/>
      </object_component>
      <object_component id="oc-104">
         <name>UppRegsFile</name>
         <uninitialized>true</uninitialized>
         <readwrite>true</readwrite>
         <run_address>0x6200</run_address>
         <size>0x48</size>
         <alignment>0x2</alignment>
         <input_file_ref idref="fl-8"/>
      </object_component>
      <object_component id="oc-f0">
         <name>WdRegsFile</name>
         <uninitialized>true</uninitialized>
         <readwrite>true</readwrite>
         <run_address>0x7000</run_address>
         <size>0x2b</size>
         <alignment>0x1</alignment>
         <input_file_ref idref="fl-8"/>
      </object_component>
      <object_component id="oc-cd">
         <name>UidRegsFile</name>
         <uninitialized>true</uninitialized>
         <readwrite>true</readwrite>
         <run_address>0x703c0</run_address>
         <size>0x10</size>
         <alignment>0x2</alignment>
         <input_file_ref idref="fl-8"/>
      </object_component>
      <object_component id="oc-c5">
         <name>XbarRegsFile</name>
         <uninitialized>true</uninitialized>
         <readwrite>true</readwrite>
         <run_address>0x7920</run_address>
         <size>0xe</size>
         <alignment>0x2</alignment>
         <input_file_ref idref="fl-8"/>
      </object_component>
      <object_component id="oc-c4">
         <name>XintRegsFile</name>
         <uninitialized>true</uninitialized>
         <readwrite>true</readwrite>
         <run_address>0x7070</run_address>
         <size>0xb</size>
         <alignment>0x1</alignment>
         <input_file_ref idref="fl-8"/>
      </object_component>
      <object_component id="oc-92">
         <name>.debug_info</name>
         <load_address>0x0</load_address>
         <run_address>0x0</run_address>
         <size>0x142a1</size>
         <alignment>0x1</alignment>
         <input_file_ref idref="fl-2"/>
      </object_component>
      <object_component id="oc-9a">
         <name>.debug_info</name>
         <load_address>0x142a1</load_address>
         <run_address>0x142a1</run_address>
         <size>0x46c2</size>
         <alignment>0x1</alignment>
         <input_file_ref idref="fl-3"/>
      </object_component>
      <object_component id="oc-a2">
         <name>.debug_info</name>
         <load_address>0x18963</load_address>
         <run_address>0x18963</run_address>
         <size>0x153</size>
         <alignment>0x1</alignment>
         <input_file_ref idref="fl-4"/>
      </object_component>
      <object_component id="oc-a5">
         <name>.debug_info</name>
         <load_address>0x18ab6</load_address>
         <run_address>0x18ab6</run_address>
         <size>0x384d</size>
         <alignment>0x1</alignment>
         <input_file_ref idref="fl-5"/>
      </object_component>
      <object_component id="oc-ab">
         <name>.debug_info</name>
         <load_address>0x1c303</load_address>
         <run_address>0x1c303</run_address>
         <size>0x13e67</size>
         <alignment>0x1</alignment>
         <input_file_ref idref="fl-6"/>
      </object_component>
      <object_component id="oc-b0">
         <name>.debug_info</name>
         <load_address>0x3016a</load_address>
         <run_address>0x3016a</run_address>
         <size>0xf3f5</size>
         <alignment>0x1</alignment>
         <input_file_ref idref="fl-7"/>
      </object_component>
      <object_component id="oc-b5">
         <name>.debug_info</name>
         <load_address>0x3f55f</load_address>
         <run_address>0x3f55f</run_address>
         <size>0x57454</size>
         <alignment>0x1</alignment>
         <input_file_ref idref="fl-8"/>
      </object_component>
      <object_component id="oc-123">
         <name>.debug_info</name>
         <load_address>0x969b3</load_address>
         <run_address>0x969b3</run_address>
         <size>0x19fda</size>
         <alignment>0x1</alignment>
         <input_file_ref idref="fl-9"/>
      </object_component>
      <object_component id="oc-128">
         <name>.debug_info</name>
         <load_address>0xb098d</load_address>
         <run_address>0xb098d</run_address>
         <size>0x357c</size>
         <alignment>0x1</alignment>
         <input_file_ref idref="fl-a"/>
      </object_component>
      <object_component id="oc-12d">
         <name>.debug_info</name>
         <load_address>0xb3f09</load_address>
         <run_address>0xb3f09</run_address>
         <size>0x673c</size>
         <alignment>0x1</alignment>
         <input_file_ref idref="fl-b"/>
      </object_component>
      <object_component id="oc-132">
         <name>.debug_info</name>
         <load_address>0xba645</load_address>
         <run_address>0xba645</run_address>
         <size>0xcc26</size>
         <alignment>0x1</alignment>
         <input_file_ref idref="fl-c"/>
      </object_component>
      <object_component id="oc-139">
         <name>.debug_info</name>
         <load_address>0xc726b</load_address>
         <run_address>0xc726b</run_address>
         <size>0x11a</size>
         <alignment>0x1</alignment>
         <input_file_ref idref="fl-d"/>
      </object_component>
      <object_component id="oc-13c">
         <name>.debug_info</name>
         <load_address>0xc7385</load_address>
         <run_address>0xc7385</run_address>
         <size>0xca14</size>
         <alignment>0x1</alignment>
         <input_file_ref idref="fl-e"/>
      </object_component>
      <object_component id="oc-144">
         <name>.debug_info</name>
         <load_address>0xd3d99</load_address>
         <run_address>0xd3d99</run_address>
         <size>0x1b1</size>
         <alignment>0x1</alignment>
         <input_file_ref idref="fl-f"/>
      </object_component>
      <object_component id="oc-146">
         <name>.debug_info</name>
         <load_address>0xd3f4a</load_address>
         <run_address>0xd3f4a</run_address>
         <size>0x55d</size>
         <alignment>0x1</alignment>
         <input_file_ref idref="fl-10"/>
      </object_component>
      <object_component id="oc-14b">
         <name>.debug_info</name>
         <load_address>0xd44a7</load_address>
         <run_address>0xd44a7</run_address>
         <size>0x90b5</size>
         <alignment>0x1</alignment>
         <input_file_ref idref="fl-11"/>
      </object_component>
      <object_component id="oc-150">
         <name>.debug_info</name>
         <load_address>0xdd55c</load_address>
         <run_address>0xdd55c</run_address>
         <size>0x644</size>
         <alignment>0x1</alignment>
         <input_file_ref idref="fl-12"/>
      </object_component>
      <object_component id="oc-155">
         <name>.debug_info</name>
         <load_address>0xddba0</load_address>
         <run_address>0xddba0</run_address>
         <size>0x28a5e</size>
         <alignment>0x1</alignment>
         <input_file_ref idref="fl-13"/>
      </object_component>
      <object_component id="oc-15a">
         <name>.debug_info</name>
         <load_address>0x1065fe</load_address>
         <run_address>0x1065fe</run_address>
         <size>0x4187</size>
         <alignment>0x1</alignment>
         <input_file_ref idref="fl-14"/>
      </object_component>
      <object_component id="oc-15f">
         <name>.debug_info</name>
         <load_address>0x10a785</load_address>
         <run_address>0x10a785</run_address>
         <size>0x474</size>
         <alignment>0x1</alignment>
         <input_file_ref idref="fl-29"/>
      </object_component>
      <object_component id="oc-164">
         <name>.debug_info</name>
         <load_address>0x10abf9</load_address>
         <run_address>0x10abf9</run_address>
         <size>0x3a6</size>
         <alignment>0x1</alignment>
         <input_file_ref idref="fl-2a"/>
      </object_component>
      <object_component id="oc-169">
         <name>.debug_info</name>
         <load_address>0x10af9f</load_address>
         <run_address>0x10af9f</run_address>
         <size>0x1d7</size>
         <alignment>0x1</alignment>
         <input_file_ref idref="fl-2b"/>
      </object_component>
      <object_component id="oc-16f">
         <name>.debug_info</name>
         <load_address>0x10b176</load_address>
         <run_address>0x10b176</run_address>
         <size>0x15c</size>
         <alignment>0x1</alignment>
         <input_file_ref idref="fl-2c"/>
      </object_component>
      <object_component id="oc-174">
         <name>.debug_info</name>
         <load_address>0x10b2d2</load_address>
         <run_address>0x10b2d2</run_address>
         <size>0xfd</size>
         <alignment>0x1</alignment>
         <input_file_ref idref="fl-2d"/>
      </object_component>
      <object_component id="oc-178">
         <name>.debug_info</name>
         <load_address>0x10b3cf</load_address>
         <run_address>0x10b3cf</run_address>
         <size>0x54a</size>
         <alignment>0x1</alignment>
         <input_file_ref idref="fl-2e"/>
      </object_component>
      <object_component id="oc-17d">
         <name>.debug_info</name>
         <load_address>0x10b919</load_address>
         <run_address>0x10b919</run_address>
         <size>0x423</size>
         <alignment>0x1</alignment>
         <input_file_ref idref="fl-2f"/>
      </object_component>
      <object_component id="oc-182">
         <name>.debug_info</name>
         <load_address>0x10bd3c</load_address>
         <run_address>0x10bd3c</run_address>
         <size>0x396</size>
         <alignment>0x1</alignment>
         <input_file_ref idref="fl-30"/>
      </object_component>
      <object_component id="oc-187">
         <name>.debug_info</name>
         <load_address>0x10c0d2</load_address>
         <run_address>0x10c0d2</run_address>
         <size>0x393</size>
         <alignment>0x1</alignment>
         <input_file_ref idref="fl-31"/>
      </object_component>
      <object_component id="oc-18c">
         <name>.debug_info</name>
         <load_address>0x10c465</load_address>
         <run_address>0x10c465</run_address>
         <size>0x52d</size>
         <alignment>0x1</alignment>
         <input_file_ref idref="fl-32"/>
      </object_component>
      <object_component id="oc-193">
         <name>.debug_info</name>
         <load_address>0x10c992</load_address>
         <run_address>0x10c992</run_address>
         <size>0x4b5</size>
         <alignment>0x1</alignment>
         <input_file_ref idref="fl-33"/>
      </object_component>
      <object_component id="oc-198">
         <name>.debug_info</name>
         <load_address>0x10ce47</load_address>
         <run_address>0x10ce47</run_address>
         <size>0x450</size>
         <alignment>0x1</alignment>
         <input_file_ref idref="fl-34"/>
      </object_component>
      <object_component id="oc-19d">
         <name>.debug_info</name>
         <load_address>0x10d297</load_address>
         <run_address>0x10d297</run_address>
         <size>0xf4b</size>
         <alignment>0x1</alignment>
         <input_file_ref idref="fl-35"/>
      </object_component>
      <object_component id="oc-1a5">
         <name>.debug_info</name>
         <load_address>0x10e1e2</load_address>
         <run_address>0x10e1e2</run_address>
         <size>0x4bf</size>
         <alignment>0x1</alignment>
         <input_file_ref idref="fl-36"/>
      </object_component>
      <object_component id="oc-265">
         <name>.debug_info</name>
         <load_address>0x10e6a1</load_address>
         <run_address>0x10e6a1</run_address>
         <size>0xce</size>
         <alignment>0x1</alignment>
      </object_component>
      <object_component id="oc-96">
         <name>.debug_frame</name>
         <load_address>0x0</load_address>
         <run_address>0x0</run_address>
         <size>0x1f0</size>
         <alignment>0x4</alignment>
         <input_file_ref idref="fl-2"/>
      </object_component>
      <object_component id="oc-9b">
         <name>.debug_frame</name>
         <load_address>0x1f0</load_address>
         <run_address>0x1f0</run_address>
         <size>0x28</size>
         <alignment>0x4</alignment>
         <input_file_ref idref="fl-3"/>
      </object_component>
      <object_component id="oc-a7">
         <name>.debug_frame</name>
         <load_address>0x218</load_address>
         <run_address>0x218</run_address>
         <size>0x11d0</size>
         <alignment>0x4</alignment>
         <input_file_ref idref="fl-5"/>
      </object_component>
      <object_component id="oc-ac">
         <name>.debug_frame</name>
         <load_address>0x13e8</load_address>
         <run_address>0x13e8</run_address>
         <size>0x28</size>
         <alignment>0x4</alignment>
         <input_file_ref idref="fl-6"/>
      </object_component>
      <object_component id="oc-b1">
         <name>.debug_frame</name>
         <load_address>0x1410</load_address>
         <run_address>0x1410</run_address>
         <size>0x28</size>
         <alignment>0x4</alignment>
         <input_file_ref idref="fl-7"/>
      </object_component>
      <object_component id="oc-124">
         <name>.debug_frame</name>
         <load_address>0x1438</load_address>
         <run_address>0x1438</run_address>
         <size>0x1a8</size>
         <alignment>0x4</alignment>
         <input_file_ref idref="fl-9"/>
      </object_component>
      <object_component id="oc-129">
         <name>.debug_frame</name>
         <load_address>0x15e0</load_address>
         <run_address>0x15e0</run_address>
         <size>0x58</size>
         <alignment>0x4</alignment>
         <input_file_ref idref="fl-a"/>
      </object_component>
      <object_component id="oc-12e">
         <name>.debug_frame</name>
         <load_address>0x1638</load_address>
         <run_address>0x1638</run_address>
         <size>0x44</size>
         <alignment>0x4</alignment>
         <input_file_ref idref="fl-b"/>
      </object_component>
      <object_component id="oc-133">
         <name>.debug_frame</name>
         <load_address>0x167c</load_address>
         <run_address>0x167c</run_address>
         <size>0x238</size>
         <alignment>0x4</alignment>
         <input_file_ref idref="fl-c"/>
      </object_component>
      <object_component id="oc-140">
         <name>.debug_frame</name>
         <load_address>0x18b4</load_address>
         <run_address>0x18b4</run_address>
         <size>0x11c</size>
         <alignment>0x4</alignment>
         <input_file_ref idref="fl-e"/>
      </object_component>
      <object_component id="oc-147">
         <name>.debug_frame</name>
         <load_address>0x19d0</load_address>
         <run_address>0x19d0</run_address>
         <size>0x50</size>
         <alignment>0x4</alignment>
         <input_file_ref idref="fl-10"/>
      </object_component>
      <object_component id="oc-14c">
         <name>.debug_frame</name>
         <load_address>0x1a20</load_address>
         <run_address>0x1a20</run_address>
         <size>0xec</size>
         <alignment>0x4</alignment>
         <input_file_ref idref="fl-11"/>
      </object_component>
      <object_component id="oc-151">
         <name>.debug_frame</name>
         <load_address>0x1b0c</load_address>
         <run_address>0x1b0c</run_address>
         <size>0x60</size>
         <alignment>0x4</alignment>
         <input_file_ref idref="fl-12"/>
      </object_component>
      <object_component id="oc-156">
         <name>.debug_frame</name>
         <load_address>0x1b6c</load_address>
         <run_address>0x1b6c</run_address>
         <size>0x19c</size>
         <alignment>0x4</alignment>
         <input_file_ref idref="fl-13"/>
      </object_component>
      <object_component id="oc-15b">
         <name>.debug_frame</name>
         <load_address>0x1d08</load_address>
         <run_address>0x1d08</run_address>
         <size>0xc8</size>
         <alignment>0x4</alignment>
         <input_file_ref idref="fl-14"/>
      </object_component>
      <object_component id="oc-160">
         <name>.debug_frame</name>
         <load_address>0x1dd0</load_address>
         <run_address>0x1dd0</run_address>
         <size>0x58</size>
         <alignment>0x4</alignment>
         <input_file_ref idref="fl-29"/>
      </object_component>
      <object_component id="oc-165">
         <name>.debug_frame</name>
         <load_address>0x1e28</load_address>
         <run_address>0x1e28</run_address>
         <size>0x40</size>
         <alignment>0x4</alignment>
         <input_file_ref idref="fl-2a"/>
      </object_component>
      <object_component id="oc-179">
         <name>.debug_frame</name>
         <load_address>0x1e68</load_address>
         <run_address>0x1e68</run_address>
         <size>0x60</size>
         <alignment>0x4</alignment>
         <input_file_ref idref="fl-2e"/>
      </object_component>
      <object_component id="oc-17e">
         <name>.debug_frame</name>
         <load_address>0x1ec8</load_address>
         <run_address>0x1ec8</run_address>
         <size>0x40</size>
         <alignment>0x4</alignment>
         <input_file_ref idref="fl-2f"/>
      </object_component>
      <object_component id="oc-183">
         <name>.debug_frame</name>
         <load_address>0x1f08</load_address>
         <run_address>0x1f08</run_address>
         <size>0x40</size>
         <alignment>0x4</alignment>
         <input_file_ref idref="fl-30"/>
      </object_component>
      <object_component id="oc-188">
         <name>.debug_frame</name>
         <load_address>0x1f48</load_address>
         <run_address>0x1f48</run_address>
         <size>0x40</size>
         <alignment>0x4</alignment>
         <input_file_ref idref="fl-31"/>
      </object_component>
      <object_component id="oc-18f">
         <name>.debug_frame</name>
         <load_address>0x1f88</load_address>
         <run_address>0x1f88</run_address>
         <size>0x60</size>
         <alignment>0x4</alignment>
         <input_file_ref idref="fl-32"/>
      </object_component>
      <object_component id="oc-194">
         <name>.debug_frame</name>
         <load_address>0x1fe8</load_address>
         <run_address>0x1fe8</run_address>
         <size>0x70</size>
         <alignment>0x4</alignment>
         <input_file_ref idref="fl-33"/>
      </object_component>
      <object_component id="oc-199">
         <name>.debug_frame</name>
         <load_address>0x2058</load_address>
         <run_address>0x2058</run_address>
[...]
         <value>0xb734</value>
         <object_component_ref idref="oc-1b9"/>
      </symbol>
      <symbol id="sm-4a5">
         <name>_GPIO_SetupXINT3Gpio</name>
         <value>0xb73e</value>
         <object_component_ref idref="oc-1b9"/>
      </symbol>
      <symbol id="sm-4a7">
         <name>_GPIO_WritePin</name>
         <value>0xb7c7</value>
         <object_component_ref idref="oc-1b9"/>
      </symbol>
      <symbol id="sm-4a9">
         <name>_GPIO_SetupPinOptions</name>
         <value>0xb66d</value>
         <object_component_ref idref="oc-1b9"/>
      </symbol>
      <symbol id="sm-4ab">
         <name>_GPIO_EnableUnbondedIOPullups</name>
         <value>0xb79a</value>
         <object_component_ref idref="oc-1b9"/>
      </symbol>
      <symbol id="sm-4ad">
         <name>_GPIO_SetupXINT1Gpio</name>
         <value>0xb72a</value>
         <object_component_ref idref="oc-1b9"/>
      </symbol>
      <symbol id="sm-4af">
         <name>_GPIO_SetupPinMux</name>
         <value>0xb5e1</value>
         <object_component_ref idref="oc-1b9"/>
      </symbol>
      <symbol id="sm-4b1">
         <name>_GPIO_EnableUnbondedIOPullupsFor100Pin</name>
         <value>0xb775</value>
         <object_component_ref idref="oc-1b9"/>
      </symbol>
      <symbol id="sm-4b3">
         <name>_GPIO_ReadPin</name>
         <value>0xb7b0</value>
         <object_component_ref idref="oc-1b9"/>
      </symbol>
      <symbol id="sm-4c0">
         <name>_InitPieCtrl</name>
         <value>0x92c1</value>
         <object_component_ref idref="oc-1ba"/>
      </symbol>
      <symbol id="sm-4c2">
         <name>_EnableInterrupts</name>
         <value>0x92e0</value>
         <object_component_ref idref="oc-1ba"/>
      </symbol>
      <symbol id="sm-4d3">
         <name>_PieVectTableInit</name>
         <value>0xac00</value>
         <object_component_ref idref="oc-1c5"/>
      </symbol>
      <symbol id="sm-4d4">
         <name>_InitPieVectTable</name>
         <value>0x9311</value>
         <object_component_ref idref="oc-1bb"/>
      </symbol>
      <symbol id="sm-518">
         <name>_InitSysPll</name>
         <value>0x88f1</value>
         <object_component_ref idref="oc-1b8"/>
      </symbol>
      <symbol id="sm-51a">
         <name>_SeizeFlashPump</name>
         <value>0x88bc</value>
         <object_component_ref idref="oc-1b8"/>
      </symbol>
      <symbol id="sm-51c">
         <name>_DisablePeripheralClocks</name>
         <value>0x88a4</value>
         <object_component_ref idref="oc-1b8"/>
      </symbol>
      <symbol id="sm-51e">
         <name>_DisableDog</name>
         <value>0x88e3</value>
         <object_component_ref idref="oc-1b8"/>
      </symbol>
      <symbol id="sm-520">
         <name>_SysIntOsc2Sel</name>
         <value>0x8c00</value>
         <object_component_ref idref="oc-1b8"/>
      </symbol>
      <symbol id="sm-522">
         <name>_ReleaseFlashPump</name>
         <value>0x88cb</value>
         <object_component_ref idref="oc-1b8"/>
      </symbol>
      <symbol id="sm-524">
         <name>_HALT</name>
         <value>0x8c58</value>
         <object_component_ref idref="oc-1b8"/>
      </symbol>
      <symbol id="sm-526">
         <name>_IDLE</name>
         <value>0x8c44</value>
         <object_component_ref idref="oc-1b8"/>
      </symbol>
      <symbol id="sm-528">
         <name>_InitPeripheralClocks</name>
         <value>0x8820</value>
         <object_component_ref idref="oc-1b8"/>
      </symbol>
      <symbol id="sm-52a">
         <name>_SysXtalOscSel</name>
         <value>0x8c14</value>
         <object_component_ref idref="oc-1b8"/>
      </symbol>
      <symbol id="sm-52c">
         <name>_ConfigureTMXAnalogTrim</name>
         <value>0x8c8e</value>
         <object_component_ref idref="oc-1b8"/>
      </symbol>
      <symbol id="sm-52e">
         <name>_CsmUnlock</name>
         <value>0x8bcf</value>
         <object_component_ref idref="oc-1b8"/>
      </symbol>
      <symbol id="sm-530">
         <name>_SysIntOsc1Sel</name>
         <value>0x8bf0</value>
         <object_component_ref idref="oc-1b8"/>
      </symbol>
      <symbol id="sm-532">
         <name>_ServiceDog</name>
         <value>0x88d5</value>
         <object_component_ref idref="oc-1b8"/>
      </symbol>
      <symbol id="sm-534">
         <name>_HIB</name>
         <value>0x8c71</value>
         <object_component_ref idref="oc-1b8"/>
      </symbol>
      <symbol id="sm-536">
         <name>_AuxAuxClkSel</name>
         <value>0x8c3a</value>
         <object_component_ref idref="oc-1b8"/>
      </symbol>
      <symbol id="sm-538">
         <name>_AuxIntOsc2Sel</name>
         <value>0x8c24</value>
         <object_component_ref idref="oc-1b8"/>
      </symbol>
      <symbol id="sm-53a">
         <name>_InitAuxPll</name>
         <value>0x8ae0</value>
         <object_component_ref idref="oc-1b8"/>
      </symbol>
      <symbol id="sm-53c">
         <name>_InitSysCtrl</name>
         <value>0x8800</value>
         <object_component_ref idref="oc-1b8"/>
      </symbol>
      <symbol id="sm-53e">
         <name>_STANDBY</name>
         <value>0x8c4d</value>
         <object_component_ref idref="oc-1b8"/>
      </symbol>
      <symbol id="sm-540">
         <name>_AuxXtalOscSel</name>
         <value>0x8c2e</value>
         <object_component_ref idref="oc-1b8"/>
      </symbol>
      <symbol id="sm-54d">
         <name>_F28x_usDelay</name>
         <value>0x1a4</value>
         <object_component_ref idref="oc-137"/>
      </symbol>
      <symbol id="sm-562">
         <name>_i_in_ref__7project</name>
         <value>0xae00</value>
         <object_component_ref idref="oc-13e"/>
      </symbol>
      <symbol id="sm-563">
         <name>___ct__Q2_7project26BLDCDriveAndControlProjectFv</name>
         <value>0x9000</value>
         <object_component_ref idref="oc-1b0"/>
      </symbol>
      <symbol id="sm-565">
         <name>_w_m_rpm__7project</name>
         <value>0xae0e</value>
         <object_component_ref idref="oc-13e"/>
      </symbol>
      <symbol id="sm-566">
         <name>___CPR115__w_m_pi_control__Q2_7project26BLDCDriveAndControlProjectFPQ3_J19JJ27J15BLDC_input_dataPf</name>
         <value>0x9045</value>
         <object_component_ref idref="oc-1b0"/>
      </symbol>
      <symbol id="sm-568">
         <name>_calc_simulated_hall_sensor_freq__Q2_7project26BLDCDriveAndControlProjectFf</name>
         <value>0x90a3</value>
         <object_component_ref idref="oc-1b0"/>
      </symbol>
      <symbol id="sm-56a">
         <name>_w_m_x1__7project</name>
         <value>0xae02</value>
         <object_component_ref idref="oc-13e"/>
      </symbol>
      <symbol id="sm-56b">
         <name>_loop__Q2_7project26BLDCDriveAndControlProjectFv</name>
         <value>0x9042</value>
         <object_component_ref idref="oc-1b0"/>
      </symbol>
      <symbol id="sm-56d">
         <name>___sti___30_BLDCDriveAndControlProject_cpp_c4b5f932</name>
         <value>0x9120</value>
         <object_component_ref idref="oc-1b0"/>
      </symbol>
      <symbol id="sm-56f">
         <name>_project_startup__Q2_7project26BLDCDriveAndControlProjectFv</name>
         <value>0x901a</value>
         <object_component_ref idref="oc-1b0"/>
      </symbol>
      <symbol id="sm-571">
         <name>_setup_ecap__Q2_7project26BLDCDriveAndControlProjectFv</name>
         <value>0x910f</value>
         <object_component_ref idref="oc-1b0"/>
      </symbol>
      <symbol id="sm-573">
         <name>_setup_pwm__Q2_7project26BLDCDriveAndControlProjectFv</name>
         <value>0x90bb</value>
         <object_component_ref idref="oc-1b0"/>
      </symbol>
      <symbol id="sm-575">
         <name>_i_in_x1__7project</name>
         <value>0xae06</value>
         <object_component_ref idref="oc-13e"/>
      </symbol>
      <symbol id="sm-576">
         <name>_sim_hall_sensor_freq_read__7project</name>
         <value>0xae0c</value>
         <object_component_ref idref="oc-13e"/>
      </symbol>
      <symbol id="sm-577">
         <name>_calc_simulated_w_m_feedback__Q2_7project26BLDCDriveAndControlProjectFf</name>
         <value>0x90af</value>
         <object_component_ref idref="oc-1b0"/>
      </symbol>
      <symbol id="sm-579">
         <name>_w_m_y1__7project</name>
         <value>0xae04</value>
         <object_component_ref idref="oc-13e"/>
      </symbol>
      <symbol id="sm-57a">
         <name>_i_in_y1__7project</name>
         <value>0xae08</value>
         <object_component_ref idref="oc-13e"/>
      </symbol>
      <symbol id="sm-57b">
         <name>_captured_ticks__7project</name>
         <value>0xae0a</value>
         <object_component_ref idref="oc-13e"/>
      </symbol>
      <symbol id="sm-57c">
         <name>_pwm__7project</name>
         <value>0xae40</value>
         <object_component_ref idref="oc-13e"/>
      </symbol>
      <symbol id="sm-57d">
         <name>_circuit_data__7project</name>
         <value>0xae10</value>
         <object_component_ref idref="oc-13e"/>
      </symbol>
      <symbol id="sm-57e">
         <name>_ecap__7project</name>
         <value>0xae16</value>
         <object_component_ref idref="oc-13e"/>
      </symbol>
      <symbol id="sm-58f">
         <name>_PI__F6PI_CTSPffN22T3</name>
         <value>0x926d</value>
         <object_component_ref idref="oc-1bc"/>
      </symbol>
      <symbol id="sm-5b6">
         <name>_set_interrupt__Q2_11peripherals8EcapProjFPFKv_vUi</name>
         <value>0x8663</value>
         <object_component_ref idref="oc-1b2"/>
      </symbol>
      <symbol id="sm-5b8">
         <name>_init_delta_mode__Q2_11peripherals8EcapProjFUi</name>
         <value>0x85b2</value>
         <object_component_ref idref="oc-1b2"/>
      </symbol>
      <symbol id="sm-5ba">
         <name>___ct__Q2_11peripherals8EcapProjFv</name>
         <value>0x8585</value>
         <object_component_ref idref="oc-1b2"/>
      </symbol>
      <symbol id="sm-5bc">
         <name>_get_period__Q2_11peripherals8EcapProjFUi</name>
         <value>0x86f4</value>
         <object_component_ref idref="oc-1b2"/>
      </symbol>
      <symbol id="sm-5be">
         <name>_set_gpio__Q2_11peripherals8EcapProjFUiT1</name>
         <value>0x8620</value>
         <object_component_ref idref="oc-1b2"/>
      </symbol>
      <symbol id="sm-5c0">
         <name>_enable_interrupt__Q2_11peripherals8EcapProjFv</name>
         <value>0x86b8</value>
         <object_component_ref idref="oc-1b2"/>
      </symbol>
      <symbol id="sm-5c2">
         <name>_clear_interrupt_flag__Q2_11peripherals8EcapProjFUi</name>
         <value>0x8702</value>
         <object_component_ref idref="oc-1b2"/>
      </symbol>
      <symbol id="sm-5d1">
         <name>_set_interrupt__FPVPFKv_vPFKv_vUiPVUiT3</name>
         <value>0x92e9</value>
         <object_component_ref idref="oc-1c0"/>
      </symbol>
      <symbol id="sm-5d3">
         <name>_powi__FfUs</name>
         <value>0x92fb</value>
         <object_component_ref idref="oc-1c0"/>
      </symbol>
      <symbol id="sm-622">
         <name>_setSynchronizationWithModule1__Q2_11peripherals7PwmProjFUib</name>
         <value>0xb559</value>
         <object_component_ref idref="oc-1b1"/>
      </symbol>
      <symbol id="sm-624">
         <name>___CPR94__set_pwm_configuration__Q2_11peripherals7PwmProjFQ3_J26JJ39J20PresetConfigurations</name>
         <value>0xb067</value>
         <object_component_ref idref="oc-1b1"/>
      </symbol>
      <symbol id="sm-626">
         <name>_set_interrupt__Q2_11peripherals7PwmProjFPFKv_vUi</name>
         <value>0xb287</value>
         <object_component_ref idref="oc-1b1"/>
      </symbol>
      <symbol id="sm-628">
         <name>_enable_interrupt__Q2_11peripherals7PwmProjFv</name>
         <value>0xb340</value>
         <object_component_ref idref="oc-1b1"/>
      </symbol>
      <symbol id="sm-62a">
         <name>_init_pwm_triangle_interrupt_on_zero__Q2_11peripherals7PwmProjFUi</name>
         <value>0xb3b2</value>
         <object_component_ref idref="oc-1b1"/>
      </symbol>
      <symbol id="sm-62c">
         <name>_init__Q2_11peripherals7PwmProjFv</name>
         <value>0xb07d</value>
         <object_component_ref idref="oc-1b1"/>
      </symbol>
      <symbol id="sm-62e">
         <name>_enable_pwm_output__Q2_11peripherals7PwmProjFUi</name>
         <value>0xb318</value>
         <object_component_ref idref="oc-1b1"/>
      </symbol>
      <symbol id="sm-630">
         <name>_config_pwm_divs__Q2_11peripherals7PwmProjFUiN21</name>
         <value>0xb09d</value>
         <object_component_ref idref="oc-1b1"/>
      </symbol>
      <symbol id="sm-632">
         <name>_disable_pwm_output__Q2_11peripherals7PwmProjFUi</name>
         <value>0xb32c</value>
         <object_component_ref idref="oc-1b1"/>
      </symbol>
      <symbol id="sm-634">
         <name>_set_pwm_value__Q2_11peripherals7PwmProjFUif</name>
         <value>0xb151</value>
         <object_component_ref idref="oc-1b1"/>
      </symbol>
      <symbol id="sm-636">
         <name>_set_gpio__Q2_11peripherals7PwmProjFUi</name>
         <value>0xb178</value>
         <object_component_ref idref="oc-1b1"/>
      </symbol>
      <symbol id="sm-638">
         <name>_set_switching_frequency_Hz__Q2_11peripherals7PwmProjFUif</name>
         <value>0xb10f</value>
         <object_component_ref idref="oc-1b1"/>
      </symbol>
      <symbol id="sm-63a">
         <name>___ct__Q2_11peripherals7PwmProjFv</name>
         <value>0xb000</value>
         <object_component_ref idref="oc-1b1"/>
      </symbol>
      <symbol id="sm-64d">
         <name>_scia_init__Fv</name>
         <value>0x878d</value>
         <object_component_ref idref="oc-1af"/>
      </symbol>
      <symbol id="sm-64f">
         <name>_setup_baud__Ff</name>
         <value>0x871c</value>
         <object_component_ref idref="oc-1af"/>
      </symbol>
      <symbol id="sm-651">
         <name>_sendData__FPvi</name>
         <value>0x8793</value>
         <object_component_ref idref="oc-1af"/>
      </symbol>
      <symbol id="sm-653">
         <name>_receiveData__FPvi</name>
         <value>0x87a8</value>
         <object_component_ref idref="oc-1af"/>
      </symbol>
      <symbol id="sm-655">
         <name>_scia_com_init__Fv</name>
         <value>0x8761</value>
         <object_component_ref idref="oc-1af"/>
      </symbol>
      <symbol id="sm-657">
         <name>_scia_fifo_init__Fi</name>
         <value>0x8774</value>
         <object_component_ref idref="oc-1af"/>
      </symbol>
      <symbol id="sm-668">
         <name>___nw__FUl</name>
         <value>0x935b</value>
         <object_component_ref idref="oc-1b7"/>
      </symbol>
      <symbol id="sm-675">
         <name>___default_new_handler__Fv</name>
         <value>0x87fd</value>
         <object_component_ref idref="oc-1c3"/>
      </symbol>
      <symbol id="sm-680">
         <name>__new_handler</name>
         <value>0xadde</value>
         <object_component_ref idref="oc-16b"/>
      </symbol>
      <symbol id="sm-69b">
         <name>_c_int00</name>
         <value>0x9217</value>
         <object_component_ref idref="oc-91"/>
      </symbol>
      <symbol id="sm-69c">
         <name>__stack</name>
         <value>0x400</value>
         <object_component_ref idref="oc-16d"/>
      </symbol>
      <symbol id="sm-6ad">
         <name>FS$$DIV</name>
         <value>0x8f37</value>
         <object_component_ref idref="oc-173"/>
      </symbol>
      <symbol id="sm-6bc">
         <name>_copy_in</name>
         <value>0x9337</value>
         <object_component_ref idref="oc-1ab"/>
      </symbol>
      <symbol id="sm-6ce">
         <name>_memcpy</name>
         <value>0x937c</value>
         <object_component_ref idref="oc-1b4"/>
      </symbol>
      <symbol id="sm-6db">
         <name>__system_pre_init</name>
         <value>0x87fb</value>
         <object_component_ref idref="oc-1aa"/>
      </symbol>
      <symbol id="sm-6e9">
         <name>__system_post_cinit</name>
         <value>0x87fe</value>
         <object_component_ref idref="oc-1ac"/>
      </symbol>
      <symbol id="sm-6fe">
         <name>C$$EXIT</name>
         <value>0x8fbf</value>
         <object_component_ref idref="oc-1ae"/>
      </symbol>
      <symbol id="sm-6ff">
         <name>_exit</name>
         <value>0x8fc1</value>
         <object_component_ref idref="oc-1ae"/>
      </symbol>
      <symbol id="sm-701">
         <name>___TI_cleanup_ptr</name>
         <value>0xadd2</value>
         <object_component_ref idref="oc-18e"/>
      </symbol>
      <symbol id="sm-702">
         <name>___TI_enable_exit_profile_output</name>
         <value>0xadd0</value>
         <object_component_ref idref="oc-18e"/>
      </symbol>
      <symbol id="sm-703">
         <name>_abort</name>
         <value>0x8fbf</value>
         <object_component_ref idref="oc-1ae"/>
      </symbol>
      <symbol id="sm-705">
         <name>___TI_dtors_ptr</name>
         <value>0xadd4</value>
         <object_component_ref idref="oc-18e"/>
      </symbol>
      <symbol id="sm-719">
         <name>__unlock</name>
         <value>0xaddc</value>
         <object_component_ref idref="oc-1c6"/>
      </symbol>
      <symbol id="sm-71a">
         <name>__lock</name>
         <value>0xadda</value>
         <object_component_ref idref="oc-1b5"/>
      </symbol>
      <symbol id="sm-71b">
         <name>__register_lock</name>
         <value>0xb7fb</value>
         <object_component_ref idref="oc-1c1"/>
      </symbol>
      <symbol id="sm-71d">
         <name>__nop</name>
         <value>0xb7ff</value>
         <object_component_ref idref="oc-1c1"/>
      </symbol>
      <symbol id="sm-71f">
         <name>__register_unlock</name>
         <value>0xb7f7</value>
         <object_component_ref idref="oc-1c1"/>
      </symbol>
      <symbol id="sm-72f">
         <name>__args_main</name>
         <value>0xb7e5</value>
         <object_component_ref idref="oc-1ad"/>
      </symbol>
      <symbol id="sm-78d">
         <name>__sys_memory</name>
         <value>0xa800</value>
         <object_component_ref idref="oc-1a0"/>
      </symbol>
      <symbol id="sm-78e">
         <name>___TI_heap_total_available</name>
         <value>0x8efb</value>
         <object_component_ref idref="oc-1c4"/>
      </symbol>
      <symbol id="sm-790">
         <name>_realloc</name>
         <value>0x8da0</value>
         <object_component_ref idref="oc-1c4"/>
      </symbol>
      <symbol id="sm-792">
         <name>___TI_heap_check</name>
         <value>0x8f35</value>
         <object_component_ref idref="oc-1c4"/>
      </symbol>
      <symbol id="sm-794">
         <name>_free</name>
         <value>0x8cd6</value>
         <object_component_ref idref="oc-1c4"/>
      </symbol>
      <symbol id="sm-796">
         <name>_memalign</name>
         <value>0x8e55</value>
         <object_component_ref idref="oc-1c4"/>
      </symbol>
      <symbol id="sm-797">
         <name>_calloc</name>
         <value>0x8e28</value>
         <object_component_ref idref="oc-1c4"/>
      </symbol>
      <symbol id="sm-799">
         <name>_malloc</name>
         <value>0x8cab</value>
         <object_component_ref idref="oc-1c4"/>
      </symbol>
      <symbol id="sm-79b">
         <name>_aligned_alloc</name>
         <value>0x8e55</value>
         <object_component_ref idref="oc-1c4"/>
      </symbol>
      <symbol id="sm-79d">
         <name>_minit</name>
         <value>0x8e24</value>
         <object_component_ref idref="oc-1c4"/>
      </symbol>
      <symbol id="sm-79f">
         <name>___TI_heap_largest_available</name>
         <value>0x8f18</value>
         <object_component_ref idref="oc-1c4"/>
      </symbol>
      <symbol id="sm-7ae">
         <name>_memset</name>
         <value>0x8fe8</value>
         <object_component_ref idref="oc-1c7"/>
      </symbol>
   </symbol_table>
   <title>Link successful</title>
</link_info>
