******************************************************************************
             TMS320C2000 Linker PC v25.11.0                    
******************************************************************************
>> Linked Tue May 19 15:04:38 2026

OUTPUT FILE NAME:   <sci_echoback_micro_proc.out>
ENTRY POINT SYMBOL: "code_start"  address: 00000000


MEMORY CONFIGURATION

         name            origin    length      used     unused   attr    fill
----------------------  --------  ---------  --------  --------  ----  --------
PAGE 0:
  BEGIN                 00000000   00000002  00000002  00000000  RWIX
  RAMM0                 00000123   000002dd  00000016  000002c7  RWIX
  RAMLS0                00008000   00000800  000006dd  00000123  RWIX
  RAMLS1                00008800   00000800  00000000  00000800  RWIX
  RAMLS2                00009000   00000800  00000000  00000800  RWIX
  RAMLS3                00009800   00000800  00000000  00000800  RWIX
  RAMLS4                0000a000   00000800  00000000  00000800  RWIX
  RAMD0                 0000b000   00000800  00000800  00000000  RWIX
  FLASHA                00080002   00001ffe  00000000  00001ffe  RWIX
  FLASHB                00082000   00002000  00000000  00002000  RWIX
  FLASHC                00084000   00002000  00000000  00002000  RWIX
  FLASHD                00086000   00002000  00000000  00002000  RWIX
  FLASHE                00088000   00008000  00000000  00008000  RWIX
  FLASHF                00090000   00008000  00000000  00008000  RWIX
  FLASHG                00098000   00008000  00000000  00008000  RWIX
  FLASHH                000a0000   00008000  00000000  00008000  RWIX
  FLASHI                000a8000   00008000  00000000  00008000  RWIX
  FLASHJ                000b0000   00008000  00000000  00008000  RWIX
  FLASHK                000b8000   00002000  00000000  00002000  RWIX
  FLASHL                000ba000   00002000  00000000  00002000  RWIX
  FLASHM                000bc000   00002000  00000000  00002000  RWIX
  FLASHN                000be000   00001ff0  00000000  00001ff0  RWIX
  RESET                 003fffc0   00000002  00000000  00000002  RWIX

PAGE 1:
  BOOT_RSVD             00000002   00000121  00000000  00000121  RWIX
  RAMM1                 00000400   000003f8  00000100  000002f8  RWIX
  RAMLS5                0000a800   00000800  000002a1  0000055f  RWIX
  RAMD1                 0000b800   00000800  00000000  00000800  RWIX
  RAMGS0                0000c000   00001000  00000000  00001000  RWIX
  RAMGS1                0000d000   00001000  00000000  00001000  RWIX
  RAMGS2                0000e000   00001000  00000000  00001000  RWIX
  RAMGS3                0000f000   00001000  00000000  00001000  RWIX
  RAMGS4                00010000   00001000  00000000  00001000  RWIX
  RAMGS5                00011000   00001000  00000000  00001000  RWIX
  RAMGS6                00012000   00001000  00000000  00001000  RWIX
  RAMGS7                00013000   00001000  00000000  00001000  RWIX
  RAMGS8                00014000   00001000  00000000  00001000  RWIX
  RAMGS9                00015000   00001000  00000000  00001000  RWIX
  RAMGS10               00016000   00001000  00000000  00001000  RWIX
  RAMGS11               00017000   00001000  00000000  00001000  RWIX
  RAMGS12               00018000   00001000  00000000  00001000  RWIX
  RAMGS13               00019000   00001000  00000000  00001000  RWIX
  RAMGS14               0001a000   00001000  00000000  00001000  RWIX
  RAMGS15               0001b000   00000ff8  00000000  00000ff8  RWIX
  CPU2TOCPU1RAM         0003f800   00000400  00000000  00000400  RWIX
  CPU1TOCPU2RAM         0003fc00   00000400  00000000  00000400  RWIX
  CANA_MSG_RAM          00049000   00000800  00000000  00000800  RWIX
  CANB_MSG_RAM          0004b000   00000800  00000000  00000800  RWIX


SECTION ALLOCATION MAP

 output                                  attributes/
section   page    origin      length       input sections
--------  ----  ----------  ----------   ----------------
codestart 
*          0    00000000    00000002     
                  00000000    00000002     F2837xD_CodeStartBranch.obj (codestart)

.cinit     0    00000128    00000012     
                  00000128    0000000a     (.cinit..data.load) [load image, compression = lzss]
                  00000132    00000004     (__TI_handler_table)
                  00000136    00000004     (__TI_cinit_table)

.reset     0    003fffc0    00000000     DSECT

.stack     1    00000400    00000100     UNINITIALIZED
                  00000400    00000100     --HOLE--

.init_array 
*          0    00000123    00000000     UNINITIALIZED

.const     1    0000a800    0000028b     
                  0000a800    000000c2     driverlib_eabi.lib : sysctl.obj (.const:.string)
                  0000a8c2    000000bc                        : gpio.obj (.const:.string)
                  0000a97e    000000bb                        : sci.obj (.const:.string)
                  0000aa39    00000001     --HOLE-- [fill = 0]
                  0000aa3a    0000003e     sci_ex3_echoback.obj (.const:.string)
                  0000aa78    00000013     device.obj (.const:.string)

.data      1    0000aa8c    00000016     UNINITIALIZED
                  0000aa8c    00000006     device.obj (.data)
                  0000aa92    00000006     rts2800_fpu32_eabi.lib : exit.c.obj (.data)
                  0000aa98    00000006     sci_ex3_echoback.obj (.data)
                  0000aa9e    00000002     rts2800_fpu32_eabi.lib : _lock.c.obj (.data:_lock)
                  0000aaa0    00000002                            : _lock.c.obj (.data:_unlock)

.TI.ramfunc 
*          0    00000123    00000004     
                  00000123    00000004     driverlib_eabi.lib : sysctl.obj (.TI.ramfunc)

GETBUFFER 
*          0    0003f800    00000000     DSECT

GETWRITEIDX 
*          0    0003f800    00000000     DSECT

PUTREADIDX 
*          0    0003f800    00000000     DSECT

.text.1    0    00008000    000006dd     
                  00008000    00000209     driverlib_eabi.lib : sysctl.obj (.text:SysCtl_setClock)
                  00008209    00000051                        : sysctl.obj (.text:SysCtl_getClock)
                  0000825a    00000048                        : sysctl.obj (.text:SysCtl_selectOscSource)
                  000082a2    00000045                        : sci.obj (.text:SCI_clearInterruptStatus)
                  000082e7    0000003e                        : sci.obj (.text:SCI_setConfig)
                  00008325    0000003d                        : interrupt.obj (.text:Interrupt_initModule)
                  00008362    00000037                        : gpio.obj (.text:GPIO_setControllerCore)
                  00008399    00000037                        : gpio.obj (.text:GPIO_setPinConfig)
                  000083d0    00000037                        : gpio.obj (.text:GPIO_setQualificationMode)
                  00008407    00000031                        : gpio.obj (.text:GPIO_setDirectionMode)
                  00008438    0000002e     rts2800_fpu32_eabi.lib : copy_decompress_lzss.c.obj (.text:decompress:lzss)
                  00008466    0000002b                            : autoinit.c.obj (.text:__TI_auto_init_nobinit_nopinit)
                  00008491    00000029                            : exit.c.obj (.text)
                  000084ba    00000028     driverlib_eabi.lib : sysctl.obj (.text:CPUTimer_selectClockSource)
                  000084e2    00000020     rts2800_fpu32_eabi.lib : memcpy.c.obj (.text)
                  00008502    0000001f     driverlib_eabi.lib : sysctl.obj (.text:CPUTimer_getTimerOverflowStatus)
                  00008521    0000001e                        : interrupt.obj (.text:Interrupt_initVectorTable)
                  0000853f    0000001b                        : sci.obj (.text:SCI_isBaseValid)
                  0000855a    0000001a                        : sysctl.obj (.text:CPUTimer_startTimer)
                  00008574    0000001a                        : sysctl.obj (.text:SysCtl_getLowSpeedClock)
                  0000858e    00000018                        : sci.obj (.text:SCI_disableModule)
                  000085a6    00000018                        : sci.obj (.text:SCI_performSoftwareReset)
                  000085be    00000017                        : sysctl.obj (.text:CPUTimer_isBaseValid)
                  000085d5    00000017     rts2800_fpu32_eabi.lib : boot28.asm.obj (.text)
                  000085ec    00000016     driverlib_eabi.lib : interrupt.obj (.text:Interrupt_defaultHandler)
                  00008602    00000014                        : sysctl.obj (.text:CPUTimer_stopTimer)
                  00008616    00000013                        : sci.obj (.text:SCI_enableModule)
                  00008629    00000012                        : sysctl.obj (.text:CPUTimer_clearOverflowFlag)
                  0000863b    00000012                        : sysctl.obj (.text:CPUTimer_disableInterrupt)
                  0000864d    00000012     rts2800_fpu32_eabi.lib : args_main.c.obj (.text)
                  0000865f    00000011     driverlib_eabi.lib : sysctl.obj (.text:CPUTimer_setPeriod)
                  00008670    0000000f                        : sysctl.obj (.text:SysCtl_pollCpuTimer)
                  0000867f    0000000e                        : gpio.obj (.text:GPIO_isPinValid)
                  0000868d    0000000d                        : interrupt.obj (.text:Interrupt_disableGlobal)
                  0000869a    0000000b                        : sysctl.obj (.text:SysCtl_isMCDClockFailureDetected)
                  000086a5    0000000a                        : interrupt.obj (.text:Interrupt_illegalOperationHandler)
                  000086af    0000000a                        : interrupt.obj (.text:Interrupt_nmiHandler)
                  000086b9    00000009                        : sysctl.obj (.text:SysCtl_serviceWatchdog)
                  000086c2    00000009     rts2800_fpu32_eabi.lib : _lock.c.obj (.text)
                  000086cb    00000008                            : copy_decompress_none.c.obj (.text:decompress:none)
                  000086d3    00000007     driverlib_eabi.lib : sysctl.obj (.text:SysCtl_resetMCD)
                  000086da    00000002     rts2800_fpu32_eabi.lib : pre_init.c.obj (.text)
                  000086dc    00000001                            : startup.c.obj (.text)

.text.2    0    0000b000    00000800     
                  0000b000    000003fd     device.obj (.text)
                  0000b3fd    00000229     sci_ex3_echoback.obj (.text)
                  0000b626    00000090     driverlib_eabi.lib : sysctl.obj (.text:SysCtl_selectXTAL)
                  0000b6b6    00000088     rts2800_fpu32_eabi.lib : fs_div28.asm.obj (.text)
                  0000b73e    00000068     driverlib_eabi.lib : sysctl.obj (.text:SysCtl_getDeviceParametric)
                  0000b7a6    00000052                        : gpio.obj (.text:GPIO_setPadConfig)
                  0000b7f8    00000008     F2837xD_CodeStartBranch.obj (.text)

MODULE SUMMARY

       Module                        code   ro data   rw data
       ------                        ----   -------   -------
    .\
       sci_ex3_echoback.obj          553    62        6      
    +--+-----------------------------+------+---------+---------+
       Total:                        553    62        6      
                                                             
    .\device\
       device.obj                    1021   19        6      
       F2837xD_CodeStartBranch.obj   10     0         0      
    +--+-----------------------------+------+---------+---------+
       Total:                        1031   19        6      
                                                             
    C:\ti\C2000Ware_26_00_00_00\driverlib\f2837xd\driverlib\ccs\Debug\driverlib_eabi.lib
       sysctl.obj                    1187   194       0      
       gpio.obj                      310    188       0      
       sci.obj                       225    187       0      
       interrupt.obj                 146    0         0      
    +--+-----------------------------+------+---------+---------+
       Total:                        1868   569       0      
                                                             
    C:\ti\ccs2051\ccs\tools\compiler\ti-cgt-c2000_25.11.0.LTS\lib\rts2800_fpu32_eabi.lib
       fs_div28.asm.obj              136    0         0      
       exit.c.obj                    41     0         6      
       copy_decompress_lzss.c.obj    46     0         0      
       autoinit.c.obj                43     0         0      
       memcpy.c.obj                  32     0         0      
       boot28.asm.obj                23     0         0      
       args_main.c.obj               18     0         0      
       _lock.c.obj                   9      0         4      
       copy_decompress_none.c.obj    8      0         0      
       pre_init.c.obj                2      0         0      
       startup.c.obj                 1      0         0      
    +--+-----------------------------+------+---------+---------+
       Total:                        359    0         10     
                                                             
       Stack:                        0      0         256    
       Linker Generated:             0      18        0      
    +--+-----------------------------+------+---------+---------+
       Grand Total:                  3811   668       278    


LINKER GENERATED COPY TABLES

__TI_cinit_table @ 00000136 records: 1, size/record: 4, table size: 4
	.data: load addr=00000128, load size=0000000a bytes, run addr=0000aa8c, run size=00000016 bytes, compression=lzss


LINKER GENERATED HANDLER TABLE

__TI_handler_table @ 00000132 records: 2, size/record: 2, table size: 4
	index: 0, handler: __TI_decompress_lzss
	index: 1, handler: __TI_decompress_none


GLOBAL DATA SYMBOLS: SORTED BY DATA PAGE

address     data page           name
--------    ----------------    ----
00000400      10 (00000400)     __stack

0000aa8c     2aa (0000aa80)     Example_Result
0000aa8e     2aa (0000aa80)     Example_PassCount
0000aa90     2aa (0000aa80)     Example_Fail
0000aa92     2aa (0000aa80)     __TI_enable_exit_profile_output
0000aa94     2aa (0000aa80)     __TI_cleanup_ptr
0000aa96     2aa (0000aa80)     __TI_dtors_ptr
0000aa98     2aa (0000aa80)     loopCounter
0000aa9a     2aa (0000aa80)     u1
0000aa9c     2aa (0000aa80)     y1
0000aa9e     2aa (0000aa80)     _lock
0000aaa0     2aa (0000aa80)     _unlock


GLOBAL SYMBOLS: SORTED ALPHABETICALLY BY Name 

page  address   name                                     
----  -------   ----                                     
0     00008491  C$$EXIT                                  
0     0000b271  Device_bootCPU2                          
0     0000b240  Device_configureTMXAnalogTrim            
0     0000b0ee  Device_enableAllPeripherals              
0     0000b22a  Device_enableUnbondedGPIOPullups         
0     0000b20d  Device_enableUnbondedGPIOPullupsFor100Pin
0     0000b1fa  Device_enableUnbondedGPIOPullupsFor176Pin
0     0000b0ae  Device_init                              
0     0000b1d9  Device_initGPIO                          
1     0000aa90  Example_Fail                             
1     0000aa8e  Example_PassCount                        
1     0000aa8c  Example_Result                           
0     0000b3fc  Example_done                             
0     0000b3f7  Example_setResultFail                    
0     0000b3f2  Example_setResultPass                    
0     00008362  GPIO_setControllerCore                   
0     00008407  GPIO_setDirectionMode                    
0     0000b7a6  GPIO_setPadConfig                        
0     00008399  GPIO_setPinConfig                        
0     000083d0  GPIO_setQualificationMode                
0     000085ec  Interrupt_defaultHandler                 
0     000086a5  Interrupt_illegalOperationHandler        
0     00008325  Interrupt_initModule                     
0     00008521  Interrupt_initVectorTable                
0     000086af  Interrupt_nmiHandler                     
0     0000b59f  PI_c                                     
0     000082a2  SCI_clearInterruptStatus                 
0     0000b54f  SCI_readStruct                           
0     000082e7  SCI_setConfig                            
0     0000b576  SCI_writeStruct                          
0     00000123  SysCtl_delay                             
0     00008209  SysCtl_getClock                          
0     0000b73e  SysCtl_getDeviceParametric               
0     00008574  SysCtl_getLowSpeedClock                  
0     0000825a  SysCtl_selectOscSource                   
0     0000b626  SysCtl_selectXTAL                        
0     00008000  SysCtl_setClock                          
0     00000136  __TI_CINIT_Base                          
0     0000013a  __TI_CINIT_Limit                         
0     0000013a  __TI_CINIT_Warm                          
0     00000132  __TI_Handler_Table_Base                  
0     00000136  __TI_Handler_Table_Limit                 
1     00000500  __TI_STACK_END                           
abs   00000100  __TI_STACK_SIZE                          
0     00008466  __TI_auto_init_nobinit_nopinit           
1     0000aa94  __TI_cleanup_ptr                         
0     00008438  __TI_decompress_lzss                     
0     000086cb  __TI_decompress_none                     
1     0000aa96  __TI_dtors_ptr                           
1     0000aa92  __TI_enable_exit_profile_output          
abs   ffffffff  __TI_pprof_out_hndl                      
abs   ffffffff  __TI_prof_data_size                      
abs   ffffffff  __TI_prof_data_start                     
0     0000b6b6  __c28xabi_divf                           
abs   ffffffff  __c_args__                               
0     0000b3eb  __error__                                
1     00000400  __stack                                  
0     0000864d  _args_main                               
0     000085d5  _c_int00                                 
1     0000aa9e  _lock                                    
0     000086ca  _nop                                     
0     000086c6  _register_lock                           
0     000086c2  _register_unlock                         
0     000086dc  _system_post_cinit                       
0     000086da  _system_pre_init                         
1     0000aaa0  _unlock                                  
0     00008491  abort                                    
0     0000b547  checkSCIError                            
0     00000000  code_start                               
0     00008493  exit                                     
1     0000aa98  loopCounter                              
0     0000b5db  main                                     
0     000084e2  memcpy                                   
0     0000b4e0  startup                                  
1     0000aa9a  u1                                       
1     0000aa9c  y1                                       


GLOBAL SYMBOLS: SORTED BY Symbol Address 

page  address   name                                     
----  -------   ----                                     
0     00000000  code_start                               
0     00000123  SysCtl_delay                             
0     00000132  __TI_Handler_Table_Base                  
0     00000136  __TI_CINIT_Base                          
0     00000136  __TI_Handler_Table_Limit                 
0     0000013a  __TI_CINIT_Limit                         
0     0000013a  __TI_CINIT_Warm                          
0     00008000  SysCtl_setClock                          
0     00008209  SysCtl_getClock                          
0     0000825a  SysCtl_selectOscSource                   
0     000082a2  SCI_clearInterruptStatus                 
0     000082e7  SCI_setConfig                            
0     00008325  Interrupt_initModule                     
0     00008362  GPIO_setControllerCore                   
0     00008399  GPIO_setPinConfig                        
0     000083d0  GPIO_setQualificationMode                
0     00008407  GPIO_setDirectionMode                    
0     00008438  __TI_decompress_lzss                     
0     00008466  __TI_auto_init_nobinit_nopinit           
0     00008491  C$$EXIT                                  
0     00008491  abort                                    
0     00008493  exit                                     
0     000084e2  memcpy                                   
0     00008521  Interrupt_initVectorTable                
0     00008574  SysCtl_getLowSpeedClock                  
0     000085d5  _c_int00                                 
0     000085ec  Interrupt_defaultHandler                 
0     0000864d  _args_main                               
0     000086a5  Interrupt_illegalOperationHandler        
0     000086af  Interrupt_nmiHandler                     
0     000086c2  _register_unlock                         
0     000086c6  _register_lock                           
0     000086ca  _nop                                     
0     000086cb  __TI_decompress_none                     
0     000086da  _system_pre_init                         
0     000086dc  _system_post_cinit                       
0     0000b0ae  Device_init                              
0     0000b0ee  Device_enableAllPeripherals              
0     0000b1d9  Device_initGPIO                          
0     0000b1fa  Device_enableUnbondedGPIOPullupsFor176Pin
0     0000b20d  Device_enableUnbondedGPIOPullupsFor100Pin
0     0000b22a  Device_enableUnbondedGPIOPullups         
0     0000b240  Device_configureTMXAnalogTrim            
0     0000b271  Device_bootCPU2                          
0     0000b3eb  __error__                                
0     0000b3f2  Example_setResultPass                    
0     0000b3f7  Example_setResultFail                    
0     0000b3fc  Example_done                             
0     0000b4e0  startup                                  
0     0000b547  checkSCIError                            
0     0000b54f  SCI_readStruct                           
0     0000b576  SCI_writeStruct                          
0     0000b59f  PI_c                                     
0     0000b5db  main                                     
0     0000b626  SysCtl_selectXTAL                        
0     0000b6b6  __c28xabi_divf                           
0     0000b73e  SysCtl_getDeviceParametric               
0     0000b7a6  GPIO_setPadConfig                        
1     00000400  __stack                                  
1     00000500  __TI_STACK_END                           
1     0000aa8c  Example_Result                           
1     0000aa8e  Example_PassCount                        
1     0000aa90  Example_Fail                             
1     0000aa92  __TI_enable_exit_profile_output          
1     0000aa94  __TI_cleanup_ptr                         
1     0000aa96  __TI_dtors_ptr                           
1     0000aa98  loopCounter                              
1     0000aa9a  u1                                       
1     0000aa9c  y1                                       
1     0000aa9e  _lock                                    
1     0000aaa0  _unlock                                  
abs   00000100  __TI_STACK_SIZE                          
abs   ffffffff  __TI_pprof_out_hndl                      
abs   ffffffff  __TI_prof_data_size                      
abs   ffffffff  __TI_prof_data_start                     
abs   ffffffff  __c_args__                               

[76 symbols]
